> Task :app:preBuild UP-TO-DATE
> Task :app:preDebugBuild UP-TO-DATE
> Task :app:mergeDebugNativeDebugMetadata NO-SOURCE
> Task :app:checkKotlinGradlePluginConfigurationErrors SKIPPED
> Task :app:generateDebugBuildConfig UP-TO-DATE
> Task :app:checkDebugAarMetadata UP-TO-DATE
> Task :app:processDebugNavigationResources UP-TO-DATE
> Task :app:compileDebugNavigationResources UP-TO-DATE
> Task :app:generateDebugResValues UP-TO-DATE
> Task :app:mapDebugSourceSetPaths UP-TO-DATE
> Task :app:generateDebugResources UP-TO-DATE
> Task :app:mergeDebugResources UP-TO-DATE
> Task :app:packageDebugResources UP-TO-DATE
> Task :app:parseDebugLocalResources UP-TO-DATE
> Task :app:createDebugCompatibleScreenManifests UP-TO-DATE
> Task :app:extractDeepLinksDebug UP-TO-DATE
> Task :app:processDebugMainManifest UP-TO-DATE
> Task :app:processDebugManifest UP-TO-DATE
> Task :app:processDebugManifestForPackage UP-TO-DATE
> Task :app:processDebugResources UP-TO-DATE
> Task :app:kspDebugKotlin UP-TO-DATE
> Task :app:javaPreCompileDebug UP-TO-DATE
> Task :app:mergeDebugShaders UP-TO-DATE
> Task :app:compileDebugShaders NO-SOURCE
> Task :app:generateDebugAssets UP-TO-DATE
> Task :app:mergeDebugAssets UP-TO-DATE
> Task :app:compressDebugAssets UP-TO-DATE
> Task :app:desugarDebugFileDependencies UP-TO-DATE
> Task :app:checkDebugDuplicateClasses UP-TO-DATE
> Task :app:mergeExtDexDebug UP-TO-DATE
> Task :app:mergeLibDexDebug UP-TO-DATE
> Task :app:mergeDebugJniLibFolders UP-TO-DATE
> Task :app:mergeDebugNativeLibs UP-TO-DATE
> Task :app:stripDebugDebugSymbols UP-TO-DATE
> Task :app:validateSigningDebug UP-TO-DATE
> Task :app:writeDebugAppMetadata UP-TO-DATE
> Task :app:writeDebugSigningConfigVersions UP-TO-DATE

> Task :app:compileDebugKotlin FAILED
.\gradlew.bat : e: file:///C:/Users/josel/AndroidStudioProjects/AppMovil/app_ajicolor_backend_node/app/src/main/java/com/example/appajicolorgrupo4/ui/screens/NotificationScreen.kt:50:9 No value passed for parameter 
'onLogoutClick'.
En línea: 1 Carácter: 80
+ ... app_ajicolor_backend_node" ; .\gradlew.bat assembleDebug 2>&1 | Out-F ...
+                                  ~~~~~~~~~~~~~~~~~~~~~~~~~~~~~~~~
    + CategoryInfo          : NotSpecified: (e: file:///C:/U...onLogoutClick'.:String) [], RemoteException
    + FullyQualifiedErrorId : NativeCommandError
 
e: file:///C:/Users/josel/AndroidStudioProjects/AppMovil/app_ajicolor_backend_node/app/src/main/java/com/example/appajicolorgrupo4/ui/screens/NotificationScreen.kt:52:9 @Composable invocations can only happen from the context 
of a @Composable function
e: file:///C:/Users/josel/AndroidStudioProjects/AppMovil/app_ajicolor_backend_node/app/src/main/java/com/example/appajicolorgrupo4/ui/screens/PaymentMethodsScreen.kt:101:37 No value passed for parameter 'notasAdicionales'.
e: file:///C:/Users/josel/AndroidStudioProjects/AppMovil/app_ajicolor_backend_node/app/src/main/java/com/example/appajicolorgrupo4/ui/screens/SettingScreen.kt:37:13 No value passed for parameter 'onLogoutClick'.
e: file:///C:/Users/josel/AndroidStudioProjects/AppMovil/app_ajicolor_backend_node/app/src/main/java/com/example/appajicolorgrupo4/ui/screens/SettingScreen.kt:39:13 @Composable invocations can only happen from the context of 
a @Composable function
e: file:///C:/Users/josel/AndroidStudioProjects/AppMovil/app_ajicolor_backend_node/app/src/main/java/com/example/appajicolorgrupo4/ui/state/UsuarioErrores.kt:7:12 Redeclaration:
data class UsuarioErrores : Any
e: file:///C:/Users/josel/AndroidStudioProjects/AppMovil/app_ajicolor_backend_node/app/src/main/java/com/example/appajicolorgrupo4/ui/state/UsuarioUIState.kt:20:12 Redeclaration:
data class UsuarioErrores : Any

FAILURE: Build failed with an exception.

* What went wrong:
Execution failed for task ':app:compileDebugKotlin'.
> A failure occurred while executing org.jetbrains.kotlin.compilerRunner.GradleCompilerRunnerWithWorkers$GradleKotlinCompilerWorkAction
   > Compilation error. See log for more details

* Try:
> Run with --stacktrace option to get the stack trace.
> Run with --info or --debug option to get more log output.
> Run with --scan to get full insights.
> Get more help at https://help.gradle.org.

BUILD FAILED in 4s
32 actionable tasks: 1 executed, 31 up-to-date
