11-29 11:31:47.834 I/FILP/c  ( 7835): uninstallFilters mPackageName: com.example.appajicolorgrupo4
11-29 11:31:47.834 I/ProximityAuth(21073): [RecentAppsMediator] Package added: (user=UserHandle{0}) com.example.appajicolorgrupo4
11-29 11:31:47.835 D/LauncherAppsService( 1162): Calling onPackageRemoved: com.example.appajicolorgrupo4, EXTRA_REPLACING: true
11-29 11:31:47.837 D/SGM:GameManager( 1162): identifyGamePackage. com.example.appajicolorgrupo4, mCurrentUserId: 0, callerUserId: 0, callingMethodInfo: com.samsung.android.game.SemGameManager.isGamePackage(SemGameManager.java:111)
11-29 11:31:47.837 D/SGM:PkgDataHelper( 1162): getGamePkgData(). com.example.appajicolorgrupo4
11-29 11:31:47.837 D/SGM:SemGameManager( 1162): isGamePackage(), pkgName=com.example.appajicolorgrupo4, ret=false
11-29 11:31:47.838 I/Routine@Core[4.7.03.3]: MetadataLoaderJobService(11087): onStartJob: collectPackageInBG - com.example.appajicolorgrupo4
11-29 11:31:47.839 I/Routine@Core[4.7.03.3]: MetadataLoaderJobService(11087): packageName : com.example.appajicolorgrupo4, forced : true
11-29 11:31:47.842 I/Routine@Core[4.7.03.3]: MetadataLoadManager(11087): collect: com.example.appajicolorgrupo4
11-29 11:31:47.842 I/Routine@Core[4.7.03.3]: MetadataLoadManager(11087): collectWithCollectors - Collect Start! package = com.example.appajicolorgrupo4
11-29 11:31:47.847 I/Routine@Core[4.7.03.3]: WatchMetaDataCollector(11087): collect - packageName :com.example.appajicolorgrupo4
11-29 11:31:47.853 I/DWBk    (14860): onPackageAdded : com.example.appajicolorgrupo4
11-29 11:31:47.879 I/Finsky  ( 9947): [81] AIM: AppInfoManager-Perf > ItemModel > CacheSize=0, cacheHitCount=0, cacheMissCount=1, total appsWithNoServerDataCount=0. Missed  in cache (limit 10) : [com.example.appajicolorgrupo4]
11-29 11:31:47.881 I/Finsky  ( 9947): [86] ItemStore: Not cached: com.example.appajicolorgrupo4
11-29 11:31:47.882 D/SGM:GameManager( 1162): identifyGamePackage. com.example.appajicolorgrupo4, mCurrentUserId: 0, callerUserId: 0, callingMethodInfo: com.samsung.android.game.SemGameManager.isGamePackage(SemGameManager.java:111)
11-29 11:31:47.882 D/SGM:PkgDataHelper( 1162): getGamePkgData(). com.example.appajicolorgrupo4
11-29 11:31:47.883 D/SGM:SemGameManager( 1162): isGamePackage(), pkgName=com.example.appajicolorgrupo4, ret=false
11-29 11:31:47.883 I/Pageboost( 1162): appinfo : com.example.appajicolorgrupo4 0 0 0 0
11-29 11:31:47.885 D/SGM:GameManager( 1162): identifyGamePackage. com.example.appajicolorgrupo4, mCurrentUserId: 0, callerUserId: 0, callingMethodInfo: com.samsung.android.game.SemGameManager.isGamePackage(SemGameManager.java:111)
11-29 11:31:47.885 D/SGM:PkgDataHelper( 1162): getGamePkgData(). com.example.appajicolorgrupo4
11-29 11:31:47.885 D/SGM:SemGameManager( 1162): isGamePackage(), pkgName=com.example.appajicolorgrupo4, ret=false
11-29 11:31:47.885 I/Pageboost( 1162): Reset this app info : com.example.appajicolorgrupo4 
11-29 11:31:47.887 W/SQLiteLog(21488): (28) double-quoted string literal: "com.example.appajicolorgrupo4"
11-29 11:31:47.893 I/Pageboost( 1162): add app to global @ runtime: com.example.appajicolorgrupo4
11-29 11:31:47.921 E/Finsky  ( 9947): [85] ItemStore: getItems RPC failed for item com.example.appajicolorgrupo4
11-29 11:31:47.926 I/Finsky  ( 9947): [81] AIM: AppInfoManager-Perf > ItemModel > CacheSize=0, cacheHitCount=0, cacheMissCount=1, total appsWithNoServerDataCount=0. Missed  in cache (limit 10) : [com.example.appajicolorgrupo4]
11-29 11:31:47.927 I/Finsky  ( 9947): [81] ItemStore: Not cached: com.example.appajicolorgrupo4
11-29 11:31:47.942 I/Routine@Core[4.7.03.3]: MetadataLoadManager(11087): doPostCollectionTasks - packageName:com.example.appajicolorgrupo4
11-29 11:31:47.947 E/Finsky  ( 9947): [81] ItemStore: getItems RPC failed for item com.example.appajicolorgrupo4
11-29 11:31:47.958 W/system_server( 1162): ApkAssets: Deleting an ApkAssets object '<empty> and /data/app/~~x_2jB-iclGs01nnaUsp_Bw==/com.example.appajicolorgrupo4-tNZfgUydU6dqujbzTVnKgQ==/base.apk' with 1 weak references
11-29 11:31:47.965 I/SGM:GameManager( 1162): PkgUpdateReceiver, onPackageAdded : com.example.appajicolorgrupo4 userHandle : UserHandle{0} userId : 0
11-29 11:31:47.965 D/SGM:GosNotifyThread( 1162): notifyPackageChangedToGos(), before send intent to GOS. type:15, changeType: 0, pkgName:com.example.appajicolorgrupo4, userHandleId:0
11-29 11:31:47.965 I/SGM:GosNotifyThread( 1162): notifyPackageChangedToGos(), category from pm: com.example.appajicolorgrupo4, [-1/-1]
11-29 11:31:47.968 D/LauncherApps( 1162): onPackageChanged 0,com.example.appajicolorgrupo4
11-29 11:31:47.968 D/LauncherApps(16350): onPackageChanged 0,com.example.appajicolorgrupo4
11-29 11:31:47.968 D/LauncherApps(18822): onPackageChanged 0,com.example.appajicolorgrupo4
11-29 11:31:47.968 I/HoneySpace.PackageOperationTracker(16374): onPackageChanged - com.example.appajicolorgrupo4 UserHandle{0}
11-29 11:31:47.968 I/HoneySpace.FilteredItemProvider[RemovedItems](16374): onPackageChanged: com.example.appajicolorgrupo4 / UserHandle{0}
11-29 11:31:47.968 I/HoneySpace.FilteredItemProvider[RemovedItems](16374): onPackagesSuspended : com.example.appajicolorgrupo4 user : UserHandle{0}
11-29 11:31:47.969 I/GOS:GameIntentService( 7624): onHandleIntent. GameIntentService. type: 15, pkgName: com.example.appajicolorgrupo4
11-29 11:31:47.970 I/HoneySpace.IconCache(16374): remove icon cache & DB : com.example.appajicolorgrupo4 UserHandle{0}
11-29 11:31:47.976 I/AppIconSolution(16374): getThemeIconWithBG called with public API, pkg = com.example.appajicolorgrupo4, mode = 48
11-29 11:31:47.976 I/AppIconSolution(16374): return adaptive icon for com.example.appajicolorgrupo4, isNight = true
11-29 11:31:47.978 I/LauncherActivityInfo(16374): packageName: com.example.appajicolorgrupo4, useThemeIcon: false, height: 288, width: 288, density: 640
11-29 11:31:47.978 I/Routine@Core[4.7.03.3]: MetadataLoaderJobService(11087): metadataLoadingCompleted: collectPackageInBG - com.example.appajicolorgrupo4
11-29 11:31:47.979 I/HoneySpace.HoneySpaceManagerContainer(16374): refreshHoneyPlugin, packageName: com.example.appajicolorgrupo4
11-29 11:31:47.979 I/HoneySpace.IconCache(16374): add icon DB: [com.example.appajicolorgrupo4/.MainActivity#UserHandle{0}] - IconAndLabel(icon=android.graphics.Bitmap@1b9c205, label=AppAjiColorGrupo4) | false | 640 | false
11-29 11:31:47.980 I/HoneySpace.HoneySpacePackageSourceImpl(16374): Package changed : com.example.appajicolorgrupo4
11-29 11:31:47.980 I/SearchableManager(16374): invalidate: com.example.appajicolorgrupo4
11-29 11:31:48.009 D/MetaDataCollector( 1162): onReceive: done pkgName=com.example.appajicolorgrupo4
11-29 11:31:48.009 I/SGM:GameManager( 1162): PkgUpdateReceiver, onPackageReplaced : com.example.appajicolorgrupo4 userID : UserHandle{0}
11-29 11:31:48.009 D/MetaDataCollector( 1162): onReceive: done pkgName=com.example.appajicolorgrupo4
11-29 11:31:48.009 D/SGM:GosNotifyThread( 1162): notifyPackageChangedToGos(), before send intent to GOS. type:15, changeType: 8, pkgName:com.example.appajicolorgrupo4, userHandleId:0
11-29 11:31:48.009 I/SGM:GosNotifyThread( 1162): notifyPackageChangedToGos(), category from pm: com.example.appajicolorgrupo4, [-1/-1]
11-29 11:31:48.011 I/GOS:GameIntentService( 7624): onPackageChanged(). extras: Bundle[{changeType=0, manifestCategory=-1, userId=0, pkgName=com.example.appajicolorgrupo4, type=15, packageName=com.example.appajicolorgrupo4, categoryOverride=-1}]
11-29 11:31:48.012 I/GOS:GameIntentService( 7624): onPackageChanged(). changeType(INSTALLED), pkgName(com.example.appajicolorgrupo4), UserHandle(0), userId(0), Installed(true)
11-29 11:31:48.012 I/GOS:GameIntentService( 7624): onPkgInstalled(), appInfoCategory: null, packageName: com.example.appajicolorgrupo4
11-29 11:31:48.015 I/GOS:GameIntentService( 7624): onHandleIntent. GameIntentService. type: 15, pkgName: com.example.appajicolorgrupo4
11-29 11:31:48.015 I/GOS:GameIntentService( 7624): onPackageChanged(). extras: Bundle[{changeType=8, manifestCategory=-1, userId=0, pkgName=com.example.appajicolorgrupo4, type=15, packageName=com.example.appajicolorgrupo4, categoryOverride=-1}]
11-29 11:31:48.015 I/GOS:GameIntentService( 7624): onPackageChanged(). changeType(REPLACED), pkgName(com.example.appajicolorgrupo4), UserHandle(0), userId(0), Installed(true)
11-29 11:31:48.382 I/SearchEngineAppSuggestion(16374): package changed: com.example.appajicolorgrupo4
11-29 11:31:48.810 I/TileConfigurationStore(18822): updatePackageDataChange : com.example.appajicolorgrupo4, type = 1, tileType = 1
11-29 11:31:48.855 I/TileConfigurationStore(18822): updatePackageDataChange : Complication Tile com.example.appajicolorgrupo4, type = 1
11-29 11:31:48.855 I/AppWidgetDataProvider(18822):  updatePackageChangeData type  1 , pack type 1  ,  pkg com.example.appajicolorgrupo4
11-29 11:32:03.145 W/gle.android.gms(21488): ApkAssets: Deleting an ApkAssets object '<empty> and /data/app/~~4t4i_EMrFUDzGcY5tM6zkg==/com.example.appajicolorgrupo4-J1Pdj17ZB7YHEilc2cun9A==/base.apk' with 1 weak references
11-29 11:32:33.496 I/ActivityManager( 1162): Force stopping com.example.appajicolorgrupo4 appid=10361 user=0: from pid 12384
11-29 11:32:33.502 D/CarrierSvcBindHelper( 2012): onHandleForceStop: [com.example.appajicolorgrupo4]
11-29 11:32:33.504 D/LocationManagerService( 1162): package com.example.appajicolorgrupo4 reset
11-29 11:32:33.752 I/ChimeraSystemEventListener( 1162): appLaunchIntent package name is: com.example.appajicolorgrupo4
11-29 11:32:33.756 V/WindowManager( 1162): Collecting in transition 297: ActivityRecord{232167e u0 com.example.appajicolorgrupo4/.MainActivity, caller=com.android.server.wm.Transition.collect:753 com.android.server.wm.TransitionController.collect:975 com.android.server.wm.ActivityStarter.startActivityUnchecked:2407 com.android.server.wm.ActivityStarter.executeRequest:1959 com.android.server.wm.ActivityStarter.execute:1075 
11-29 11:32:33.757 D/ActivityTaskManager( 1162): TaskLaunchParamsModifier:task=null activity=ActivityRecord{232167e u0 com.example.appajicolorgrupo4/.MainActivity t-1} display-id=0 task-display-area-windowing-mode=1 suggested-display-area=DefaultTaskDisplayArea_d0@193294762
11-29 11:32:33.757 D/ActivityTaskManager( 1162): TaskLaunchParamsModifier:task=null activity=ActivityRecord{232167e u0 com.example.appajicolorgrupo4/.MainActivity t-1} display-id=0 task-display-area-windowing-mode=1 suggested-display-area=DefaultTaskDisplayArea_d0@193294762 non-freeform-task-display-area display-area=DefaultTaskDisplayArea_d0@193294762 default-portrait freeform-size-mismatch=Rect(81, 557 - 999, 1727)
11-29 11:32:33.759 D/ActivityTaskManager( 1162): TaskLaunchParamsModifier:task=Task{5a227df #239 type=standard A=10361:com.example.appajicolorgrupo4} activity=ActivityRecord{232167e u0 com.example.appajicolorgrupo4/.MainActivity t-1} display-from-task=0 display-id=0 task-display-area-windowing-mode=1 suggested-display-area=DefaultTaskDisplayArea_d0@193294762 inherit-from-task=fullscreen non-freeform-task-display-area display-area=DefaultTaskDisplayArea_d0@193294762 default-portrait freeform-size-mismatch=Rect(81, 557 - 999, 1727)
11-29 11:32:33.760 V/WindowManager( 1162): Collecting in transition 297: Task{5a227df #239 type=standard A=10361:com.example.appajicolorgrupo4}, caller=com.android.server.wm.Transition.collect:753 com.android.server.wm.Transition.collectExistenceChange:936 com.android.server.wm.TransitionController.collectExistenceChange:1025 com.android.server.wm.ActivityStarter.setNewTask:4833 com.android.server.wm.ActivityStarter.startActivityInner:3041 
11-29 11:32:33.760 I/SurfaceFlinger(  880): id=30415 createSurf, flag=84004, ActivityRecord{232167e u0 com.example.appajicolorgrupo4/.MainActivity t239}#30415
11-29 11:32:33.762 D/ActivityTaskManager( 1162): Add starting ActivityRecord{232167e u0 com.example.appajicolorgrupo4/.MainActivity t239}: typeParam=139 startingData=com.android.server.wm.SplashScreenStartingData@87896f5
11-29 11:32:33.762 V/WindowManager( 1162): Added starting ActivityRecord{232167e u0 com.example.appajicolorgrupo4/.MainActivity t239}: startingWindow=null startingView=com.android.server.wm.StartingSurfaceController$StartingSurface@fd51c8a
11-29 11:32:33.763 V/WindowManager( 1162): Collecting in transition 297: ActivityRecord{232167e u0 com.example.appajicolorgrupo4/.MainActivity t239}, caller=com.android.server.wm.Transition.collect:753 com.android.server.wm.Transition.collectExistenceChange:936 com.android.server.wm.TransitionController.collectExistenceChange:1025 com.android.server.wm.ActivityStarter.handleStartResult:2632 com.android.server.wm.ActivityStarter.startActivityUnchecked:2415 
11-29 11:32:33.763 I/ActivityTaskManager( 1162): START u0 {flg=0x10000000 cmp=com.example.appajicolorgrupo4/.MainActivity} with LAUNCH_MULTIPLE from uid 2000 (BAL_ALLOW_PERMISSION) result code=0
11-29 11:32:33.763 V/WindowManagerShell(18822): Transition requested: android.os.BinderProxy@2184e48 TransitionRequestInfo { type = OPEN, triggerTask = TaskInfo{userId=0 taskId=239 displayId=0 isRunning=true baseIntent=Intent { flg=0x10000000 cmp=com.example.appajicolorgrupo4/.MainActivity } baseActivity=ComponentInfo{com.example.appajicolorgrupo4/com.example.appajicolorgrupo4.MainActivity} topActivity=ComponentInfo{com.example.appajicolorgrupo4/com.example.appajicolorgrupo4.MainActivity} origActivity=null realActivity=ComponentInfo{com.example.appajicolorgrupo4/com.example.appajicolorgrupo4.MainActivity} numActivities=1 lastActiveTime=496411384 supportsMultiWindow=true resizeMode=1 isResizeable=true minWidth=-1 minHeight=-1 maxWidth=-1 maxHeight=-1 defaultMinSize=220 token=WCT{android.window.IWindowContainerToken$Stub$Proxy@fe374e1} topActivityType=1 pictureInPictureParams=null shouldDockBigOverlays=false launchIntoPipHostTaskId=-1 lastParentTaskIdBeforePip=-1 displayCutoutSafeInsets=Rect(0, 87 - 0, 0) topActivityInfo=ActivityInfo{87b8206 com.example.appajicolorgrupo4.MainActivity} launchCookies=[] positionInParent=Point(0, 0) parentTaskId=-1 isFocused=false isVisible=false isVisibleRequested=false isSleeping=false topActivityInSizeCompat=false topActivityEligibleForLetterboxEducation= false topActivityLetterboxed= false isFromDoubleTap= false topActivityLetterboxVerticalPosition= -1 topActivityLetterboxHorizontalPosition= -1 topActivityLetterboxWidth=-1 topActivityLetterboxHeight=-1 locusId=null displayAreaFeatureId=1 cameraCompatControlState=hidden originallySupportedMultiWindow=true hasWallpaper=false topActivityInFixedAspectRatio=false rootAffinity=10361:com.example.appajicolorgrupo4 topActivityInDisplayCompat=false topActivityInBoundsCompat=false topActivityBounds=null singleTapFromLetterbox=false isTopTaskInStage=false topActivityUiMode=33 CoverLauncherWidgetTask=false CoverScreenTask=false isAllowedSeamlessRotation=false isTopTransparentActivity=false hasPopOver=false}, remoteTransition = null, displayChange = null }
11-29 11:32:33.767 V/WindowManager( 1162): Collecting in transition 297: ActivityRecord{232167e u0 com.example.appajicolorgrupo4/.MainActivity t239}, caller=com.android.server.wm.Transition.collect:753 com.android.server.wm.TransitionController.collect:975 com.android.server.wm.ActivityRecord.setVisibility:6429 com.android.server.wm.ActivityRecord.setVisibility:6381 com.android.server.wm.EnsureActivitiesVisibleHelper.makeVisibleAndRestartIfNeeded:338 
11-29 11:32:33.769 D/WindowManager( 1162): prepareSync <SYNC_STATE_WAITING_FOR_DRAW>, mPrepareSyncSeqId=0, win=Window{908ad71 u0 Splash Screen com.example.appajicolorgrupo4}
11-29 11:32:33.769 I/SurfaceFlinger(  880): id=30416 createSurf, flag=84004, 908ad71 Splash Screen com.example.appajicolorgrupo4#30416
11-29 11:32:33.769 V/WindowManager( 1162): addWindow: ActivityRecord{232167e u0 com.example.appajicolorgrupo4/.MainActivity t239} startingWindow=Window{908ad71 u0 Splash Screen com.example.appajicolorgrupo4}
11-29 11:32:33.770 D/WindowManager( 1162): rotationForOrientation, orientationSource=ActivityRecord{232167e u0 com.example.appajicolorgrupo4/.MainActivity t239}
11-29 11:32:33.770 D/WindowManager( 1162): rotationForOrientation, orientationSource=ActivityRecord{232167e u0 com.example.appajicolorgrupo4/.MainActivity t239}
11-29 11:32:33.770 I/InsetsController(18822): onStateChanged: host=Splash Screen com.example.appajicolorgrupo4, from=android.view.ViewRootImpl.setView:1797, state=InsetsState: {mDisplayFrame=Rect(0, 0 - 1080, 2340), mDisplayCutout=DisplayCutout{insets=Rect(0, 87 - 0, 0) waterfall=Insets{left=0, top=0, right=0, bottom=0} boundingRect={Bounds=[Rect(0, 0 - 0, 0), Rect(512, 0 - 568, 87), Rect(0, 0 - 0, 0), Rect(0, 0 - 0, 0)]} cutoutPathParserInfo={CutoutPathParserInfo{displayWidth=1080 displayHeight=2340 physicalDisplayWidth=1080 physicalDisplayHeight=2340 density={3.0} cutoutSpec={M 0,0 H -9.333333333333333 V 29 H 9.333333333333333 V 0 H 0 Z @dp} rotation={0} scale={1.0} physicalPixelDisplaySizeRatio={1.0}}}}, mRoundedCorners=RoundedCorners{[RoundedCorner{position=TopLeft, radius=102, center=Point(102, 102)}, RoundedCorner{position=TopRight, radius=102, center=Point(978, 102)}, RoundedCorner{position=BottomRight, radius=102, center=Point(978, 2238)}, RoundedCorner{position=BottomLeft, radius=102, center=Point(102, 2238)}]}  mRoundedCornerFrame=Rect(0, 0 - 1080, 2340), mPrivacyIndicatorBounds=PrivacyIndicatorBounds {static bounds=Rect(948, 0 - 1080, 88) rotation=0}, mDisplayShape=DisplayShape{ spec=1769313948 displayWidth=1080 displayHeight=2340 physicalPixelDisplaySizeRatio=1.0 rotation=0 offsetX=0 offsetY=0 scale=1.0}, mSources= { InsetsSource: {9d390000 mType=statusBars mFrame=[0,0][1080,88] mVisible=true mFlags=[]}, InsetsSource: {9d390005 mType=mandatorySystemGestures mFrame=[0,0][1080,123] mVisible=true mFlags=[]}, InsetsSource: {9d390006 mType=tappableElement mFrame=[0,0][1080,88] mVisible=true mFlags=[]}, InsetsSource: {3 mType=ime mFrame=[0,0][0,0] mVisible=false mFlags=[]}, InsetsSource: {27 mType=displayCutout mFrame=[0,0][1080,87] mVisible=true mFlags=[]}, InsetsSource: {7bd50001 mType=navigationBars mFrame=[0,2196][1080,2340] mVisible=true mFlags=[]}, InsetsSource: {7bd50004 mType=systemGestures mFrame=[0,0][0,0] mVisible=true mFlags=[]}, InsetsSource: {7bd50005 mType=mandatorySystemGestures mFrame=[0,2196][1080,2340] mVisible=true mFlags=[]}, InsetsSource: {7bd50006 mType=tappableElement mFrame=[0,2196][1080,2340] mVisible=true mFlags=[]}, InsetsSource: {7bd50024 mType=systemGestures mFrame=[0,0][0,0] mVisible=true mFlags=[]} }
11-29 11:32:33.772 I/HoneySpace.TopTaskUseCase(16374): topTasks 239 ComponentInfo{com.example.appajicolorgrupo4/com.example.appajicolorgrupo4.MainActivity}
11-29 11:32:33.779 D/CoreBackPreview( 1162): Window{908ad71 u0 Splash Screen com.example.appajicolorgrupo4}: Setting back callback OnBackInvokedCallbackInfo{mCallback=android.window.IOnBackInvokedCallback$Stub$Proxy@d8ac6cf, mPriority=0, mIsAnimationCallback=false}
11-29 11:32:33.779 V/WindowManager( 1162): Relayout Window{908ad71 u0 Splash Screen com.example.appajicolorgrupo4}: viewVisibility=0 req=1080x2340 ty=3 d0
11-29 11:32:33.779 I/SurfaceFlinger(  880): id=30420 createSurf, flag=44004, Splash Screen com.example.appajicolorgrupo4$_18822#30420
11-29 11:32:33.779 D/WindowManager( 1162): makeSurface duration=0 name=Splash Screen com.example.appajicolorgrupo4$_18822
11-29 11:32:33.781 I/ActivityManager( 1162): Start proc 12394:com.example.appajicolorgrupo4/u0a361 for next-top-activity {com.example.appajicolorgrupo4/com.example.appajicolorgrupo4.MainActivity}
11-29 11:32:33.781 D/WindowManager( 1162): rotationForOrientation, orientationSource=ActivityRecord{232167e u0 com.example.appajicolorgrupo4/.MainActivity t239}
11-29 11:32:33.787 D/WindowManager( 1162): finishDrawingWindow: Window{908ad71 u0 Splash Screen com.example.appajicolorgrupo4} mDrawState=DRAW_PENDING seqId=0
11-29 11:32:33.787 V/WindowManager( 1162): Finishing drawing window Window{908ad71 u0 Splash Screen com.example.appajicolorgrupo4}: mDrawState=DRAW_PENDING
11-29 11:32:33.787 V/WindowManager( 1162): Draw state now committed in Window{908ad71 u0 Splash Screen com.example.appajicolorgrupo4}
11-29 11:32:33.789 V/WindowManager( 1162): performShowLocked: mDrawState=HAS_DRAWN in Window{908ad71 u0 Splash Screen com.example.appajicolorgrupo4}
11-29 11:32:33.789 V/WindowManager( 1162): Start calculating TransitionInfo based on participants: {ActivityRecord{1234523 u0 com.sec.android.app.launcher/.activities.LauncherActivity t170}, ActivityRecord{232167e u0 com.example.appajicolorgrupo4/.MainActivity t239}, WallpaperWindowToken{3aa788a token=android.os.Binder@319e2f5}, Task{5a227df #239 type=standard A=10361:com.example.appajicolorgrupo4}}
11-29 11:32:33.789 V/WindowManager( 1162):   Final targets: [Task{5a227df #239 type=standard A=10361:com.example.appajicolorgrupo4}, Task{5daeee9 #169 type=home}]
11-29 11:32:33.790 I/SurfaceControl( 1162): show, t=StartTransaction_SyncId<297>, sc=Surface(name=ActivityRecord{232167e u0 com.example.appajicolorgrupo4/.MainActivity t239})/@0x4117e60, caller=com.android.server.wm.Transition.onTransactionReady:2012 com.android.server.wm.BLASTSyncEngine$SyncGroup.finishNow:321 com.android.server.wm.BLASTSyncEngine$SyncGroup.tryFinish:242 com.android.server.wm.BLASTSyncEngine$SyncGroup.-$$Nest$mtryFinish:0 com.android.server.wm.BLASTSyncEngine.onSurfacePlacement:685 com.android.server.wm.RootWindowContainer.performSurfacePlacementNoTrace:993 
11-29 11:32:33.790 V/WindowManager( 1162):         {WCT{RemoteToken{51101bf Task{5a227df #239 type=standard A=10361:com.example.appajicolorgrupo4}}} m=OPEN f=NONE leash=Surface(name=Task=239)/@0xe343f19 sb=Rect(0, 0 - 1080, 2340) eb=Rect(0, 0 - 1080, 2340) d=0 dim=true inset=Rect(0, 88 - 0, 144)},
11-29 11:32:33.791 V/WindowManager( 1162): Sent Transition #297 createdAt=11-29 11:32:33.756 via request=TransitionRequestInfo { type = OPEN, triggerTask = TaskInfo{userId=0 taskId=239 displayId=0 isRunning=true baseIntent=Intent { flg=0x10000000 cmp=com.example.appajicolorgrupo4/.MainActivity } baseActivity=ComponentInfo{com.example.appajicolorgrupo4/com.example.appajicolorgrupo4.MainActivity} topActivity=ComponentInfo{com.example.appajicolorgrupo4/com.example.appajicolorgrupo4.MainActivity} origActivity=null realActivity=ComponentInfo{com.example.appajicolorgrupo4/com.example.appajicolorgrupo4.MainActivity} numActivities=1 lastActiveTime=496411384 supportsMultiWindow=true resizeMode=1 isResizeable=true minWidth=-1 minHeight=-1 maxWidth=-1 maxHeight=-1 defaultMinSize=220 token=WCT{RemoteToken{51101bf Task{5a227df #239 type=standard A=10361:com.example.appajicolorgrupo4}}} topActivityType=1 pictureInPictureParams=null shouldDockBigOverlays=false launchIntoPipHostTaskId=-1 lastParentTaskIdBeforePip=-1 displayCutoutSafeInsets=Rect(0, 87 - 0, 0) topActivityInfo=ActivityInfo{395a7ea com.example.appajicolorgrupo4.MainActivity} launchCookies=[] positionInParent=Point(0, 0) parentTaskId=-1 isFocused=false isVisible=false isVisibleRequested=false isSleeping=false topActivityInSizeCompat=false topActivityEligibleForLetterboxEducation= false topActivityLetterboxed= false isFromDoubleTap= false topActivityLetterboxVerticalPosition= -1 topActivityLetterboxHorizontalPosition= -1 topActivityLetterboxWidth=-1 topActivityLetterboxHeight=-1 locusId=null displayAreaFeatureId=1 cameraCompatControlState=hidden originallySupportedMultiWindow=true hasWallpaper=false topActivityInFixedAspectRatio=false rootAffinity=10361:com.example.appajicolorgrupo4 topActivityInDisplayCompat=false topActivityInBoundsCompat=false topActivityBounds=null singleTapFromLetterbox=false isTopTaskInStage=false topActivityUiMode=33 CoverLauncherWidgetTask=false CoverScreenTask=false isAllowedSeamlessRotation=false isTopTransparentActivity=false hasPopOver=false}, remoteTransition = null, displayChange = null }
11-29 11:32:33.791 V/WindowManager( 1162):         {WCT{RemoteToken{51101bf Task{5a227df #239 type=standard A=10361:com.example.appajicolorgrupo4}}} m=OPEN f=NONE leash=Surface(name=Task=239)/@0xe343f19 sb=Rect(0, 0 - 1080, 2340) eb=Rect(0, 0 - 1080, 2340) d=0 dim=true inset=Rect(0, 88 - 0, 144)},
11-29 11:32:33.792 D/InsetsSourceProvider( 1162): updateControlForTarget: control=InsetsSourceControl: {7bd50001 mType=navigationBars initiallyVisible mSurfacePosition=Point(0, 2196) mInsetsHint=Insets{left=0, top=0, right=0, bottom=144}}, target=Window{908ad71 u0 Splash Screen com.example.appajicolorgrupo4}, from=com.android.server.wm.InsetsStateController.onControlTargetChanged:363 com.android.server.wm.InsetsStateController.onBarControlTargetChanged:332 com.android.server.wm.InsetsPolicy.updateBarControlTarget:173 com.android.server.wm.InsetsPolicy.updateSystemBars:843 com.android.server.wm.DisplayPolicy.updateSystemBarsLw:3484 
11-29 11:32:33.792 D/InsetsSourceProvider( 1162): updateControlForTarget: control=InsetsSourceControl: {9d390000 mType=statusBars initiallyVisible mSurfacePosition=Point(0, 0) mInsetsHint=Insets{left=0, top=88, right=0, bottom=0}}, target=Window{908ad71 u0 Splash Screen com.example.appajicolorgrupo4}, from=com.android.server.wm.InsetsStateController.onControlTargetChanged:363 com.android.server.wm.InsetsStateController.onBarControlTargetChanged:329 com.android.server.wm.InsetsPolicy.updateBarControlTarget:173 com.android.server.wm.InsetsPolicy.updateSystemBars:843 com.android.server.wm.DisplayPolicy.updateSystemBarsLw:3484 
11-29 11:32:33.793 D/WindowManager( 1162): updateSystemBarAttributes: displayId=0, win=Window{908ad71 u0 Splash Screen com.example.appajicolorgrupo4}, navColorWin=Window{908ad71 u0 Splash Screen com.example.appajicolorgrupo4}, focusedCanBeNavColorWin=false, behavior=1, appearance=24, statusBarAppearanceRegions=[AppearanceRegion{LIGHT_STATUS_BARS bounds=[0,0][1080,2340]}], requestedVisibilities=-9, from=com.android.server.wm.DisplayPolicy.finishPostLayoutPolicyLw:2339 com.android.server.wm.DisplayContent.applySurfaceChangesTransaction:6181 com.android.server.wm.RootWindowContainer.applySurfaceChangesTransaction:1183 
11-29 11:32:33.793 I/SurfaceFlinger(  880): id=30426 createSurf, flag=84000, 4e60000 ActivityRecordInputSink com.example.appajicolorgrupo4/.MainActivity#30426
11-29 11:32:33.796 D/SamsungLightBarControlHelper(18822): onStatusBarAppearanceChanged() -  sbModeChanged:false, statusBarMode:0, barState:MODE_TRANSPARENT, isKeyguardShowing:false, navbarColorManagedByIme:false, stackAppearanceChanged:true, (AppearanceRegion{LIGHT_STATUS_BARS bounds=[0,0][1080,2340]}, ), packageName:com.example.appajicolorgrupo4
11-29 11:32:33.796 D/NavigationBar(18822): onSystemBarAttributesChanged() -  displayId:0, appearance:24, packageName: com.example.appajicolorgrupo4 (APPEARANCE_LIGHT_STATUS_BARS APPEARANCE_LIGHT_NAVIGATION_BARS ), navbarColorManagedByIme:false
11-29 11:32:33.796 D/SamsungLightBarControlHelper(18822): updateNavigationBar (BLACK button) isLightOpaque:false, hasLightNavigationBarFlag:true, packageName:com.example.appajicolorgrupo4, DirectReplying:false, NavBarColorMangedByIme:false, ForceDarkForScrim:false, QsCustomizing:false, PanelHasWhiteBg:false
11-29 11:32:33.797 D/SamsungLightBarControlHelper(18822): updateStatusBar (BLACK icon) numStacks:1, StatusBarMode:MODE_TRANSPARENT, lightBarBounds:[Rect(0, 0 - 1080, 2340)], StatusBarState:SHADE, packageName:com.example.appajicolorgrupo4, isWhiteKeyguardStatusBar:false
11-29 11:32:33.819 D/WindowManager( 1162): rotationForOrientation, orientationSource=ActivityRecord{232167e u0 com.example.appajicolorgrupo4/.MainActivity t239}
11-29 11:32:33.819 D/SGM:PkgDataHelper( 1162): notifyAppCreate(), pkgName: com.example.appajicolorgrupo4, userId: 0, sendRet: true
11-29 11:32:33.819 D/SGM:FgCheckThread( 1162): onLooperPrepared(), msg: MSG_APP_CREATE, pkgName: com.example.appajicolorgrupo4, userId: 0
11-29 11:32:33.820 D/SGM:FgCheckThread( 1162):   sendRunningComponentFocus(), pkgName: com.example.appajicolorgrupo4, userId: 0
11-29 11:32:33.820 D/SGM:FgCheckThread( 1162): onLooperPrepared(), msg: MSG_TASK_FOCUSED, pkgName: com.example.appajicolorgrupo4, userId: 0
11-29 11:32:33.820 D/SGM:FgCheckThread( 1162):   handleTaskFocused(), pkgName: com.example.appajicolorgrupo4, userID:0
11-29 11:32:33.820 D/InputDispatcher( 1162): Focused application(0): ActivityRecord{232167e u0 com.example.appajicolorgrupo4/.MainActivity t239}
11-29 11:32:33.820 D/SGM:FgCheckThread( 1162):   handleResume(). pkgName: com.example.appajicolorgrupo4, userId: 0, isTunableApp: null
11-29 11:32:33.820 D/SGM:FgCheckThread( 1162): notifyFocusInOut(). of pkg: com.example.appajicolorgrupo4, type: 4, isTunableApp: false, userId: 0
11-29 11:32:33.820 D/SGM:FgCheckThread( 1162):   sendRunningComponentFocus(), pkgName: com.example.appajicolorgrupo4, userId: 0
11-29 11:32:33.820 D/ActivityTaskManager( 1162): scheduleTopResumedActivityChanged, onTop=true, r=ActivityRecord{232167e u0 com.example.appajicolorgrupo4/.MainActivity t239}, caller=com.android.server.wm.ActivityTaskSupervisor.scheduleTopResumedActivityStateIfNeeded:2904 com.android.server.wm.ActivityTaskSupervisor.updateTopResumedActivityIfNeeded:2896 com.android.server.wm.TaskFragment.setResumedActivity:580 com.android.server.wm.TaskFragment.onActivityStateChanged:904 com.android.server.wm.ActivityRecord.setState:6892 com.android.server.wm.Task.minimalResumeActivityLocked:6255 
11-29 11:32:33.820 D/WindowManagerServiceExt( 1162): notifyOccludeChangeNotice: cn=ComponentInfo{com.example.appajicolorgrupo4/com.example.appajicolorgrupo4.MainActivity} occludesParent=true isInSplitScreenMode=false styleFloating=false caller=com.android.server.wm.ActivityRecord.completeResumeLocked:7556 com.android.server.wm.Task.minimalResumeActivityLocked:6256 com.android.server.wm.ActivityTaskSupervisor.realStartActivityLocked:1187 com.android.server.wm.RootWindowContainer$AttachApplicationHelper.test:4369 com.android.server.wm.RootWindowContainer$AttachApplicationHelper.test:4305 
11-29 11:32:33.820 D/SGM:FgCheckThread( 1162): onLooperPrepared(), msg: MSG_TASK_FOCUSED, pkgName: com.example.appajicolorgrupo4, userId: 0
11-29 11:32:33.821 D/SGM:FgCheckThread( 1162):   handleTaskFocused(), pkgName: com.example.appajicolorgrupo4, userID:0
11-29 11:32:33.821 D/SGM:FgCheckThread( 1162):   handleResume(). pkgName: com.example.appajicolorgrupo4, userId: 0, isTunableApp: null
11-29 11:32:33.821 D/SGM:FgCheckThread( 1162): notifyFocusInOut(). of pkg: com.example.appajicolorgrupo4, type: 4, isTunableApp: false, userId: 0
11-29 11:32:33.822 I/GameSDK@LifeCycle( 1162): noteResumeComponent(): package name  : com.example.appajicolorgrupo4
11-29 11:32:33.822 D/SGM:FgCheckThread( 1162): noteResumeComponent(), received pkgName: com.example.appajicolorgrupo4, userId: 0
11-29 11:32:33.824 D/SGM:FgCheckThread( 1162): onLooperPrepared(), msg: MSG_APP_RESUME, pkgName: com.example.appajicolorgrupo4, userid: 0
11-29 11:32:33.824 D/SGM:FgCheckThread( 1162):   handleResume(). pkgName: com.example.appajicolorgrupo4, userId: 0, isTunableApp: null
11-29 11:32:33.824 D/SGM:FgCheckThread( 1162): notifyFocusInOut(). of pkg: com.example.appajicolorgrupo4, type: 4, isTunableApp: false, userId: 0
11-29 11:32:33.833 W/ziparchive(12394): Unable to open '/data/app/~~4t4i_EMrFUDzGcY5tM6zkg==/com.example.appajicolorgrupo4-J1Pdj17ZB7YHEilc2cun9A==/base.dm': No such file or directory
11-29 11:32:33.833 W/ziparchive(12394): Unable to open '/data/app/~~4t4i_EMrFUDzGcY5tM6zkg==/com.example.appajicolorgrupo4-J1Pdj17ZB7YHEilc2cun9A==/base.dm': No such file or directory
11-29 11:32:33.852 I/Layer   (  880): Layer [ActivityRecord{232167e u0 com.example.appajicolorgrupo4/.MainActivity t239}#30415] hidden!! flag(0)
11-29 11:32:33.852 I/Layer   (  880): Layer [908ad71 Splash Screen com.example.appajicolorgrupo4#30416] hidden!! flag(0)
11-29 11:32:33.852 I/Layer   (  880): Layer [Splash Screen com.example.appajicolorgrupo4$_18822#30420] hidden!! flag(0)
11-29 11:32:33.861 I/InsetsSourceConsumer(18822): applyRequestedVisibilityToControl: visible=true, type=navigationBars, host=Splash Screen com.example.appajicolorgrupo4
11-29 11:32:33.861 I/InsetsSourceConsumer(18822): applyRequestedVisibilityToControl: visible=true, type=statusBars, host=Splash Screen com.example.appajicolorgrupo4
11-29 11:32:33.883 D/SurfaceFlinger(  880):      CLIENT | 0xb40000786c15e1d0 | 0100 | RGBA_8888    |    0.0    0.0 1080.0 2340.0 |   78  170 1002 2170 | Splash Screen com.example.appajicolorgrupo4$_18822#30420
11-29 11:32:33.953 D/MdnieScenarioControlService( 1162):  packageName : com.example.appajicolorgrupo4    className : com.example.appajicolorgrupo4.MainActivity
11-29 11:32:34.034 D/nativeloader(12394): Configuring clns-4 for other apk /data/app/~~4t4i_EMrFUDzGcY5tM6zkg==/com.example.appajicolorgrupo4-J1Pdj17ZB7YHEilc2cun9A==/base.apk. target_sdk_version=36, uses_libraries=, library_path=/data/app/~~4t4i_EMrFUDzGcY5tM6zkg==/com.example.appajicolorgrupo4-J1Pdj17ZB7YHEilc2cun9A==/lib/arm64:/data/app/~~4t4i_EMrFUDzGcY5tM6zkg==/com.example.appajicolorgrupo4-J1Pdj17ZB7YHEilc2cun9A==/base.apk!/lib/arm64-v8a, permitted_path=/data:/mnt/expand:/data/user/0/com.example.appajicolorgrupo4
11-29 11:32:34.041 V/GraphicsEnvironment(12394): ANGLE GameManagerService for com.example.appajicolorgrupo4: false
11-29 11:32:34.041 V/GraphicsEnvironment(12394): com.example.appajicolorgrupo4 is not listed in per-application setting
11-29 11:32:34.085 D/vulkan  (12394): searching for layers in '/data/app/~~4t4i_EMrFUDzGcY5tM6zkg==/com.example.appajicolorgrupo4-J1Pdj17ZB7YHEilc2cun9A==/lib/arm64'
11-29 11:32:34.086 D/vulkan  (12394): searching for layers in '/data/app/~~4t4i_EMrFUDzGcY5tM6zkg==/com.example.appajicolorgrupo4-J1Pdj17ZB7YHEilc2cun9A==/base.apk!/lib/arm64-v8a'
11-29 11:32:34.128 I/SurfaceFlinger(  880): id=30430 createSurf, flag=84004, b4b2cd9 com.example.appajicolorgrupo4/com.example.appajicolorgrupo4.MainActivity#30430
11-29 11:32:34.131 I/InsetsController(12394): onStateChanged: host=com.example.appajicolorgrupo4/com.example.appajicolorgrupo4.MainActivity, from=android.view.ViewRootImpl.setView:1797, state=InsetsState: {mDisplayFrame=Rect(0, 0 - 1080, 2340), mDisplayCutout=DisplayCutout{insets=Rect(0, 87 - 0, 0) waterfall=Insets{left=0, top=0, right=0, bottom=0} boundingRect={Bounds=[Rect(0, 0 - 0, 0), Rect(512, 0 - 568, 87), Rect(0, 0 - 0, 0), Rect(0, 0 - 0, 0)]} cutoutPathParserInfo={CutoutPathParserInfo{displayWidth=1080 displayHeight=2340 physicalDisplayWidth=1080 physicalDisplayHeight=2340 density={3.0} cutoutSpec={M 0,0 H -9.333333333333333 V 29 H 9.333333333333333 V 0 H 0 Z @dp} rotation={0} scale={1.0} physicalPixelDisplaySizeRatio={1.0}}}}, mRoundedCorners=RoundedCorners{[RoundedCorner{position=TopLeft, radius=102, center=Point(102, 102)}, RoundedCorner{position=TopRight, radius=102, center=Point(978, 102)}, RoundedCorner{position=BottomRight, radius=102, center=Point(978, 2238)}, RoundedCorner{position=BottomLeft, radius=102, center=Point(102, 2238)}]}  mRoundedCornerFrame=Rect(0, 0 - 1080, 2340), mPrivacyIndicatorBounds=PrivacyIndicatorBounds {static bounds=Rect(948, 0 - 1080, 88) rotation=0}, mDisplayShape=DisplayShape{ spec=1769313948 displayWidth=1080 displayHeight=2340 physicalPixelDisplaySizeRatio=1.0 rotation=0 offsetX=0 offsetY=0 scale=1.0}, mSources= { InsetsSource: {9d390000 mType=statusBars mFrame=[0,0][1080,88] mVisible=true mFlags=[]}, InsetsSource: {9d390005 mType=mandatorySystemGestures mFrame=[0,0][1080,123] mVisible=true mFlags=[]}, InsetsSource: {9d390006 mType=tappableElement mFrame=[0,0][1080,88] mVisible=true mFlags=[]}, InsetsSource: {3 mType=ime mFrame=[0,0][0,0] mVisible=false mFlags=[]}, InsetsSource: {27 mType=displayCutout mFrame=[0,0][1080,87] mVisible=true mFlags=[]}, InsetsSource: {7bd50001 mType=navigationBars mFrame=[0,2196][1080,2340] mVisible=true mFlags=[]}, InsetsSource: {7bd50004 mType=systemGestures mFrame=[0,0][0,0] mVisible=true mFlags=[]}, InsetsSource: {7bd50005 mType=mandatorySystemGestures mFrame=[0,2196][1080,2340] mVisible=true mFlags=[]}, InsetsSource: {7bd50006 mType=tappableElement mFrame=[0,2196][1080,2340] mVisible=true mFlags=[]}, InsetsSource: {7bd50024 mType=systemGestures mFrame=[0,0][0,0] mVisible=true mFlags=[]} }
11-29 11:32:34.144 I/Layer   (  880): Layer [b4b2cd9 com.example.appajicolorgrupo4/com.example.appajicolorgrupo4.MainActivity#30430] hidden!! flag(0)
11-29 11:32:34.227 D/SurfaceFlinger(  880):      DEVICE | 0xb40000786c15e1d0 | 0100 | RGBA_8888    |    0.0    0.0 1080.0 2340.0 |    0    0 1080 2340 | Splash Screen com.example.appajicolorgrupo4$_18822#30420
11-29 11:32:34.326 D/CoreBackPreview( 1162): Window{b4b2cd9 u0 com.example.appajicolorgrupo4/com.example.appajicolorgrupo4.MainActivity}: Setting back callback OnBackInvokedCallbackInfo{mCallback=android.window.IOnBackInvokedCallback$Stub$Proxy@29c9e38, mPriority=0, mIsAnimationCallback=false}
11-29 11:32:34.327 V/WindowManager( 1162): Relayout Window{b4b2cd9 u0 com.example.appajicolorgrupo4/com.example.appajicolorgrupo4.MainActivity}: viewVisibility=0 req=1080x2340 ty=1 d0
11-29 11:32:34.327 I/SurfaceFlinger(  880): id=30432 createSurf, flag=44004, com.example.appajicolorgrupo4/com.example.appajicolorgrupo4.MainActivity$_12394#30432
11-29 11:32:34.328 D/WindowManager( 1162): makeSurface duration=1 name=com.example.appajicolorgrupo4/com.example.appajicolorgrupo4.MainActivity$_12394
11-29 11:32:34.328 V/WindowManager( 1162): Changing focus from null to Window{b4b2cd9 u0 com.example.appajicolorgrupo4/com.example.appajicolorgrupo4.MainActivity} displayId=0 Callers=com.android.server.wm.RootWindowContainer.updateFocusedWindowLocked:581 com.android.server.wm.WindowManagerService.updateFocusedWindowLocked:6910 com.android.server.wm.WindowManagerService.relayoutWindow:2777 com.android.server.wm.Session.relayout:282 
11-29 11:32:34.329 D/InsetsSourceProvider( 1162): updateControlForTarget: control=InsetsSourceControl: {7bd50001 mType=navigationBars initiallyVisible mSurfacePosition=Point(0, 2196) mInsetsHint=Insets{left=0, top=0, right=0, bottom=144}}, target=Window{b4b2cd9 u0 com.example.appajicolorgrupo4/com.example.appajicolorgrupo4.MainActivity}, from=com.android.server.wm.InsetsStateController.onControlTargetChanged:363 com.android.server.wm.InsetsStateController.onBarControlTargetChanged:332 com.android.server.wm.InsetsPolicy.updateBarControlTarget:173 com.android.server.wm.InsetsPolicy.updateSystemBars:843 com.android.server.wm.DisplayPolicy.updateSystemBarsLw:3484 
11-29 11:32:34.329 D/InsetsSourceProvider( 1162): updateControlForTarget: control=InsetsSourceControl: {9d390000 mType=statusBars initiallyVisible mSurfacePosition=Point(0, 0) mInsetsHint=Insets{left=0, top=88, right=0, bottom=0}}, target=Window{b4b2cd9 u0 com.example.appajicolorgrupo4/com.example.appajicolorgrupo4.MainActivity}, from=com.android.server.wm.InsetsStateController.onControlTargetChanged:363 com.android.server.wm.InsetsStateController.onBarControlTargetChanged:329 com.android.server.wm.InsetsPolicy.updateBarControlTarget:173 com.android.server.wm.InsetsPolicy.updateSystemBars:843 com.android.server.wm.DisplayPolicy.updateSystemBarsLw:3484 
11-29 11:32:34.329 D/WindowManager( 1162): updateSystemBarAttributes: displayId=0, win=Window{b4b2cd9 u0 com.example.appajicolorgrupo4/com.example.appajicolorgrupo4.MainActivity}, navColorWin=Window{908ad71 u0 Splash Screen com.example.appajicolorgrupo4}, focusedCanBeNavColorWin=false, behavior=1, appearance=16, statusBarAppearanceRegions=[AppearanceRegion{LIGHT_STATUS_BARS bounds=[0,0][1080,2340]}], requestedVisibilities=-9, from=com.android.server.wm.DisplayPolicy.focusChangedLw:2988 com.android.server.wm.DisplayContent.updateFocusedWindowLocked:4900 com.android.server.wm.RootWindowContainer.updateFocusedWindowLocked:581 
11-29 11:32:34.329 V/SystemKeyManager( 1162): updateFocusedWindow() is called, com.example.appajicolorgrupo4/com.example.appajicolorgrupo4.MainActivity
11-29 11:32:34.330 D/NavigationBar(18822): onSystemBarAttributesChanged() -  displayId:0, appearance:16, packageName: com.example.appajicolorgrupo4 (APPEARANCE_LIGHT_NAVIGATION_BARS ), navbarColorManagedByIme:false
11-29 11:32:34.345 D/InputDispatcher( 1162): Focus request (0): b4b2cd9 com.example.appajicolorgrupo4/com.example.appajicolorgrupo4.MainActivity but waiting because NO_WINDOW
11-29 11:32:34.360 D/WindowManager( 1162): finishDrawingWindow: Window{b4b2cd9 u0 com.example.appajicolorgrupo4/com.example.appajicolorgrupo4.MainActivity} mDrawState=DRAW_PENDING seqId=0
11-29 11:32:34.361 V/WindowManager( 1162): Finish starting ActivityRecord{232167e u0 com.example.appajicolorgrupo4/.MainActivity t239}: first real window is shown, no animation
11-29 11:32:34.361 V/WindowManager( 1162): Schedule remove starting ActivityRecord{232167e u0 com.example.appajicolorgrupo4/.MainActivity t239} startingWindow=Window{908ad71 u0 Splash Screen com.example.appajicolorgrupo4} animate=true Callers=com.android.server.wm.ActivityRecord.removeStartingWindow:3496 com.android.server.wm.ActivityRecord.onFirstWindowDrawn:8007 com.android.server.wm.WindowState.performShowLocked:5350 com.android.server.wm.WindowStateAnimator.commitFinishDrawingLocked:286 com.android.server.wm.DisplayContent.lambda$new$8:1293 
11-29 11:32:34.362 D/TaskOrganizerController( 1162): applyStartingWindowAnimation, window=Window{b4b2cd9 u0 com.example.appajicolorgrupo4/com.example.appajicolorgrupo4.MainActivity}, caller=com.android.server.wm.TaskOrganizerController.removeStartingWindow:809 com.android.server.wm.StartingSurfaceController$StartingSurface.remove:292 com.android.server.wm.ActivityRecord.removeStartingWindowAnimation:3576 
11-29 11:32:34.362 I/WindowManager( 1162): Reparenting to leash, surface=Surface(name=b4b2cd9 com.example.appajicolorgrupo4/com.example.appajicolorgrupo4.MainActivity)/@0x2b40a4d, leashParent=Surface(name=ActivityRecord{232167e u0 com.example.appajicolorgrupo4/.MainActivity t239})/@0x4117e60
11-29 11:32:34.362 I/SurfaceFlinger(  880): id=30438 createSurf, flag=24000, Surface(name=b4b2cd9 com.example.appajicolorgrupo4/com.example.appajicolorgrupo4.MainActivity)/@0x2b40a4d - animation-leash of starting_reveal#30438
11-29 11:32:34.362 D/WindowManager( 1162): makeSurface duration=0 leash=Surface(name=Surface(name=b4b2cd9 com.example.appajicolorgrupo4/com.example.appajicolorgrupo4.MainActivity)/@0x2b40a4d - animation-leash of starting_reveal)/@0x65a0902
11-29 11:32:34.363 V/WindowManager( 1162): performShowLocked: mDrawState=HAS_DRAWN in Window{b4b2cd9 u0 com.example.appajicolorgrupo4/com.example.appajicolorgrupo4.MainActivity}
11-29 11:32:34.363 W/ziparchive( 1162): Unable to open '/data/app/~~4t4i_EMrFUDzGcY5tM6zkg==/com.example.appajicolorgrupo4-J1Pdj17ZB7YHEilc2cun9A==/base.dm': No such file or directory
11-29 11:32:34.364 I/PkgPredictorService-SecIpmManagerServiceImpl( 1162): reportToNAP uid:10361 com.example.appajicolorgrupo4/com.example.appajicolorgrupo4.MainActivity thisTime:610
11-29 11:32:34.365 I/ActivityTaskManager( 1162): Displayed com.example.appajicolorgrupo4/.MainActivity for user 0: +610ms
11-29 11:32:34.365 I/Pageboost( 1162): Launch time gathered : pid 12394 com.example.appajicolorgrupo4 610
11-29 11:32:34.369 V/WindowManager( 1162): Relayout Window{908ad71 u0 Splash Screen com.example.appajicolorgrupo4}: viewVisibility=0 req=1080x2340 ty=3 d0
11-29 11:32:34.369 I/Layer   (  880): Layer [com.example.appajicolorgrupo4/com.example.appajicolorgrupo4.MainActivity$_12394#30432] hidden!! flag(0)
11-29 11:32:34.370 D/WindowManager( 1162): updateSystemBarAttributes: displayId=0, win=Window{b4b2cd9 u0 com.example.appajicolorgrupo4/com.example.appajicolorgrupo4.MainActivity}, navColorWin=Window{908ad71 u0 Splash Screen com.example.appajicolorgrupo4}, focusedCanBeNavColorWin=false, behavior=1, appearance=0, statusBarAppearanceRegions=[AppearanceRegion{ bounds=[0,0][1080,2340]}], requestedVisibilities=-9, from=com.android.server.wm.DisplayPolicy.finishPostLayoutPolicyLw:2339 com.android.server.wm.DisplayContent.applySurfaceChangesTransaction:6181 com.android.server.wm.RootWindowContainer.applySurfaceChangesTransaction:1183 
11-29 11:32:34.370 I/InsetsSourceConsumer(12394): applyRequestedVisibilityToControl: visible=true, type=navigationBars, host=com.example.appajicolorgrupo4/com.example.appajicolorgrupo4.MainActivity
11-29 11:32:34.370 D/SamsungLightBarControlHelper(18822): onStatusBarAppearanceChanged() -  sbModeChanged:false, statusBarMode:0, barState:MODE_TRANSPARENT, isKeyguardShowing:false, navbarColorManagedByIme:false, stackAppearanceChanged:true, (AppearanceRegion{ bounds=[0,0][1080,2340]}, ), packageName:com.example.appajicolorgrupo4
11-29 11:32:34.370 D/NavigationBar(18822): onSystemBarAttributesChanged() -  displayId:0, appearance:0, packageName: com.example.appajicolorgrupo4, navbarColorManagedByIme:false
11-29 11:32:34.370 D/SamsungLightBarControlHelper(18822): updateNavigationBar (WHITE button) isLightOpaque:false, hasLightNavigationBarFlag:false, packageName:com.example.appajicolorgrupo4, DirectReplying:false, NavBarColorMangedByIme:false, ForceDarkForScrim:false, QsCustomizing:false, PanelHasWhiteBg:false
11-29 11:32:34.370 I/InsetsSourceConsumer(12394): applyRequestedVisibilityToControl: visible=true, type=statusBars, host=com.example.appajicolorgrupo4/com.example.appajicolorgrupo4.MainActivity
11-29 11:32:34.370 D/InputDispatcher( 1162): Focus entered window (0): b4b2cd9 com.example.appajicolorgrupo4/com.example.appajicolorgrupo4.MainActivity
11-29 11:32:34.370 D/SamsungLightBarControlHelper(18822): updateStatusBar (WHITE icon) numStacks:1, StatusBarMode:MODE_TRANSPARENT, lightBarBounds:[], StatusBarState:SHADE, packageName:com.example.appajicolorgrupo4, isWhiteKeyguardStatusBar:false
11-29 11:32:34.373 I/ImeTracker( 1162): com.example.appajicolorgrupo4:76b9178a: onRequestHide at ORIGIN_SERVER_HIDE_INPUT reason HIDE_UNSPECIFIED_WINDOW
11-29 11:32:34.373 I/ImeTracker( 1162): com.example.appajicolorgrupo4:76b9178a: onCancelled at PHASE_SERVER_SHOULD_HIDE
11-29 11:32:34.378 D/SurfaceFlinger(  880):      DEVICE | 0xb40000786c15d590 | 0102 | RGBA_8888    |    0.0    0.0 1080.0 2340.0 |    0    0 1080 2340 | com.example.appajicolorgrupo4/com.ex[...]olorgrupo4.MainActivity$_12394#30432
11-29 11:32:34.378 D/SurfaceFlinger(  880):      DEVICE | 0xb40000786c15e1d0 | 0100 | RGBA_8888    |    0.0    0.0 1080.0 2340.0 |    0    0 1080 2340 | Splash Screen com.example.appajicolorgrupo4$_18822#30420
11-29 11:32:34.378 D/InsetsSourceProvider( 1162): updateControlForTarget: control=InsetsSourceControl: {3 mType=ime mSurfacePosition=Point(0, 88) mInsetsHint=Insets{left=0, top=0, right=0, bottom=1026}}, target=Window{b4b2cd9 u0 com.example.appajicolorgrupo4/com.example.appajicolorgrupo4.MainActivity}, from=com.android.server.wm.ImeInsetsSourceProvider.updateControlForTarget:165 com.android.server.wm.InsetsStateController.onControlTargetChanged:363 com.android.server.wm.InsetsStateController.onImeControlTargetChanged:307 com.android.server.wm.DisplayContent.updateImeControlTarget:5763 com.android.server.wm.DisplayContent.updateImeInputAndControlTarget:5723 
11-29 11:32:34.379 I/HBD     (16299): b [AiWriter] setContact : com.example.appajicolorgrupo4
11-29 11:32:34.379 I/HBD     (16299): a [AiWriter] setContact : com.example.appajicolorgrupo4
11-29 11:32:34.385 I/InsetsSourceConsumer(12394): applyRequestedVisibilityToControl: visible=false, type=ime, host=com.example.appajicolorgrupo4/com.example.appajicolorgrupo4.MainActivity
11-29 11:32:34.389 D/ScreenCurtainController( 1162): onForegroundActivitiesChanged: com.example.appajicolorgrupo4
11-29 11:32:34.393 I/HBD     (16299): h [SKE_SPECIFIC] specific model[com.example.appajicolorgrupo4] loaded, 877188 ns
11-29 11:32:34.420 V/WindowManager( 1162): Relayout Window{908ad71 u0 Splash Screen com.example.appajicolorgrupo4}: viewVisibility=8 req=1080x2340 ty=3 d0
11-29 11:32:34.423 D/CoreBackPreview( 1162): Window{908ad71 u0 Splash Screen com.example.appajicolorgrupo4}: Setting back callback null
11-29 11:32:34.423 D/WindowManager( 1162): Starting window removed Window{908ad71 u0 Splash Screen com.example.appajicolorgrupo4}
11-29 11:32:34.423 I/WindowManager( 1162): Cancelling animation restarting=false, leash=Surface(name=Surface(name=b4b2cd9 com.example.appajicolorgrupo4/com.example.appajicolorgrupo4.MainActivity)/@0x2b40a4d - animation-leash of starting_reveal)/@0x65a0902
11-29 11:32:34.423 I/WindowManager( 1162): Reparenting to original parent: Surface(name=ActivityRecord{232167e u0 com.example.appajicolorgrupo4/.MainActivity t239})/@0x4117e60, destroy=false, surface=Surface(name=b4b2cd9 com.example.appajicolorgrupo4/com.example.appajicolorgrupo4.MainActivity)/@0x2b40a4d
11-29 11:32:34.423 W/InputManager-JNI( 1162): Input channel object '908ad71 Splash Screen com.example.appajicolorgrupo4 (client)' was disposed without first being removed with the input manager!
11-29 11:32:34.423 V/WindowManager( 1162): Remove Window{908ad71 u0 Splash Screen com.example.appajicolorgrupo4}: mSurfaceController=Surface(name=Splash Screen com.example.appajicolorgrupo4$_18822)/@0xcc179dc mAnimatingExit=false mRemoveOnExit=false mHasSurface=true surfaceShowing=false animating=false app-animation=false mDisplayFrozen=false callers=com.android.server.wm.WindowManagerService.removeWindow:2151 com.android.server.wm.Session.remove:257 android.view.IWindowSession$Stub.onTransact:747 com.android.server.wm.Session.onTransact:204 android.os.Binder.execTransactInternal:1380 android.os.Binder.execTransact:1311 
