11-29 11:23:55.631 I/InsetsController( 1162): onStateChanged: host=Application Error: com.example.appajicolorgrupo4, from=android.view.ViewRootImpl.setView:1797, state=InsetsState: {mDisplayFrame=Rect(0, 0 - 1080, 2340), mDisplayCutout=DisplayCutout{insets=Rect(0, 87 - 0, 0) waterfall=Insets{left=0, top=0, right=0, bottom=0} boundingRect={Bounds=[Rect(0, 0 - 0, 0), Rect(512, 0 - 568, 87), Rect(0, 0 - 0, 0), Rect(0, 0 - 0, 0)]} cutoutPathParserInfo={CutoutPathParserInfo{displayWidth=1080 displayHeight=2340 physicalDisplayWidth=1080 physicalDisplayHeight=2340 density={3.0} cutoutSpec={M 0,0 H -9.333333333333333 V 29 H 9.333333333333333 V 0 H 0 Z @dp} rotation={0} scale={1.0} physicalPixelDisplaySizeRatio={1.0}}}}, mRoundedCorners=RoundedCorners{[RoundedCorner{position=TopLeft, radius=102, center=Point(102, 102)}, RoundedCorner{position=TopRight, radius=102, center=Point(978, 102)}, RoundedCorner{position=BottomRight, radius=102, center=Point(978, 2238)}, RoundedCorner{position=BottomLeft, radius=102, center=Point(102, 2238)}]}  mRoundedCornerFrame=Rect(0, 0 - 0, 0), mPrivacyIndicatorBounds=PrivacyIndicatorBounds {static bounds=Rect(948, 0 - 1080, 88) rotation=0}, mDisplayShape=DisplayShape{ spec=1769313948 displayWidth=1080 displayHeight=2340 physicalPixelDisplaySizeRatio=1.0 rotation=0 offsetX=0 offsetY=0 scale=1.0}, mSources= { InsetsSource: {9d390000 mType=statusBars mFrame=[0,0][1080,88] mVisible=true mFlags=[]}, InsetsSource: {9d390005 mType=mandatorySystemGestures mFrame=[0,0][1080,123] mVisible=true mFlags=[]}, InsetsSource: {9d390006 mType=tappableElement mFrame=[0,0][1080,88] mVisible=true mFlags=[]}, InsetsSource: {27 mType=displayCutout mFrame=[0,0][1080,87] mVisible=true mFlags=[]}, InsetsSource: {7bd50001 mType=navigationBars mFrame=[0,2196][1080,2340] mVisible=true mFlags=[]}, InsetsSource: {7bd50004 mType=systemGestures mFrame=[0,0][0,0] mVisible=true mFlags=[]}, InsetsSource: {7bd50005 mType=mandatorySystemGestures mFrame=[0,2196][1080,2340] mVisible=true mFlags=[]}, InsetsSource: {7bd50006 mType=tappableElement mFrame=[0,2196][1080,2340] mVisible=true mFlags=[]}, InsetsSource: {7bd50024 mType=systemGestures mFrame=[0,0][0,0] mVisible=true mFlags=[]} }
11-29 11:23:55.635 I/SDHMS:BarTender:Analyzer:AppError( 3920): analyze app error : uid=10361, pkg=com.example.appajicolorgrupo4, appErrorCount=9
11-29 11:23:55.635 D/CoreBackPreview( 1162): Window{461815e u0 Application Error: com.example.appajicolorgrupo4}: Setting back callback OnBackInvokedCallbackInfo{mCallback=android.window.WindowOnBackInvokedDispatcher$OnBackInvokedCallbackWrapper@73f3dc3, mPriority=0, mIsAnimationCallback=false}
11-29 11:23:55.636 V/WindowManager( 1162): Relayout Window{461815e u0 Application Error: com.example.appajicolorgrupo4}: viewVisibility=0 req=1080x747 ty=2003 d0
11-29 11:23:55.637 I/SurfaceFlinger(  880): id=29502 createSurf, flag=44004, Application Error: com.example.appajicolorgrupo4#29502
11-29 11:23:55.637 D/WindowManager( 1162): makeSurface duration=1 name=Application Error: com.example.appajicolorgrupo4
11-29 11:23:55.639 I/InsetsSourceConsumer( 1162): applyRequestedVisibilityToControl: visible=true, type=navigationBars, host=Application Error: com.example.appajicolorgrupo4
11-29 11:23:55.639 I/Layer   (  880): Layer [461815e Application Error: com.example.appajicolorgrupo4#29499] hidden!! flag(0)
11-29 11:23:55.639 I/InsetsSourceConsumer( 1162): applyRequestedVisibilityToControl: visible=true, type=statusBars, host=Application Error: com.example.appajicolorgrupo4
11-29 11:23:55.649 D/InputDispatcher( 1162): Focus request (0): 461815e Application Error: com.example.appajicolorgrupo4 but waiting because NO_WINDOW
11-29 11:23:55.666 D/WindowManager( 1162): finishDrawingWindow: Window{461815e u0 Application Error: com.example.appajicolorgrupo4} mDrawState=DRAW_PENDING seqId=0
11-29 11:23:55.669 I/WindowManager( 1162): Reparenting to leash, surface=Surface(name=461815e Application Error: com.example.appajicolorgrupo4)/@0x49811e7, leashParent=Surface(name=WindowToken{a90e19d type=2003 android.view.ViewRootImpl$W@730c874})/@0x9de3194
11-29 11:23:55.669 I/SurfaceFlinger(  880): id=29508 createSurf, flag=24004, Surface(name=461815e Application Error: com.example.appajicolorgrupo4)/@0x49811e7 - animation-leash of window_animation#29508
11-29 11:23:55.670 D/WindowManager( 1162): makeSurface duration=1 leash=Surface(name=Surface(name=461815e Application Error: com.example.appajicolorgrupo4)/@0x49811e7 - animation-leash of window_animation)/@0x32e643d
11-29 11:23:55.671 V/WindowManager( 1162): performShowLocked: mDrawState=HAS_DRAWN in Window{461815e u0 Application Error: com.example.appajicolorgrupo4}
11-29 11:23:55.681 I/Layer   (  880): Layer [Surface(name=461815e Application Error: com.example.appajicolorgrupo4)/@0x49811e7 - animation-leash of window_animation#29508] hidden!! flag(0)
11-29 11:23:55.681 I/Layer   (  880): Layer [Application Error: com.example.appajicolorgrupo4#29502] hidden!! flag(0)
11-29 11:23:55.691 D/InputDispatcher( 1162): Focus entered window (0): 461815e Application Error: com.example.appajicolorgrupo4
11-29 11:23:55.696 D/SurfaceFlinger(  880):      DEVICE | 0xb40000786c15dc90 | 0102 | RGBA_8888    |    0.0    0.0 1080.0 2340.0 |    0    0 1080 2340 | com.example.appajicolorgrupo4/com.ex[...]olorgrupo4.MainActivity$_11283#29488
11-29 11:23:55.696 D/SurfaceFlinger(  880):      DEVICE | 0xb40000786c140410 | 0100 | RGBA_8888    |    6.0    0.0 1086.0  759.0 |    0 1539 1080 2298 | Application Error: com.example.appajicolorgrupo4#29502
11-29 11:23:55.704 D/SurfaceFlinger(  880):      DEVICE | 0xb40000786c15dc90 | 0102 | RGBA_8888    |    0.0    0.0 1080.0 2340.0 |    0    0 1080 2340 | com.example.appajicolorgrupo4/com.ex[...]olorgrupo4.MainActivity$_11283#29488
11-29 11:23:55.704 D/SurfaceFlinger(  880):      DEVICE | 0xb40000786c140410 | 0100 | RGBA_8888    |    6.0    0.0 1086.0  759.0 |    0 1534 1080 2293 | Application Error: com.example.appajicolorgrupo4#29502
11-29 11:23:55.974 I/WindowManager( 1162): Reparenting to original parent: Surface(name=WindowToken{a90e19d type=2003 android.view.ViewRootImpl$W@730c874})/@0x9de3194, destroy=true, surface=Surface(name=461815e Application Error: com.example.appajicolorgrupo4)/@0x49811e7
11-29 11:23:55.982 I/Layer   (  880): id=29508 removeFromCurrentState Surface(name=461815e Application Error: com.example.appajicolorgrupo4)/@0x49811e7 - animation-leash of window_animation#29508 (239)
11-29 11:23:55.982 I/Layer   (  880): id=29511 Destroyed Surface(name=461815e Application Error: com.example.appajicolorgrupo4)/@0x49811e7 - animation-leash of window_animation#29508 (Mirror)#29511
11-29 11:23:55.983 I/SurfaceFlinger(  880): id=29508 Removed Surface(name=461815e Application Error: com.example.appajicolorgrupo4)/@0x49811e7 - animation-leash of window_animation#29508 (238)
11-29 11:23:55.991 I/Layer   (  880): id=29508 Destroyed Surface(name=461815e Application Error: com.example.appajicolorgrupo4)/@0x49811e7 - animation-leash of window_animation#29508
11-29 11:23:56.082 W/ActivityTaskManager( 1162): Activity top resumed state loss timeout for ActivityRecord{195a57a u0 com.example.appajicolorgrupo4/.MainActivity t238 f}}
11-29 11:23:56.091 W/ActivityTaskManager( 1162): Activity pause timeout for ActivityRecord{195a57a u0 com.example.appajicolorgrupo4/.MainActivity t238 f}}
11-29 11:23:56.107 D/SGM:FgCheckThread( 1162): notePauseComponent(), received pkgName: com.example.appajicolorgrupo4, userId: 0
11-29 11:23:56.119 V/WindowManager( 1162): Start calculating TransitionInfo based on participants: {ActivityRecord{1234523 u0 com.sec.android.app.launcher/.activities.LauncherActivity t170}, ActivityRecord{195a57a u0 com.example.appajicolorgrupo4/.MainActivity t238 f}}, WallpaperWindowToken{3aa788a token=android.os.Binder@319e2f5}, Task{b7ed12b #238 type=standard A=10361:com.example.appajicolorgrupo4}}
11-29 11:23:56.119 V/WindowManager( 1162):   Final targets: [Task{5daeee9 #169 type=home}, Task{b7ed12b #238 type=standard A=10361:com.example.appajicolorgrupo4}]
11-29 11:23:56.132 D/RenderEngine(  880): [SEC_GC_CMN_SF_EFFECTS] drawLayersInternal,1291, Rendering layer com.example.appajicolorgrupo4/com.example.appajicolorgrupo4.MainActivity$_11283#29488 at index 1
11-29 11:23:56.134 V/WindowManager( 1162):         {WCT{RemoteToken{e3d34b8 Task{b7ed12b #238 type=standard A=10361:com.example.appajicolorgrupo4}}} m=CLOSE f=NONE leash=Surface(name=Task=238)/@0xb62612a sb=Rect(0, 0 - 1080, 2340) eb=Rect(0, 0 - 1080, 2340) d=0 inset=Rect(0, 88 - 0, 144)}
11-29 11:23:56.136 V/WindowManager( 1162):         {WCT{RemoteToken{e3d34b8 Task{b7ed12b #238 type=standard A=10361:com.example.appajicolorgrupo4}}} m=CLOSE f=NONE leash=Surface(name=Task=238)/@0xb62612a sb=Rect(0, 0 - 1080, 2340) eb=Rect(0, 0 - 1080, 2340) d=0 inset=Rect(0, 88 - 0, 144)}
11-29 11:23:56.139 I/HoneySpace.AppListFastRecyclerViewAdapter(16374): findCloseTarget : 220, ComponentInfo{com.example.appajicolorgrupo4/com.example.appajicolorgrupo4.MainActivity}
11-29 11:23:56.142 I/AppIconSolution(16374): getThemeIconWithBG called with public API, pkg = com.example.appajicolorgrupo4, mode = 48
11-29 11:23:56.142 I/AppIconSolution(16374): return adaptive icon for com.example.appajicolorgrupo4, isNight = true
11-29 11:23:56.142 I/LauncherActivityInfo(16374): packageName: com.example.appajicolorgrupo4, useThemeIcon: false, height: 288, width: 288, density: 640
11-29 11:23:56.165 D/SurfaceFlinger(  880):      CLIENT | 0xb40000786c15dc90 | 0102 | RGBA_8888    |    0.0    0.0 1080.0 2340.0 |    0    0 1080 2340 | com.example.appajicolorgrupo4/com.ex[...]olorgrupo4.MainActivity$_11283#29488
11-29 11:23:56.165 D/SurfaceFlinger(  880):      DEVICE | 0xb40000786c140410 | 0100 | RGBA_8888    |    6.0    0.0 1086.0  759.0 |    0 1443 1080 2202 | Application Error: com.example.appajicolorgrupo4#29502
11-29 11:23:56.209 I/SurfaceFlinger(  880): id=29494 Removed Surface(name=3bf885c com.example.appajicolorgrupo4/com.example.appajicolorgrupo4.MainActivity)/@0x50cc263 - animation-leash of starting_reveal#29494 (245)
11-29 11:23:56.214 I/SurfaceFlinger(  880): id=29442 Removed Surface(name=43a924b com.example.appajicolorgrupo4/com.example.appajicolorgrupo4.MainActivity)/@0xbca1758 - animation-leash of starting_reveal#29442 (245)
11-29 11:23:56.215 I/Layer   (  880): id=29442 Destroyed Surface(name=43a924b com.example.appajicolorgrupo4/com.example.appajicolorgrupo4.MainActivity)/@0xbca1758 - animation-leash of starting_reveal#29442
11-29 11:23:56.215 I/Layer   (  880): id=29494 Destroyed Surface(name=3bf885c com.example.appajicolorgrupo4/com.example.appajicolorgrupo4.MainActivity)/@0x50cc263 - animation-leash of starting_reveal#29494
11-29 11:23:56.218 I/SurfaceFlinger(  880): id=28299 Removed Surface(name=e0f58c4 com.example.appajicolorgrupo4/com.example.appajicolorgrupo4.MainActivity)/@0x6dc7af4 - animation-leash of starting_reveal#28299 (243)
11-29 11:23:56.221 I/SurfaceFlinger(  880): id=28150 Removed Surface(name=b355264 com.example.appajicolorgrupo4/com.example.appajicolorgrupo4.MainActivity)/@0x84049e8 - animation-leash of starting_reveal#28150 (243)
11-29 11:23:56.223 I/Layer   (  880): id=28150 Destroyed Surface(name=b355264 com.example.appajicolorgrupo4/com.example.appajicolorgrupo4.MainActivity)/@0x84049e8 - animation-leash of starting_reveal#28150
11-29 11:23:56.223 I/Layer   (  880): id=28299 Destroyed Surface(name=e0f58c4 com.example.appajicolorgrupo4/com.example.appajicolorgrupo4.MainActivity)/@0x6dc7af4 - animation-leash of starting_reveal#28299
11-29 11:23:56.230 W/ndroid.systemui(18822): ApkAssets: Deleting an ApkAssets object '<empty> and /data/app/~~x_2jB-iclGs01nnaUsp_Bw==/com.example.appajicolorgrupo4-tNZfgUydU6dqujbzTVnKgQ==/base.apk' with 1 weak references
11-29 11:23:56.465 D/SurfaceFlinger(  880):      DEVICE | 0xb40000786c140410 | 0100 | RGBA_8888    |    6.0    0.0 1086.0  759.0 |    0 1443 1080 2202 | Application Error: com.example.appajicolorgrupo4#29502
11-29 11:23:56.502 V/WindowManager( 1162): Setting visibility of Window{3bf885c u0 com.example.appajicolorgrupo4/com.example.appajicolorgrupo4.MainActivity}: false, caller=com.android.server.wm.WindowContainer.sendAppVisibilityToClients:1305 com.android.server.wm.WindowToken.setClientVisible:454 com.android.server.wm.ActivityRecord.setClientVisible:8235 com.android.server.wm.ActivityRecord.postApplyAnimation:6766 com.android.server.wm.ActivityRecord.commitVisibility:6709 
11-29 11:23:56.507 I/Layer   (  880): id=29465 removeFromCurrentState ActivityRecord{195a57a u0 com.example.appajicolorgrupo4/.MainActivity t238}#29465 (238)
11-29 11:23:56.507 I/Layer   (  880): id=29475 removeFromCurrentState 4d2df9c ActivityRecordInputSink com.example.appajicolorgrupo4/.MainActivity#29475 (238)
11-29 11:23:56.507 I/Layer   (  880): id=29486 removeFromCurrentState 3bf885c com.example.appajicolorgrupo4/com.example.appajicolorgrupo4.MainActivity#29486 (238)
11-29 11:23:56.507 I/Layer   (  880): id=29488 removeFromCurrentState com.example.appajicolorgrupo4/com.example.appajicolorgrupo4.MainActivity$_11283#29488 (238)
11-29 11:23:56.507 I/Layer   (  880): id=29465 addToCurrentState ActivityRecord{195a57a u0 com.example.appajicolorgrupo4/.MainActivity t238}#29465 (238)
11-29 11:23:56.507 I/Layer   (  880): id=29475 addToCurrentState 4d2df9c ActivityRecordInputSink com.example.appajicolorgrupo4/.MainActivity#29475 (238)
11-29 11:23:56.507 I/Layer   (  880): id=29486 addToCurrentState 3bf885c com.example.appajicolorgrupo4/com.example.appajicolorgrupo4.MainActivity#29486 (238)
11-29 11:23:56.507 I/Layer   (  880): id=29488 addToCurrentState com.example.appajicolorgrupo4/com.example.appajicolorgrupo4.MainActivity$_11283#29488 (238)
11-29 11:23:56.507 I/Layer   (  880): Layer [com.example.appajicolorgrupo4/com.example.appajicolorgrupo4.MainActivity$_11283#29488] hidden!! flag(1)
11-29 11:23:56.507 I/Layer   (  880): Layer [ActivityRecord{195a57a u0 com.example.appajicolorgrupo4/.MainActivity t238}#29465] hidden!! flag(1)
11-29 11:23:56.507 D/PkgPredictorService-SecIpmManagerServiceImpl( 1162): bg information pid:11283 uid:10361 pkgName:com.example.appajicolorgrupo4
11-29 11:24:01.528 D/FreecessController( 1162): com.example.appajicolorgrupo4(10361) is important[2]
11-29 11:24:05.617 D/InputDispatcher( 1162): 3bf885c com.example.appajicolorgrupo4/com.example.appajicolorgrupo4.MainActivity (server) is not responding. Waited 10007ms for FocusEvent(hasFocus=false)
11-29 11:24:05.624 W/InputDispatcher( 1162): Window 3bf885c com.example.appajicolorgrupo4/com.example.appajicolorgrupo4.MainActivity (server) is unresponsive: 3bf885c com.example.appajicolorgrupo4/com.example.appajicolorgrupo4.MainActivity (server) is not responding. Waited 10007ms for FocusEvent(hasFocus=false)
11-29 11:24:05.624 W/InputDispatcher( 1162): Canceling events for 3bf885c com.example.appajicolorgrupo4/com.example.appajicolorgrupo4.MainActivity (server) because it is unresponsive
11-29 11:24:05.626 I/WindowManager( 1162): ANR in Window{3bf885c u0 com.example.appajicolorgrupo4/com.example.appajicolorgrupo4.MainActivity}. Reason:Input dispatching timed out (3bf885c com.example.appajicolorgrupo4/com.example.appajicolorgrupo4.MainActivity (server) is not responding. Waited 10007ms for FocusEvent(hasFocus=false))
11-29 11:24:05.629 W/ActivityManager( 1162): anr : com.example.appajicolorgrupo4,10361
11-29 11:24:05.652 I/SDHMS:BarTender:Gatherer:AppError( 3920): update AppError : uid=10361, pkg=com.example.appajicolorgrupo4, errorType=anr
11-29 11:24:05.668 I/SDHMS:BarTender:Analyzer:AppError( 3920): analyze app error : uid=10361, pkg=com.example.appajicolorgrupo4, appErrorCount=10
11-29 11:24:05.668 I/SDHMS:BarTender:Analyzer:AppError( 3920): detected app error : uid=10361, pkg=com.example.appajicolorgrupo4
11-29 11:24:05.685 I/DC.AnomalyNotiService( 6226): pkg:com.example.appajicolorgrupo4,uid:10361,auto:0,type:1008,reason:4
11-29 11:24:06.052 I/NotifiedWithin1DayAnomalyFilter( 6226): This app com.example.appajicolorgrupo4 10361 is already notified within 24 hours, so we do not notify this anomaly
11-29 11:24:06.052 I/NotifiedWithin1DayAnomalyFilter( 6226): notified within 1 day. skip it p:com.example.appajicolorgrupo4
11-29 11:24:06.202 I/ActivityManager( 1162): Crashing app skipping ANR: com.android.server.am.ProcessErrorStateRecord@c32201f Input dispatching timed out (3bf885c com.example.appajicolorgrupo4/com.example.appajicolorgrupo4.MainActivity (server) is not responding. Waited 10007ms for FocusEvent(hasFocus=false))
11-29 11:24:06.203 D/ActivityManager( 1162): Completed ANR of com.example.appajicolorgrupo4 in 573ms, latency 2ms
11-29 11:24:06.509 W/ActivityTaskManager( 1162): Activity destroy timeout for ActivityRecord{195a57a u0 com.example.appajicolorgrupo4/.MainActivity t238 f}}
11-29 11:24:06.511 W/InputManager-JNI( 1162): Input channel object '3bf885c com.example.appajicolorgrupo4/com.example.appajicolorgrupo4.MainActivity (client)' was disposed without first being removed with the input manager!
11-29 11:24:06.512 V/WindowManager( 1162): Remove Window{3bf885c u0 com.example.appajicolorgrupo4/com.example.appajicolorgrupo4.MainActivity}: mSurfaceController=Surface(name=com.example.appajicolorgrupo4/com.example.appajicolorgrupo4.MainActivity$_11283)/@0xcdd824 mAnimatingExit=false mRemoveOnExit=false mHasSurface=true surfaceShowing=false animating=false app-animation=false mDisplayFrozen=false callers=com.android.server.wm.WindowToken.removeAllWindowsIfPossible:258 com.android.server.wm.ActivityRecord.removeIfPossible:5220 com.android.server.wm.ActivityRecord.onRemovedFromDisplay:5308 com.android.server.wm.DisplayContent.removeAppToken:1892 com.android.server.wm.ActivityRecord.removeFromHistory:4899 com.android.server.wm.ActivityRecord.destroyed:4974 
11-29 11:24:06.513 I/WindowManager( 1162): Destroying surface Surface(name=com.example.appajicolorgrupo4/com.example.appajicolorgrupo4.MainActivity$_11283)/@0xcdd824 called by com.android.server.wm.WindowStateAnimator.destroySurface:811 com.android.server.wm.WindowStateAnimator.destroySurfaceLocked:478 com.android.server.wm.WindowState.removeImmediately:2958 com.android.server.wm.WindowState.removeIfPossible:3226 com.android.server.wm.WindowToken.removeAllWindowsIfPossible:258 com.android.server.wm.ActivityRecord.removeIfPossible:5220 com.android.server.wm.ActivityRecord.onRemovedFromDisplay:5308 com.android.server.wm.DisplayContent.removeAppToken:1892 
11-29 11:24:06.528 I/SurfaceFlinger(  880): id=29475 Removed 4d2df9c ActivityRecordInputSink com.example.appajicolorgrupo4/.MainActivity#29475 (231)
11-29 11:24:06.531 D/FreecessController( 1162): com.example.appajicolorgrupo4(10361) is important[2]
11-29 11:24:06.531 I/Layer   (  880): id=29488 removeFromCurrentState com.example.appajicolorgrupo4/com.example.appajicolorgrupo4.MainActivity$_11283#29488 (232)
11-29 11:24:06.531 I/Layer   (  880): id=29486 removeFromCurrentState 3bf885c com.example.appajicolorgrupo4/com.example.appajicolorgrupo4.MainActivity#29486 (232)
11-29 11:24:06.532 I/Layer   (  880): id=29487 Destroyed 3bf885c com.example.appajicolorgrupo4/com.example.appajicolorgrupo4.MainActivity#29486 (Mirror)#29487
11-29 11:24:06.533 I/SurfaceFlinger(  880): id=29486 Removed 3bf885c com.example.appajicolorgrupo4/com.example.appajicolorgrupo4.MainActivity#29486 (231)
11-29 11:24:06.534 I/Layer   (  880): id=29491 Destroyed com.example.appajicolorgrupo4/com.example.appajicolorgrupo4.MainActivity$_11283#29488 (Mirror)#29491
11-29 11:24:06.544 I/Layer   (  880): id=29465 removeFromCurrentState ActivityRecord{195a57a u0 com.example.appajicolorgrupo4/.MainActivity t238}#29465 (230)
11-29 11:24:06.544 I/Layer   (  880): id=29475 removeFromCurrentState 4d2df9c ActivityRecordInputSink com.example.appajicolorgrupo4/.MainActivity#29475 (230)
11-29 11:24:06.544 I/Layer   (  880): id=29486 Destroyed 3bf885c com.example.appajicolorgrupo4/com.example.appajicolorgrupo4.MainActivity#29486
11-29 11:24:06.545 I/Layer   (  880): id=29468 Destroyed ActivityRecord{195a57a u0 com.example.appajicolorgrupo4/.MainActivity t238}#29465 (Mirror)#29468
11-29 11:24:06.545 I/Layer   (  880): id=29481 Destroyed 4d2df9c ActivityRecordInputSink com.example.appajicolorgrupo4/.MainActivity#29475 (Mirror)#29481
11-29 11:24:06.545 I/SurfaceFlinger(  880): id=29465 Removed ActivityRecord{195a57a u0 com.example.appajicolorgrupo4/.MainActivity t238}#29465 (222)
11-29 11:24:06.553 I/Layer   (  880): id=29465 Destroyed ActivityRecord{195a57a u0 com.example.appajicolorgrupo4/.MainActivity t238}#29465
11-29 11:24:06.553 I/Layer   (  880): id=29475 Destroyed 4d2df9c ActivityRecordInputSink com.example.appajicolorgrupo4/.MainActivity#29475
11-29 11:24:11.537 D/FreecessController( 1162): com.example.appajicolorgrupo4(10361) is important[2]
11-29 11:24:13.582 D/RenderEngine(  880): [SEC_GC_CMN_SF_EFFECTS] drawLayersInternal,1291, Rendering layer Application Error: com.example.appajicolorgrupo4#29502 at index 4
11-29 11:24:16.545 D/FreecessController( 1162): com.example.appajicolorgrupo4(10361) is important[2]
11-29 11:24:21.550 D/FreecessController( 1162): com.example.appajicolorgrupo4(10361) is important[2]
11-29 11:24:26.557 D/FreecessController( 1162): com.example.appajicolorgrupo4(10361) is important[2]
11-29 11:24:31.563 D/FreecessController( 1162): com.example.appajicolorgrupo4(10361) is important[2]
11-29 11:24:36.570 D/FreecessController( 1162): com.example.appajicolorgrupo4(10361) is important[2]
11-29 11:24:37.670 I/Layer   (  880): id=29504 Destroyed 461815e Application Error: com.example.appajicolorgrupo4#29499 (Mirror)#29504
11-29 11:24:37.670 I/Layer   (  880): id=29505 Destroyed Application Error: com.example.appajicolorgrupo4#29502 (Mirror)#29505
11-29 11:24:41.576 D/FreecessController( 1162): com.example.appajicolorgrupo4(10361) is important[2]
11-29 11:24:43.666 D/RenderEngine(  880): [SEC_GC_CMN_SF_EFFECTS] drawLayersInternal,1291, Rendering layer Application Error: com.example.appajicolorgrupo4#29502 at index 4
11-29 11:24:46.581 D/FreecessController( 1162): com.example.appajicolorgrupo4(10361) is important[2]
11-29 11:24:51.587 D/FreecessController( 1162): com.example.appajicolorgrupo4(10361) is important[2]
11-29 11:24:56.592 D/FreecessController( 1162): com.example.appajicolorgrupo4(10361) is important[2]
11-29 11:25:01.600 D/FreecessController( 1162): com.example.appajicolorgrupo4(10361) is important[2]
11-29 11:25:06.605 D/FreecessController( 1162): com.example.appajicolorgrupo4(10361) is important[2]
11-29 11:25:11.611 D/FreecessController( 1162): com.example.appajicolorgrupo4(10361) is important[2]
11-29 11:25:13.747 D/RenderEngine(  880): [SEC_GC_CMN_SF_EFFECTS] drawLayersInternal,1291, Rendering layer Application Error: com.example.appajicolorgrupo4#29502 at index 4
11-29 11:25:16.618 D/FreecessController( 1162): com.example.appajicolorgrupo4(10361) is important[2]
11-29 11:25:21.625 D/FreecessController( 1162): com.example.appajicolorgrupo4(10361) is important[2]
11-29 11:25:26.631 D/FreecessController( 1162): com.example.appajicolorgrupo4(10361) is important[2]
11-29 11:25:31.638 D/FreecessController( 1162): com.example.appajicolorgrupo4(10361) is important[2]
11-29 11:25:32.190 I/Layer   (  880): id=29569 Destroyed 461815e Application Error: com.example.appajicolorgrupo4#29499 (Mirror)#29569
11-29 11:25:32.190 I/Layer   (  880): id=29570 Destroyed Application Error: com.example.appajicolorgrupo4#29502 (Mirror)#29570
11-29 11:25:36.645 D/FreecessController( 1162): com.example.appajicolorgrupo4(10361) is important[2]
11-29 11:25:41.653 D/FreecessController( 1162): com.example.appajicolorgrupo4(10361) is important[2]
11-29 11:25:43.830 D/RenderEngine(  880): [SEC_GC_CMN_SF_EFFECTS] drawLayersInternal,1291, Rendering layer Application Error: com.example.appajicolorgrupo4#29502 at index 4
11-29 11:25:46.660 D/FreecessController( 1162): com.example.appajicolorgrupo4(10361) is important[2]
11-29 11:25:51.665 D/FreecessController( 1162): com.example.appajicolorgrupo4(10361) is important[2]
11-29 11:25:56.672 D/FreecessController( 1162): com.example.appajicolorgrupo4(10361) is important[2]
11-29 11:26:01.107 W/id.app.launcher(16374): ApkAssets: Deleting an ApkAssets object '<empty> and /data/app/~~x_2jB-iclGs01nnaUsp_Bw==/com.example.appajicolorgrupo4-tNZfgUydU6dqujbzTVnKgQ==/base.apk' with 1 weak references
11-29 11:26:01.677 D/FreecessController( 1162): com.example.appajicolorgrupo4(10361) is important[2]
11-29 11:26:06.684 D/FreecessController( 1162): com.example.appajicolorgrupo4(10361) is important[2]
11-29 11:26:11.689 D/FreecessController( 1162): com.example.appajicolorgrupo4(10361) is important[2]
11-29 11:26:13.911 D/RenderEngine(  880): [SEC_GC_CMN_SF_EFFECTS] drawLayersInternal,1291, Rendering layer Application Error: com.example.appajicolorgrupo4#29502 at index 4
11-29 11:26:16.697 D/FreecessController( 1162): com.example.appajicolorgrupo4(10361) is important[2]
11-29 11:26:21.701 D/FreecessController( 1162): com.example.appajicolorgrupo4(10361) is important[2]
11-29 11:26:26.709 D/FreecessController( 1162): com.example.appajicolorgrupo4(10361) is important[2]
11-29 11:26:31.716 D/FreecessController( 1162): com.example.appajicolorgrupo4(10361) is important[2]
11-29 11:26:32.296 I/Layer   (  880): id=29666 Destroyed 461815e Application Error: com.example.appajicolorgrupo4#29499 (Mirror)#29666
11-29 11:26:32.296 I/Layer   (  880): id=29667 Destroyed Application Error: com.example.appajicolorgrupo4#29502 (Mirror)#29667
11-29 11:26:36.722 D/FreecessController( 1162): com.example.appajicolorgrupo4(10361) is important[2]
11-29 11:26:41.729 D/FreecessController( 1162): com.example.appajicolorgrupo4(10361) is important[2]
11-29 11:26:44.001 D/RenderEngine(  880): [SEC_GC_CMN_SF_EFFECTS] drawLayersInternal,1291, Rendering layer Application Error: com.example.appajicolorgrupo4#29502 at index 4
11-29 11:26:46.736 D/FreecessController( 1162): com.example.appajicolorgrupo4(10361) is important[2]
11-29 11:26:51.742 D/FreecessController( 1162): com.example.appajicolorgrupo4(10361) is important[2]
11-29 11:26:56.748 D/FreecessController( 1162): com.example.appajicolorgrupo4(10361) is important[2]
11-29 11:27:01.754 D/FreecessController( 1162): com.example.appajicolorgrupo4(10361) is important[2]
11-29 11:27:06.760 D/FreecessController( 1162): com.example.appajicolorgrupo4(10361) is important[2]
11-29 11:27:11.766 D/FreecessController( 1162): com.example.appajicolorgrupo4(10361) is important[2]
11-29 11:27:14.089 D/RenderEngine(  880): [SEC_GC_CMN_SF_EFFECTS] drawLayersInternal,1291, Rendering layer Application Error: com.example.appajicolorgrupo4#29502 at index 4
11-29 11:27:16.774 D/FreecessController( 1162): com.example.appajicolorgrupo4(10361) is important[2]
11-29 11:27:21.780 D/FreecessController( 1162): com.example.appajicolorgrupo4(10361) is important[2]
11-29 11:27:26.786 D/FreecessController( 1162): com.example.appajicolorgrupo4(10361) is important[2]
11-29 11:27:31.792 D/FreecessController( 1162): com.example.appajicolorgrupo4(10361) is important[2]
11-29 11:27:32.321 I/Layer   (  880): id=29763 Destroyed 461815e Application Error: com.example.appajicolorgrupo4#29499 (Mirror)#29763
11-29 11:27:32.321 I/Layer   (  880): id=29764 Destroyed Application Error: com.example.appajicolorgrupo4#29502 (Mirror)#29764
11-29 11:27:36.798 D/FreecessController( 1162): com.example.appajicolorgrupo4(10361) is important[2]
11-29 11:27:41.804 D/FreecessController( 1162): com.example.appajicolorgrupo4(10361) is important[2]
11-29 11:27:44.171 D/RenderEngine(  880): [SEC_GC_CMN_SF_EFFECTS] drawLayersInternal,1291, Rendering layer Application Error: com.example.appajicolorgrupo4#29502 at index 4
11-29 11:27:46.810 D/FreecessController( 1162): com.example.appajicolorgrupo4(10361) is important[2]
11-29 11:27:51.816 D/FreecessController( 1162): com.example.appajicolorgrupo4(10361) is important[2]
11-29 11:27:56.822 D/FreecessController( 1162): com.example.appajicolorgrupo4(10361) is important[2]
11-29 11:28:01.829 D/FreecessController( 1162): com.example.appajicolorgrupo4(10361) is important[2]
11-29 11:28:06.837 D/FreecessController( 1162): com.example.appajicolorgrupo4(10361) is important[2]
11-29 11:28:11.843 D/FreecessController( 1162): com.example.appajicolorgrupo4(10361) is important[2]
11-29 11:28:14.251 D/RenderEngine(  880): [SEC_GC_CMN_SF_EFFECTS] drawLayersInternal,1291, Rendering layer Application Error: com.example.appajicolorgrupo4#29502 at index 4
11-29 11:28:16.850 D/FreecessController( 1162): com.example.appajicolorgrupo4(10361) is important[2]
11-29 11:28:21.857 D/FreecessController( 1162): com.example.appajicolorgrupo4(10361) is important[2]
11-29 11:28:26.863 D/FreecessController( 1162): com.example.appajicolorgrupo4(10361) is important[2]
11-29 11:28:31.869 D/FreecessController( 1162): com.example.appajicolorgrupo4(10361) is important[2]
11-29 11:28:32.336 I/Layer   (  880): id=29860 Destroyed 461815e Application Error: com.example.appajicolorgrupo4#29499 (Mirror)#29860
11-29 11:28:32.336 I/Layer   (  880): id=29861 Destroyed Application Error: com.example.appajicolorgrupo4#29502 (Mirror)#29861
11-29 11:28:36.877 D/FreecessController( 1162): com.example.appajicolorgrupo4(10361) is important[2]
11-29 11:28:41.885 D/FreecessController( 1162): com.example.appajicolorgrupo4(10361) is important[2]
11-29 11:28:44.333 D/RenderEngine(  880): [SEC_GC_CMN_SF_EFFECTS] drawLayersInternal,1291, Rendering layer Application Error: com.example.appajicolorgrupo4#29502 at index 4
11-29 11:28:46.893 D/FreecessController( 1162): com.example.appajicolorgrupo4(10361) is important[2]
11-29 11:28:51.899 D/FreecessController( 1162): com.example.appajicolorgrupo4(10361) is important[2]
11-29 11:28:55.606 D/CoreBackPreview( 1162): Window{461815e u0 Application Error: com.example.appajicolorgrupo4}: Setting back callback null
11-29 11:28:55.609 I/ActivityManager( 1162): Killing 11283:com.example.appajicolorgrupo4/u0a361 (adj 900): crash
11-29 11:28:55.616 D/ActivityManager( 1162): proc ProcessRecord{3fceded 11283:com.example.appajicolorgrupo4/u0a361} already removed. so we skip next process.
11-29 11:28:55.627 W/InputManager-JNI( 1162): Input channel object '461815e Application Error: com.example.appajicolorgrupo4 (client)' was disposed without first being removed with the input manager!
11-29 11:28:55.627 V/WindowManager( 1162): Remove Window{461815e u0 Application Error: com.example.appajicolorgrupo4}: mSurfaceController=Surface(name=Application Error: com.example.appajicolorgrupo4)/@0x1a26c78 mAnimatingExit=false mRemoveOnExit=false mHasSurface=true surfaceShowing=true animating=false app-animation=false mDisplayFrozen=false callers=com.android.server.wm.WindowManagerService.removeWindow:2151 com.android.server.wm.Session.remove:257 android.view.ViewRootImpl.dispatchDetachedFromWindow:6885 android.view.ViewRootImpl.doDie:10797 android.view.ViewRootImpl.die:10773 android.view.WindowManagerGlobal.removeViewLocked:717 
11-29 11:28:55.628 I/WindowManager( 1162): Reparenting to leash, surface=Surface(name=461815e Application Error: com.example.appajicolorgrupo4)/@0x49811e7, leashParent=Surface(name=WindowToken{a90e19d type=2003 android.view.ViewRootImpl$W@730c874})/@0x9de3194
11-29 11:28:55.629 I/SurfaceFlinger(  880): id=30013 createSurf, flag=24000, Surface(name=461815e Application Error: com.example.appajicolorgrupo4)/@0x49811e7 - animation-leash of window_animation#30013
11-29 11:28:55.630 D/WindowManager( 1162): makeSurface duration=2 leash=Surface(name=Surface(name=461815e Application Error: com.example.appajicolorgrupo4)/@0x49811e7 - animation-leash of window_animation)/@0xcd28609
11-29 11:28:55.630 V/WindowManager( 1162): removeIfPossible 2, Window{461815e u0 Application Error: com.example.appajicolorgrupo4}: mAnimatingExit=true caller=com.android.server.wm.WindowManagerService.removeWindow:2151 com.android.server.wm.Session.remove:257 android.view.ViewRootImpl.dispatchDetachedFromWindow:6885 android.view.ViewRootImpl.doDie:10797 android.view.ViewRootImpl.die:10773 
11-29 11:28:55.630 V/WindowManager( 1162): Changing focus from Window{461815e u0 Application Error: com.example.appajicolorgrupo4 EXITING} to Window{e72c0f5 u0 com.sec.android.app.launcher/com.sec.android.app.launcher.activities.LauncherActivity} displayId=0 Callers=com.android.server.wm.RootWindowContainer.updateFocusedWindowLocked:581 com.android.server.wm.WindowManagerService.updateFocusedWindowLocked:6910 com.android.server.wm.WindowState.setupWindowForRemoveOnExit:3263 com.android.server.wm.WindowState.removeIfPossible:3191 
11-29 11:28:55.633 D/WindowManager( 1162): updateSystemBarAttributes: displayId=0, win=Window{e72c0f5 u0 com.sec.android.app.launcher/com.sec.android.app.launcher.activities.LauncherActivity}, navColorWin=Window{461815e u0 Application Error: com.example.appajicolorgrupo4 EXITING}, focusedCanBeNavColorWin=false, behavior=2, appearance=0, statusBarAppearanceRegions=[AppearanceRegion{ bounds=[0,0][1080,2340]}], requestedVisibilities=-9, from=com.android.server.wm.DisplayPolicy.focusChangedLw:2988 com.android.server.wm.DisplayContent.updateFocusedWindowLocked:4900 com.android.server.wm.RootWindowContainer.updateFocusedWindowLocked:581 
11-29 11:28:55.657 D/InputDispatcher( 1162): Focus left window (0): 461815e Application Error: com.example.appajicolorgrupo4
11-29 11:28:55.745 V/ActivityManager( 1162): Got obituary of 11283:com.example.appajicolorgrupo4
11-29 11:28:55.746 I/SurfaceFlinger(  880): id=29488 Removed com.example.appajicolorgrupo4/com.example.appajicolorgrupo4.MainActivity$_11283#29488 (227)
11-29 11:28:55.752 I/Layer   (  880): id=29488 Destroyed com.example.appajicolorgrupo4/com.example.appajicolorgrupo4.MainActivity$_11283#29488
11-29 11:28:55.952 I/WindowManager( 1162): Reparenting to original parent: Surface(name=WindowToken{a90e19d type=2003 android.view.ViewRootImpl$W@730c874})/@0x9de3194, destroy=true, surface=Surface(name=461815e Application Error: com.example.appajicolorgrupo4)/@0x49811e7
11-29 11:28:55.960 I/WindowManager( 1162): Destroying surface Surface(name=Application Error: com.example.appajicolorgrupo4)/@0x1a26c78 called by com.android.server.wm.WindowStateAnimator.destroySurface:811 com.android.server.wm.WindowStateAnimator.destroySurfaceLocked:478 com.android.server.wm.WindowState.removeImmediately:2958 com.android.server.wm.WindowState.handleCompleteDeferredRemoval:5797 com.android.server.wm.WindowContainer.handleCompleteDeferredRemoval:1510 com.android.server.wm.WindowContainer.handleCompleteDeferredRemoval:1510 com.android.server.wm.WindowContainer.handleCompleteDeferredRemoval:1510 com.android.server.wm.WindowContainer.handleCompleteDeferredRemoval:1510 
11-29 11:28:55.971 I/Layer   (  880): id=29499 removeFromCurrentState 461815e Application Error: com.example.appajicolorgrupo4#29499 (223)
11-29 11:28:55.972 I/Layer   (  880): id=29502 removeFromCurrentState Application Error: com.example.appajicolorgrupo4#29502 (223)
11-29 11:28:55.972 I/Layer   (  880): id=30013 removeFromCurrentState Surface(name=461815e Application Error: com.example.appajicolorgrupo4)/@0x49811e7 - animation-leash of window_animation#30013 (223)
11-29 11:28:55.972 I/Layer   (  880): Layer [Application Error: com.example.appajicolorgrupo4#29502] hidden!! flag(1)
11-29 11:28:55.972 I/Layer   (  880): id=29502 removeFromCurrentState Application Error: com.example.appajicolorgrupo4#29502 (223)
11-29 11:28:55.973 I/Layer   (  880): id=30017 Destroyed Surface(name=461815e Application Error: com.example.appajicolorgrupo4)/@0x49811e7 - animation-leash of window_animation#30013 (Mirror)#30017
11-29 11:28:55.973 I/Layer   (  880): id=29957 Destroyed 461815e Application Error: com.example.appajicolorgrupo4#29499 (Mirror)#29957
11-29 11:28:55.974 I/SurfaceFlinger(  880): id=29502 Removed Application Error: com.example.appajicolorgrupo4#29502 (219)
11-29 11:28:55.974 I/SurfaceFlinger(  880): id=30013 Removed Surface(name=461815e Application Error: com.example.appajicolorgrupo4)/@0x49811e7 - animation-leash of window_animation#30013 (219)
11-29 11:28:55.974 I/SurfaceFlinger(  880): id=29499 Removed 461815e Application Error: com.example.appajicolorgrupo4#29499 (219)
11-29 11:28:55.974 I/Layer   (  880): id=29958 Destroyed Application Error: com.example.appajicolorgrupo4#29502 (Mirror)#29958
11-29 11:28:55.982 I/Layer   (  880): id=29499 Destroyed 461815e Application Error: com.example.appajicolorgrupo4#29499
11-29 11:28:55.982 I/Layer   (  880): id=29502 Destroyed Application Error: com.example.appajicolorgrupo4#29502
11-29 11:28:55.982 I/Layer   (  880): id=30013 Destroyed Surface(name=461815e Application Error: com.example.appajicolorgrupo4)/@0x49811e7 - animation-leash of window_animation#30013
11-29 11:31:39.337 I/Finsky  ( 9947): [2] VerifyApps: Install-time verification requested for package com.example.appajicolorgrupo4, PackageManager id = 36, Verifier id = 70b488c1-d5f8-4405-a305-f00bc56d8375
11-29 11:31:39.351 I/GOS:GameServiceReceiver( 7624):  PkgInstallStarted for com.example.appajicolorgrupo4 UserID : 0
11-29 11:31:39.392 I/GOS:GameIntentService( 7624): onPackageChanged(). extras: Bundle[{changeType=2, userId=0, type=15, packageName=com.example.appajicolorgrupo4}]
11-29 11:31:39.392 I/GOS:GameIntentService( 7624): onPackageChanged(). changeType(INSTALL_STARTED), pkgName(com.example.appajicolorgrupo4), UserHandle(0), userId(0), Installed(true)
11-29 11:31:39.420 I/Finsky  ( 9947): [336] VerifyApps: Anti-malware verification task started for package=com.example.appajicolorgrupo4
11-29 11:31:39.698 I/Finsky  ( 9947): [86] VerifyApps: Starting APK Analysis scan for com.example.appajicolorgrupo4.
11-29 11:31:39.698 I/Finsky  ( 9947): [86] Scanning package com.example.appajicolorgrupo4 contents with client side protections. File: [r1BRMZBwBpRNEPhaGvEy6Fq7_GorybOFpQl6gNLW7Tk]
11-29 11:31:47.448 I/Finsky  ( 9947): [87] VerifyApps: APK Analysis scan finished for com.example.appajicolorgrupo4. Verdict: SAFE
11-29 11:31:47.457 I/PackageManager( 1162):           pkg{com.example.appajicolorgrupo4}
11-29 11:31:47.457 I/Finsky  ( 9947): [2] VerifyApps: Install-time verification complete: id=36, package_name=com.example.appajicolorgrupo4
11-29 11:31:47.482 I/ActivityManager( 1162): Force stopping com.example.appajicolorgrupo4 appid=10361 user=-1: installPackageLI
11-29 11:31:47.484 I/PackageManager( 1162): Update package com.example.appajicolorgrupo4 code path from /data/app/~~x_2jB-iclGs01nnaUsp_Bw==/com.example.appajicolorgrupo4-tNZfgUydU6dqujbzTVnKgQ== to /data/app/~~4t4i_EMrFUDzGcY5tM6zkg==/com.example.appajicolorgrupo4-J1Pdj17ZB7YHEilc2cun9A==; Retain data and using new
11-29 11:31:47.737 D/PackageManager( 1162): isLocaleOptimizedPackage() -  Non optimized app: com.example.appajicolorgrupo4. Proceed with normal install
11-29 11:31:47.743 I/ActivityManager( 1162): Force stopping com.example.appajicolorgrupo4 appid=10361 user=0: pkg removed
11-29 11:31:47.751 D/OverlayManager( 1162): reconcileSettingsForPackage pkgName=com.example.appajicolorgrupo4 userId=0
11-29 11:31:47.751 I/OverlayManager( 1162): updateOverlaysForTarget() called with: targetPackage = [com.example.appajicolorgrupo4], userId = [0], flags = [2]
11-29 11:31:47.757 I/SGM:GameManager( 1162): PkgUpdateReceiver, onPackageRemoved : com.example.appajicolorgrupo4 userHandle : UserHandle{0} userID : 0
11-29 11:31:47.758 I/VvmPkgInstalledRcvr( 2012): packageName: com.example.appajicolorgrupo4, systemDialer: com.samsung.android.dialer
11-29 11:31:47.759 D/MetaDataCollector( 1162): onReceive: done pkgName=com.example.appajicolorgrupo4
11-29 11:31:47.759 D/SGM:GosNotifyThread( 1162): notifyPackageChangedToGos(), before send intent to GOS. type:15, changeType: 1, pkgName:com.example.appajicolorgrupo4, userHandleId:0
11-29 11:31:47.761 I/PackageInfoManager_FLP(16331): action : ACTION_PACKAGE_REMOVED, packageName = com.example.appajicolorgrupo4
11-29 11:31:47.766 D/Navbar.Store(18822): handleEvent(0) OnPackageRemoved(packageName=com.example.appajicolorgrupo4) [Module] NavBarStoreImpl
11-29 11:31:47.766 D/FaceWidgetMusicViewModel(18822): onPackageRemoved() pkg = com.example.appajicolorgrupo4, r = true
11-29 11:31:47.766 D/FaceWidgetMetadataParser(18822): removePackage() key = com.example.appajicolorgrupo4
11-29 11:31:47.780 I/Telecom ( 1162): CarModeTracker: Package com.example.appajicolorgrupo4 is not tracked.: SSH.oR@DKs
11-29 11:31:47.781 I/Pageboost( 1162): remove app @ runtime : com.example.appajicolorgrupo4
11-29 11:31:47.781 D/LocationManagerService( 1162): package com.example.appajicolorgrupo4 reset
11-29 11:31:47.785 D/OverlayManager( 1162): reconcileSettingsForPackage pkgName=com.example.appajicolorgrupo4 userId=0
11-29 11:31:47.785 I/OverlayManager( 1162): updateOverlaysForTarget() called with: targetPackage = [com.example.appajicolorgrupo4], userId = [0], flags = [0]
11-29 11:31:47.785 I/CDM_CompanionDeviceManagerService( 1162): onPackageModified() u0/com.example.appajicolorgrupo4
11-29 11:31:47.786 W/PackageConfigPersister( 1162): App-specific configuration not found for packageName: com.example.appajicolorgrupo4 and userId: 0
11-29 11:31:47.787 D/DevicePolicyManager( 1162):  handle packages changed  setCrossProfileAppToIgnored com.example.appajicolorgrupo4 0
11-29 11:31:47.787 I/AppWidgetServiceImpl( 1162): Received broadcast: android.intent.action.PACKAGE_ADDED, Updates all providers with com.example.appajicolorgrupo4, userId: 0
11-29 11:31:47.787 I/AppWidgetServiceImpl( 1162): queryIntentReceivers intent : Intent { act=android.appwidget.action.APPWIDGET_UPDATE pkg=com.example.appajicolorgrupo4 }  userid : 0  flags : 268436608 result : 0
11-29 11:31:47.788 I/SdkSandboxManager( 1162): No SDKs used. Skipping SDK data reconcilation for CallingInfo{mUid=10361, mPackageName='com.example.appajicolorgrupo4, mAppProcessToken='null'}
11-29 11:31:47.790 D/BluetoothEventManager(27320): AppPackageChangedHandler: package name = com.example.appajicolorgrupo4
11-29 11:31:47.792 D/SEP_UNION_SemDeviceInfoManagerService( 1162): Package com.example.appajicolorgrupo4 is removed on User 0 
11-29 11:31:47.794 D/SGM:GameManager( 1162): identifyGamePackage. com.example.appajicolorgrupo4, mCurrentUserId: 0, callerUserId: 0, callingMethodInfo: com.samsung.android.game.SemGameManager.isGamePackage(SemGameManager.java:111)
11-29 11:31:47.794 D/SGM:PkgDataHelper( 1162): getGamePkgData(). com.example.appajicolorgrupo4
11-29 11:31:47.794 D/SGM:SemGameManager( 1162): isGamePackage(), pkgName=com.example.appajicolorgrupo4, ret=false
11-29 11:31:47.795 D/SGM:GameManager( 1162): identifyGamePackage. com.example.appajicolorgrupo4, mCurrentUserId: 0, callerUserId: 0, callingMethodInfo: com.samsung.android.game.SemGameManager.isGamePackage(SemGameManager.java:111)
11-29 11:31:47.795 D/SGM:PkgDataHelper( 1162): getGamePkgData(). com.example.appajicolorgrupo4
11-29 11:31:47.795 D/SGM:SemGameManager( 1162): isGamePackage(), pkgName=com.example.appajicolorgrupo4, ret=false
11-29 11:31:47.796 W/AlarmManager( 1162): Package com.example.appajicolorgrupo4, uid 10361 lost permission to set exact alarms!
11-29 11:31:47.797 I/PackageInfoManager_FLP(16331): action : ACTION_PACKAGE_ADDED, packageName = com.example.appajicolorgrupo4
11-29 11:31:47.804 D/CarrierSvcBindHelper( 2012): onPackageUpdateFinished: com.example.appajicolorgrupo4
11-29 11:31:47.805 D/CarrierSvcBindHelper( 2012): onPackageModified: com.example.appajicolorgrupo4
11-29 11:31:47.806 D/ImsResolver( 2012): maybeAddedImsService, packageName: com.example.appajicolorgrupo4
11-29 11:31:47.806 I/DWBh    (14860): onPackageAdded Already Exist : com.example.appajicolorgrupo4
11-29 11:31:47.806 I/VvmPkgInstalledRcvr( 2012): packageName: com.example.appajicolorgrupo4, systemDialer: com.samsung.android.dialer
11-29 11:31:47.808 D/PluginActionManager(18822): queryPkg com.example.appajicolorgrupo4 com.samsung.systemui.action.PLUGIN_FACE_WIDGET
11-29 11:31:47.808 D/PluginActionManager(18822): queryPkg com.example.appajicolorgrupo4 com.android.systemui.action.PLUGIN_NOTIFICATION_MENU_ROW
11-29 11:31:47.808 I/SdkSandboxManager( 1162): No SDKs used. Skipping SDK data reconcilation for CallingInfo{mUid=10361, mPackageName='com.example.appajicolorgrupo4, mAppProcessToken='null'}
11-29 11:31:47.808 D/PluginActionManager(18822): queryPkg com.example.appajicolorgrupo4 com.android.systemui.action.PLUGIN_SENSOR_MANAGER
11-29 11:31:47.809 D/FaceWidgetMetadataParser(18822): updatePackage() com.example.appajicolorgrupo4 true
11-29 11:31:47.809 D/FaceWidgetMetadataParser(18822): removePackage() key = com.example.appajicolorgrupo4
11-29 11:31:47.810 D/PluginActionManager(18822): queryPkg com.example.appajicolorgrupo4 com.android.systemui.action.PLUGIN_CLOCK_PROVIDER
11-29 11:31:47.810 D/PluginActionManager(18822): queryPkg com.example.appajicolorgrupo4 com.android.systemui.action.PLUGIN_TOAST
11-29 11:31:47.810 I/Telecom ( 1162): SamsungOpenCommunicationPlatformPolicyPackageBroadcastReceiver : action : android.intent.action.PACKAGE_ADDED / packageName : com.example.appajicolorgrupo4
11-29 11:31:47.810 D/PluginActionManager(18822): queryPkg com.example.appajicolorgrupo4 com.android.systemui.action.PEOPLE_HUB_PERSON_EXTRACTOR
11-29 11:31:47.811 D/PluginActionManager(18822): queryPkg com.example.appajicolorgrupo4 com.android.systemui.action.PLUGIN_VOLUME
11-29 11:31:47.811 D/PluginActionManager(18822): queryPkg com.example.appajicolorgrupo4 com.android.systemui.action.PLUGIN_NOTIFICATION_MENU_ROW
11-29 11:31:47.811 D/PluginActionManager(18822): queryPkg com.example.appajicolorgrupo4 com.android.systemui.action.PLUGIN_QS
11-29 11:31:47.811 D/PluginActionManager(18822): queryPkg com.example.appajicolorgrupo4 com.android.systemui.action.PLUGIN_NOTIFICATION_MENU_ROW
11-29 11:31:47.811 D/PluginActionManager(18822): queryPkg com.example.appajicolorgrupo4 com.android.systemui.action.PLUGIN_QS_FACTORY
11-29 11:31:47.811 D/PluginActionManager(18822): queryPkg com.example.appajicolorgrupo4 com.android.systemui.action.PLUGIN_OVERLAY
11-29 11:31:47.813 D/PluginActionManager(18822): queryPkg com.example.appajicolorgrupo4 com.android.systemui.action.PLUGIN_NOTIFICATION_MENU_ROW
11-29 11:31:47.813 D/PluginActionManager(18822): queryPkg com.example.appajicolorgrupo4 com.android.systemui.action.PLUGIN_GLOBAL_ACTIONS
11-29 11:31:47.813 I/Finsky  ( 9947): [85] AIM: AppInfoManager-Perf > OnDeviceAppInfo > cacheHitCount=0, cacheMissCount=1. Missed  in cache (limit 10) : [com.example.appajicolorgrupo4]
11-29 11:31:47.813 D/PluginActionManager(18822): queryPkg com.example.appajicolorgrupo4 com.android.systemui.action.PLUGIN_NOTIFICATION_ASSISTANT
11-29 11:31:47.813 D/PluginActionManager(18822): queryPkg com.example.appajicolorgrupo4 com.samsung.systemui.action.PLUGIN_FACE_WIDGET
11-29 11:31:47.813 D/PluginActionManager(18822): queryPkg com.example.appajicolorgrupo4 com.android.systemui.action.PLUGIN_NOTIFICATION_MENU_ROW
11-29 11:31:47.813 D/PluginActionManager(18822): queryPkg com.example.appajicolorgrupo4 com.android.systemui.action.PLUGIN_SENSOR_MANAGER
11-29 11:31:47.814 I/Routine@Core[4.7.03.3]: MetadataLoaderImpl(11087): collectInBackground - packageName:com.example.appajicolorgrupo4
11-29 11:31:47.814 D/PluginActionManager(18822): queryPkg com.example.appajicolorgrupo4 com.android.systemui.action.PLUGIN_CLOCK_PROVIDER
11-29 11:31:47.814 I/Routine@Core[4.7.03.3]: MetadataSyncBacklog(11087): add: null + com.example.appajicolorgrupo4
11-29 11:31:47.814 D/PluginActionManager(18822): queryPkg com.example.appajicolorgrupo4 com.android.systemui.action.PLUGIN_TOAST
11-29 11:31:47.814 D/PluginActionManager(18822): queryPkg com.example.appajicolorgrupo4 com.android.systemui.action.PEOPLE_HUB_PERSON_EXTRACTOR
11-29 11:31:47.814 D/PluginActionManager(18822): queryPkg com.example.appajicolorgrupo4 com.android.systemui.action.PLUGIN_VOLUME
11-29 11:31:47.814 D/PluginActionManager(18822): queryPkg com.example.appajicolorgrupo4 com.android.systemui.action.PLUGIN_NOTIFICATION_MENU_ROW
11-29 11:31:47.815 D/PluginActionManager(18822): queryPkg com.example.appajicolorgrupo4 com.android.systemui.action.PLUGIN_QS
11-29 11:31:47.815 D/PluginActionManager(18822): queryPkg com.example.appajicolorgrupo4 com.android.systemui.action.PLUGIN_NOTIFICATION_MENU_ROW
11-29 11:31:47.815 D/PluginActionManager(18822): queryPkg com.example.appajicolorgrupo4 com.android.systemui.action.PLUGIN_QS_FACTORY
11-29 11:31:47.815 D/PluginActionManager(18822): queryPkg com.example.appajicolorgrupo4 com.android.systemui.action.PLUGIN_OVERLAY
11-29 11:31:47.815 D/PluginActionManager(18822): queryPkg com.example.appajicolorgrupo4 com.android.systemui.action.PLUGIN_NOTIFICATION_MENU_ROW
11-29 11:31:47.815 D/PluginActionManager(18822): queryPkg com.example.appajicolorgrupo4 com.android.systemui.action.PLUGIN_GLOBAL_ACTIONS
11-29 11:31:47.815 D/PluginActionManager(18822): queryPkg com.example.appajicolorgrupo4 com.android.systemui.action.PLUGIN_NOTIFICATION_ASSISTANT
11-29 11:31:47.816 I/FILP/PackageIntentReceiver( 7835): pkgName : com.example.appajicolorgrupo4
11-29 11:31:47.817 D/BluetoothEventManager(18822): AppPackageChangedHandler: package name = com.example.appajicolorgrupo4
11-29 11:31:47.824 I/FILP/PackageIntentReceiver( 7835): pkgName : com.example.appajicolorgrupo4
11-29 11:31:47.827 I/Finsky  ( 9947): [86] AIM: AppInfoManager-Perf > OnDeviceAppInfo > cacheHitCount=0, cacheMissCount=1. Missed  in cache (limit 10) : [com.example.appajicolorgrupo4]
11-29 11:31:47.829 I/FILP/c  ( 7835): removeFromFS : com.example.appajicolorgrupo4, cursor size : 0
11-29 11:31:47.830 I/Finsky:background( 8605): [2] IQ: onPackageRemoved com.example.appajicolorgrupo4, replacing=true, uninstallingFromPlay=false
11-29 11:31:47.832 I/SafetyLabelChangedBroadcastReceiver(18849): received broadcast packageName: com.example.appajicolorgrupo4, current user: UserHandle{0}, packageChangeEvent: UPDATE, intent user: UserHandle{0}
11-29 11:31:47.833 I/FILP/c  ( 7835): Delete DB result : com.example.appajicolorgrupo4, 0
