11-29 11:12:15.744 E/AndroidRuntime(10219): 	at androidx.compose.ui.node.NodeCoordinator$drawBlock$1.invoke(NodeCoordinator.kt:476)
11-29 11:12:15.744 E/AndroidRuntime(10219): 	at androidx.compose.ui.platform.GraphicsLayerOwnerLayer$recordLambda$1.invoke(GraphicsLayerOwnerLayer.android.kt:261)
11-29 11:12:15.745 E/AndroidRuntime(10219): 	at androidx.compose.ui.platform.GraphicsLayerOwnerLayer$recordLambda$1.invoke(GraphicsLayerOwnerLayer.android.kt:259)
11-29 11:12:15.745 E/AndroidRuntime(10219): 	at androidx.compose.ui.graphics.layer.GraphicsLayer.drawWithChildTracking(AndroidGraphicsLayer.android.kt:443)
11-29 11:12:15.745 E/AndroidRuntime(10219): 	at androidx.compose.ui.graphics.layer.GraphicsLayer.access$drawWithChildTracking(AndroidGraphicsLayer.android.kt:56)
11-29 11:12:15.745 E/AndroidRuntime(10219): 	at androidx.compose.ui.graphics.layer.GraphicsLayer$clipDrawBlock$1.invoke(AndroidGraphicsLayer.android.kt:73)
11-29 11:12:15.745 E/AndroidRuntime(10219): 	at androidx.compose.ui.graphics.layer.GraphicsLayer$clipDrawBlock$1.invoke(AndroidGraphicsLayer.android.kt:68)
11-29 11:12:15.745 E/AndroidRuntime(10219): 	at androidx.compose.ui.graphics.layer.GraphicsLayerV29.record(GraphicsLayerV29.android.kt:251)
11-29 11:12:15.745 E/AndroidRuntime(10219): 	at androidx.compose.ui.graphics.layer.GraphicsLayer.recordInternal(AndroidGraphicsLayer.android.kt:436)
11-29 11:12:15.745 E/AndroidRuntime(10219): 	at androidx.compose.ui.graphics.layer.GraphicsLayer.record-mL-hObY(AndroidGraphicsLayer.android.kt:432)
11-29 11:12:15.745 E/AndroidRuntime(10219): 	at androidx.compose.ui.platform.GraphicsLayerOwnerLayer.updateDisplayList(GraphicsLayerOwnerLayer.android.kt:254)
11-29 11:12:15.745 E/AndroidRuntime(10219): 	at androidx.compose.ui.platform.GraphicsLayerOwnerLayer.drawLayer(GraphicsLayerOwnerLayer.android.kt:236)
11-29 11:12:15.745 E/AndroidRuntime(10219): 	at androidx.compose.ui.node.NodeCoordinator.draw(NodeCoordinator.kt:435)
11-29 11:12:15.745 E/AndroidRuntime(10219): 	at androidx.compose.ui.node.LayoutNode.draw$ui_release(LayoutNode.kt:1014)
11-29 11:12:15.745 E/AndroidRuntime(10219): 	at androidx.compose.ui.node.InnerNodeCoordinator.performDraw(InnerNodeCoordinator.kt:177)
11-29 11:12:15.745 E/AndroidRuntime(10219): 	at androidx.compose.ui.node.NodeCoordinator.drawContainedDrawModifiers(NodeCoordinator.kt:448)
11-29 11:12:15.745 E/AndroidRuntime(10219): 	at androidx.compose.ui.node.NodeCoordinator.draw(NodeCoordinator.kt:440)
11-29 11:12:15.745 E/AndroidRuntime(10219): 	at androidx.compose.ui.node.LayoutNode.draw$ui_release(LayoutNode.kt:1014)
11-29 11:12:15.745 E/AndroidRuntime(10219): 	at androidx.compose.ui.platform.AndroidComposeView.dispatchDraw(AndroidComposeView.android.kt:1897)
11-29 11:12:15.745 E/AndroidRuntime(10219): 	at android.view.View.draw(View.java:25197)
11-29 11:12:15.745 E/AndroidRuntime(10219): 	at android.view.View.updateDisplayListIfDirty(View.java:24053)
11-29 11:12:15.745 E/AndroidRuntime(10219): 	at android.view.View.draw(View.java:24924)
11-29 11:12:15.745 E/AndroidRuntime(10219): 	at android.view.ViewGroup.drawChild(ViewGroup.java:4804)
11-29 11:12:15.745 E/AndroidRuntime(10219): 	at android.view.ViewGroup.dispatchDraw(ViewGroup.java:4562)
11-29 11:12:15.745 E/AndroidRuntime(10219): 	at android.view.View.updateDisplayListIfDirty(View.java:24039)
11-29 11:12:15.745 E/AndroidRuntime(10219): 	at android.view.View.draw(View.java:24924)
11-29 11:12:15.745 E/AndroidRuntime(10219): 	at android.view.ViewGroup.drawChild(ViewGroup.java:4804)
11-29 11:12:15.745 E/AndroidRuntime(10219): 	at android.view.ViewGroup.dispatchDraw(ViewGroup.java:4562)
11-29 11:12:15.745 E/AndroidRuntime(10219): 	at android.view.View.updateDisplayListIfDirty(View.java:24039)
11-29 11:12:15.745 E/AndroidRuntime(10219): 	at android.view.View.draw(View.java:24924)
11-29 11:12:15.745 E/AndroidRuntime(10219): 	at android.view.ViewGroup.drawChild(ViewGroup.java:4804)
11-29 11:12:15.745 E/AndroidRuntime(10219): 	at android.view.ViewGroup.dispatchDraw(ViewGroup.java:4562)
11-29 11:12:15.745 E/AndroidRuntime(10219): 	at android.view.View.updateDisplayListIfDirty(View.java:24039)
11-29 11:12:15.745 E/AndroidRuntime(10219): 	at android.view.View.draw(View.java:24924)
11-29 11:12:15.745 E/AndroidRuntime(10219): 	at android.view.ViewGroup.drawChild(ViewGroup.java:4804)
11-29 11:12:15.745 E/AndroidRuntime(10219): 	at android.view.ViewGroup.dispatchDraw(ViewGroup.java:4562)
11-29 11:12:15.745 E/AndroidRuntime(10219): 	at com.android.internal.policy.DecorView.dispatchDraw(DecorView.java:1197)
11-29 11:12:15.745 E/AndroidRuntime(10219): 	at android.view.View.draw(View.java:25197)
11-29 11:12:15.745 E/AndroidRuntime(10219): 	at com.android.internal.policy.DecorView.draw(DecorView.java:1179)
11-29 11:12:15.745 E/AndroidRuntime(10219): 	at android.view.View.updateDisplayListIfDirty(View.java:24053)
11-29 11:12:15.745 E/AndroidRuntime(10219): 	at android.view.ThreadedRenderer.updateViewTreeDisplayList(ThreadedRenderer.java:768)
11-29 11:12:15.745 E/AndroidRuntime(10219): 	at android.view.ThreadedRenderer.updateRootDisplayList(ThreadedRenderer.java:774)
11-29 11:12:15.745 E/AndroidRuntime(10219): 	at android.view.ThreadedRenderer.draw(ThreadedRenderer.java:872)
11-29 11:12:15.745 E/AndroidRuntime(10219): 	at android.view.ViewRootImpl.draw(ViewRootImpl.java:6121)
11-29 11:12:15.745 E/AndroidRuntime(10219): 	at android.view.ViewRootImpl.performDraw(ViewRootImpl.java:5776)
11-29 11:12:15.745 E/AndroidRuntime(10219): 	at android.view.ViewRootImpl.performTraversals(ViewRootImpl.java:4858)
11-29 11:12:15.745 E/AndroidRuntime(10219): 	at android.view.ViewRootImpl.doTraversal(ViewRootImpl.java:3345)
11-29 11:12:15.745 E/AndroidRuntime(10219): 	at android.view.ViewRootImpl$TraversalRunnable.run(ViewRootImpl.java:11437)
11-29 11:12:15.745 E/AndroidRuntime(10219): 	at android.view.Choreographer$CallbackRecord.run(Choreographer.java:1690)
11-29 11:12:15.745 E/AndroidRuntime(10219): 	at android.view.Choreographer$CallbackRecord.run(Choreographer.java:1699)
11-29 11:12:15.745 E/AndroidRuntime(10219): 	at android.view.Choreographer.doCallbacks(Choreographer.java:1154)
11-29 11:12:15.745 E/AndroidRuntime(10219): 	at android.view.Choreographer.doFrame(Choreographer.java:1080)
11-29 11:12:15.745 E/AndroidRuntime(10219): 	at android.view.Choreographer$FrameDisplayEventReceiver.run(Choreographer.java:1647)
11-29 11:12:15.745 E/AndroidRuntime(10219): 	at android.os.Handler.handleCallback(Handler.java:958)
11-29 11:12:15.745 E/AndroidRuntime(10219): 	at android.os.Handler.dispatchMessage(Handler.java:99)
11-29 11:12:15.745 E/AndroidRuntime(10219): 	at android.os.Looper.loopOnce(Looper.java:230)
11-29 11:12:15.745 E/AndroidRuntime(10219): 	at android.os.Looper.loop(Looper.java:319)
11-29 11:12:15.745 E/AndroidRuntime(10219): 	at android.app.ActivityThread.main(ActivityThread.java:9063)
11-29 11:12:15.745 E/AndroidRuntime(10219): 	at java.lang.reflect.Method.invoke(Native Method)
11-29 11:12:15.745 E/AndroidRuntime(10219): 	at com.android.internal.os.RuntimeInit$MethodAndArgsCaller.run(RuntimeInit.java:588)
11-29 11:12:15.745 E/AndroidRuntime(10219): 	at com.android.internal.os.ZygoteInit.main(ZygoteInit.java:1103)
11-29 11:12:15.752 W/ActivityTaskManager( 1162):   Force finishing activity com.example.appajicolorgrupo4/.MainActivity
11-29 11:12:15.752 D/ActivityTaskManager( 1162): scheduleTopResumedActivityChanged, onTop=false, r=ActivityRecord{e50397a u0 com.example.appajicolorgrupo4/.MainActivity t236 f}}, caller=com.android.server.wm.ActivityTaskSupervisor.updateTopResumedActivityIfNeeded:2873 com.android.server.wm.TaskDisplayArea.positionChildTaskAt:569 com.android.server.wm.TaskDisplayArea.positionChildAt:485 com.android.server.wm.WindowContainer.positionChildAt:993 com.android.server.wm.Task.positionChildAt:3373 com.android.server.wm.Task.moveToFront:6140 
11-29 11:12:15.753 V/WindowManager( 1162): Changing focus from Window{e0f58c4 u0 com.example.appajicolorgrupo4/com.example.appajicolorgrupo4.MainActivity} to null displayId=0 Callers=com.android.server.wm.RootWindowContainer.updateFocusedWindowLocked:581 com.android.server.wm.WindowManagerService.updateFocusedWindowLocked:6910 com.android.server.wm.ActivityTaskManagerService.setLastResumedActivityUncheckLocked:6164 com.android.server.wm.ActivityRecord.moveFocusableActivityToTop:4165 
11-29 11:12:15.753 W/ActivityManager( 1162): crash : com.example.appajicolorgrupo4,10361
11-29 11:12:15.753 V/WindowManager( 1162): Collecting in transition 292: Task{807d52b #236 type=standard A=10361:com.example.appajicolorgrupo4}, caller=com.android.server.wm.Transition.collect:753 com.android.server.wm.Transition.collectExistenceChange:936 com.android.server.wm.TransitionController.collectExistenceChange:1025 com.android.server.wm.TransitionController.requestCloseTransitionIfNeeded:963 com.android.server.wm.ActivityRecord.finishIfPossible:4361 
11-29 11:12:15.753 D/WindowManager( 1162): prepareSync <SYNC_STATE_WAITING_FOR_DRAW>, mPrepareSyncSeqId=0, win=Window{e0f58c4 u0 com.example.appajicolorgrupo4/com.example.appajicolorgrupo4.MainActivity}
11-29 11:12:15.753 V/WindowManager( 1162): Collecting in transition 292: ActivityRecord{e50397a u0 com.example.appajicolorgrupo4/.MainActivity t236 f}}, caller=com.android.server.wm.Transition.collect:753 com.android.server.wm.TransitionController.collect:975 com.android.server.wm.ActivityRecord.setVisibility:6429 com.android.server.wm.ActivityRecord.setVisibility:6381 com.android.server.wm.ActivityRecord.finishIfPossible:4440 
11-29 11:12:15.753 D/WindowManager( 1162): VisibleRequested updated, r=ActivityRecord{e50397a u0 com.example.appajicolorgrupo4/.MainActivity t236 f}}
11-29 11:12:15.757 I/ActivityManager( 1162): Showing crash dialog for package com.example.appajicolorgrupo4 u0
11-29 11:12:15.773 D/InputDispatcher( 1162): Focus left window (0): e0f58c4 com.example.appajicolorgrupo4/com.example.appajicolorgrupo4.MainActivity
11-29 11:12:15.795 I/SDHMS:BarTender:Gatherer:AppError( 3920): update AppError : uid=10361, pkg=com.example.appajicolorgrupo4, errorType=crash
11-29 11:12:15.803 I/SDHMS:BarTender:Analyzer:AppError( 3920): analyze app error : uid=10361, pkg=com.example.appajicolorgrupo4, appErrorCount=7
11-29 11:12:15.806 I/SurfaceFlinger(  880): id=28304 createSurf, flag=84004, fd2db86 Application Error: com.example.appajicolorgrupo4#28304
11-29 11:12:15.807 V/WindowManager( 1162): Changing focus from null to Window{fd2db86 u0 Application Error: com.example.appajicolorgrupo4} displayId=0 Callers=com.android.server.wm.RootWindowContainer.updateFocusedWindowLocked:581 com.android.server.wm.WindowManagerService.updateFocusedWindowLocked:6910 com.android.server.wm.WindowManagerService.addWindow:1958 com.android.server.wm.Session.addToDisplayAsUser:240 
11-29 11:12:15.808 D/InsetsSourceProvider( 1162): updateControlForTarget: control=InsetsSourceControl: {7bd50001 mType=navigationBars initiallyVisible mSurfacePosition=Point(0, 2196) mInsetsHint=Insets{left=0, top=0, right=0, bottom=144}}, target=Window{fd2db86 u0 Application Error: com.example.appajicolorgrupo4}, from=com.android.server.wm.InsetsStateController.onControlTargetChanged:363 com.android.server.wm.InsetsStateController.onBarControlTargetChanged:332 com.android.server.wm.InsetsPolicy.updateBarControlTarget:173 com.android.server.wm.InsetsPolicy.updateSystemBars:843 com.android.server.wm.DisplayPolicy.updateSystemBarsLw:3484 
11-29 11:12:15.809 D/InsetsSourceProvider( 1162): updateControlForTarget: control=InsetsSourceControl: {9d390000 mType=statusBars initiallyVisible mSurfacePosition=Point(0, 0) mInsetsHint=Insets{left=0, top=88, right=0, bottom=0}}, target=Window{fd2db86 u0 Application Error: com.example.appajicolorgrupo4}, from=com.android.server.wm.InsetsStateController.onControlTargetChanged:363 com.android.server.wm.InsetsStateController.onBarControlTargetChanged:329 com.android.server.wm.InsetsPolicy.updateBarControlTarget:173 com.android.server.wm.InsetsPolicy.updateSystemBars:843 com.android.server.wm.DisplayPolicy.updateSystemBarsLw:3484 
11-29 11:12:15.809 D/WindowManager( 1162): updateSystemBarAttributes: displayId=0, win=Window{fd2db86 u0 Application Error: com.example.appajicolorgrupo4}, navColorWin=Window{e0f58c4 u0 com.example.appajicolorgrupo4/com.example.appajicolorgrupo4.MainActivity}, focusedCanBeNavColorWin=false, behavior=1, appearance=0, statusBarAppearanceRegions=[AppearanceRegion{ bounds=[0,0][1080,2340]}], requestedVisibilities=-9, from=com.android.server.wm.DisplayPolicy.focusChangedLw:2988 com.android.server.wm.DisplayContent.updateFocusedWindowLocked:4900 com.android.server.wm.RootWindowContainer.updateFocusedWindowLocked:581 
11-29 11:12:15.810 V/SystemKeyManager( 1162): updateFocusedWindow() is called, Application Error: com.example.appajicolorgrupo4
11-29 11:12:15.810 I/InsetsController( 1162): onStateChanged: host=Application Error: com.example.appajicolorgrupo4, from=android.view.ViewRootImpl.setView:1797, state=InsetsState: {mDisplayFrame=Rect(0, 0 - 1080, 2340), mDisplayCutout=DisplayCutout{insets=Rect(0, 87 - 0, 0) waterfall=Insets{left=0, top=0, right=0, bottom=0} boundingRect={Bounds=[Rect(0, 0 - 0, 0), Rect(512, 0 - 568, 87), Rect(0, 0 - 0, 0), Rect(0, 0 - 0, 0)]} cutoutPathParserInfo={CutoutPathParserInfo{displayWidth=1080 displayHeight=2340 physicalDisplayWidth=1080 physicalDisplayHeight=2340 density={3.0} cutoutSpec={M 0,0 H -9.333333333333333 V 29 H 9.333333333333333 V 0 H 0 Z @dp} rotation={0} scale={1.0} physicalPixelDisplaySizeRatio={1.0}}}}, mRoundedCorners=RoundedCorners{[RoundedCorner{position=TopLeft, radius=102, center=Point(102, 102)}, RoundedCorner{position=TopRight, radius=102, center=Point(978, 102)}, RoundedCorner{position=BottomRight, radius=102, center=Point(978, 2238)}, RoundedCorner{position=BottomLeft, radius=102, center=Point(102, 2238)}]}  mRoundedCornerFrame=Rect(0, 0 - 0, 0), mPrivacyIndicatorBounds=PrivacyIndicatorBounds {static bounds=Rect(948, 0 - 1080, 88) rotation=0}, mDisplayShape=DisplayShape{ spec=1769313948 displayWidth=1080 displayHeight=2340 physicalPixelDisplaySizeRatio=1.0 rotation=0 offsetX=0 offsetY=0 scale=1.0}, mSources= { InsetsSource: {9d390000 mType=statusBars mFrame=[0,0][1080,88] mVisible=true mFlags=[]}, InsetsSource: {9d390005 mType=mandatorySystemGestures mFrame=[0,0][1080,123] mVisible=true mFlags=[]}, InsetsSource: {9d390006 mType=tappableElement mFrame=[0,0][1080,88] mVisible=true mFlags=[]}, InsetsSource: {27 mType=displayCutout mFrame=[0,0][1080,87] mVisible=true mFlags=[]}, InsetsSource: {7bd50001 mType=navigationBars mFrame=[0,2196][1080,2340] mVisible=true mFlags=[]}, InsetsSource: {7bd50004 mType=systemGestures mFrame=[0,0][0,0] mVisible=true mFlags=[]}, InsetsSource: {7bd50005 mType=mandatorySystemGestures mFrame=[0,2196][1080,2340] mVisible=true mFlags=[]}, InsetsSource: {7bd50006 mType=tappableElement mFrame=[0,2196][1080,2340] mVisible=true mFlags=[]}, InsetsSource: {7bd50024 mType=systemGestures mFrame=[0,0][0,0] mVisible=true mFlags=[]} }
11-29 11:12:15.813 I/Layer   (  880): Layer [fd2db86 Application Error: com.example.appajicolorgrupo4#28304] hidden!! flag(0)
11-29 11:12:15.815 D/CoreBackPreview( 1162): Window{fd2db86 u0 Application Error: com.example.appajicolorgrupo4}: Setting back callback OnBackInvokedCallbackInfo{mCallback=android.window.WindowOnBackInvokedDispatcher$OnBackInvokedCallbackWrapper@aa694e6, mPriority=0, mIsAnimationCallback=false}
11-29 11:12:15.816 V/WindowManager( 1162): Relayout Window{fd2db86 u0 Application Error: com.example.appajicolorgrupo4}: viewVisibility=0 req=1080x747 ty=2003 d0
11-29 11:12:15.816 I/SurfaceFlinger(  880): id=28311 createSurf, flag=44004, Application Error: com.example.appajicolorgrupo4#28311
11-29 11:12:15.817 D/WindowManager( 1162): makeSurface duration=1 name=Application Error: com.example.appajicolorgrupo4
11-29 11:12:15.820 I/InsetsSourceConsumer( 1162): applyRequestedVisibilityToControl: visible=true, type=navigationBars, host=Application Error: com.example.appajicolorgrupo4
11-29 11:12:15.820 I/InsetsSourceConsumer( 1162): applyRequestedVisibilityToControl: visible=true, type=statusBars, host=Application Error: com.example.appajicolorgrupo4
11-29 11:12:15.831 D/InputDispatcher( 1162): Focus request (0): fd2db86 Application Error: com.example.appajicolorgrupo4 but waiting because NOT_VISIBLE
11-29 11:12:15.852 D/WindowManager( 1162): finishDrawingWindow: Window{fd2db86 u0 Application Error: com.example.appajicolorgrupo4} mDrawState=DRAW_PENDING seqId=0
11-29 11:12:15.854 I/WindowManager( 1162): Reparenting to leash, surface=Surface(name=fd2db86 Application Error: com.example.appajicolorgrupo4)/@0xf8dde1b, leashParent=Surface(name=WindowToken{878924f type=2003 android.view.ViewRootImpl$W@4e19929})/@0xcf5fbb8
11-29 11:12:15.854 I/SurfaceFlinger(  880): id=28313 createSurf, flag=24004, Surface(name=fd2db86 Application Error: com.example.appajicolorgrupo4)/@0xf8dde1b - animation-leash of window_animation#28313
11-29 11:12:15.855 D/WindowManager( 1162): makeSurface duration=1 leash=Surface(name=Surface(name=fd2db86 Application Error: com.example.appajicolorgrupo4)/@0xf8dde1b - animation-leash of window_animation)/@0xfbe6d91
11-29 11:12:15.856 V/WindowManager( 1162): performShowLocked: mDrawState=HAS_DRAWN in Window{fd2db86 u0 Application Error: com.example.appajicolorgrupo4}
11-29 11:12:15.863 I/Layer   (  880): Layer [Surface(name=fd2db86 Application Error: com.example.appajicolorgrupo4)/@0xf8dde1b - animation-leash of window_animation#28313] hidden!! flag(0)
11-29 11:12:15.863 I/Layer   (  880): Layer [Application Error: com.example.appajicolorgrupo4#28311] hidden!! flag(0)
11-29 11:12:15.882 D/InputDispatcher( 1162): Focus entered window (0): fd2db86 Application Error: com.example.appajicolorgrupo4
11-29 11:12:15.889 D/SurfaceFlinger(  880):      DEVICE | 0xb40000786c167690 | 0102 | RGBA_8888    |    0.0    0.0 1080.0 2340.0 |    0    0 1080 2340 | com.example.appajicolorgrupo4/com.ex[...]olorgrupo4.MainActivity$_10219#28289
11-29 11:12:15.889 D/SurfaceFlinger(  880):      DEVICE | 0xb40000786c166510 | 0100 | RGBA_8888    |    6.0    0.0 1086.0  759.0 |    0 1539 1080 2298 | Application Error: com.example.appajicolorgrupo4#28311
11-29 11:12:16.164 I/WindowManager( 1162): Reparenting to original parent: Surface(name=WindowToken{878924f type=2003 android.view.ViewRootImpl$W@4e19929})/@0xcf5fbb8, destroy=true, surface=Surface(name=fd2db86 Application Error: com.example.appajicolorgrupo4)/@0xf8dde1b
11-29 11:12:16.173 I/Layer   (  880): id=28313 removeFromCurrentState Surface(name=fd2db86 Application Error: com.example.appajicolorgrupo4)/@0xf8dde1b - animation-leash of window_animation#28313 (235)
11-29 11:12:16.174 I/Layer   (  880): id=28314 Destroyed Surface(name=fd2db86 Application Error: com.example.appajicolorgrupo4)/@0xf8dde1b - animation-leash of window_animation#28313 (Mirror)#28314
11-29 11:12:16.175 I/SurfaceFlinger(  880): id=28313 Removed Surface(name=fd2db86 Application Error: com.example.appajicolorgrupo4)/@0xf8dde1b - animation-leash of window_animation#28313 (233)
11-29 11:12:16.183 I/Layer   (  880): id=28313 Destroyed Surface(name=fd2db86 Application Error: com.example.appajicolorgrupo4)/@0xf8dde1b - animation-leash of window_animation#28313
11-29 11:12:16.254 W/ActivityTaskManager( 1162): Activity top resumed state loss timeout for ActivityRecord{e50397a u0 com.example.appajicolorgrupo4/.MainActivity t236 f}}
11-29 11:12:16.254 W/ActivityTaskManager( 1162): Activity pause timeout for ActivityRecord{e50397a u0 com.example.appajicolorgrupo4/.MainActivity t236 f}}
11-29 11:12:16.272 D/SGM:FgCheckThread( 1162): notePauseComponent(), received pkgName: com.example.appajicolorgrupo4, userId: 0
11-29 11:12:16.283 V/WindowManager( 1162): Start calculating TransitionInfo based on participants: {ActivityRecord{1234523 u0 com.sec.android.app.launcher/.activities.LauncherActivity t170}, WallpaperWindowToken{3aa788a token=android.os.Binder@319e2f5}, Task{807d52b #236 type=standard A=10361:com.example.appajicolorgrupo4}, ActivityRecord{e50397a u0 com.example.appajicolorgrupo4/.MainActivity t236 f}}}
11-29 11:12:16.283 V/WindowManager( 1162):   Final targets: [Task{5daeee9 #169 type=home}, Task{807d52b #236 type=standard A=10361:com.example.appajicolorgrupo4}]
11-29 11:12:16.287 D/RenderEngine(  880): [SEC_GC_CMN_SF_EFFECTS] drawLayersInternal,1291, Rendering layer com.example.appajicolorgrupo4/com.example.appajicolorgrupo4.MainActivity$_10219#28289 at index 1
11-29 11:12:16.290 V/WindowManager( 1162):         {WCT{RemoteToken{afb5691 Task{807d52b #236 type=standard A=10361:com.example.appajicolorgrupo4}}} m=CLOSE f=NONE leash=Surface(name=Task=236)/@0x5cc5f1b sb=Rect(0, 0 - 1080, 2340) eb=Rect(0, 0 - 1080, 2340) d=0 inset=Rect(0, 88 - 0, 144)}
11-29 11:12:16.291 V/WindowManager( 1162):         {WCT{RemoteToken{afb5691 Task{807d52b #236 type=standard A=10361:com.example.appajicolorgrupo4}}} m=CLOSE f=NONE leash=Surface(name=Task=236)/@0x5cc5f1b sb=Rect(0, 0 - 1080, 2340) eb=Rect(0, 0 - 1080, 2340) d=0 inset=Rect(0, 88 - 0, 144)}
11-29 11:12:16.294 I/HoneySpace.AppListFastRecyclerViewAdapter(16374): findCloseTarget : 220, ComponentInfo{com.example.appajicolorgrupo4/com.example.appajicolorgrupo4.MainActivity}
11-29 11:12:16.297 I/AppIconSolution(16374): getThemeIconWithBG called with public API, pkg = com.example.appajicolorgrupo4, mode = 48
11-29 11:12:16.297 I/AppIconSolution(16374): return adaptive icon for com.example.appajicolorgrupo4, isNight = true
11-29 11:12:16.297 I/LauncherActivityInfo(16374): packageName: com.example.appajicolorgrupo4, useThemeIcon: false, height: 288, width: 288, density: 640
11-29 11:12:16.311 D/SurfaceFlinger(  880):      CLIENT | 0xb40000786c167690 | 0102 | RGBA_8888    |    0.0    0.0 1080.0 2340.0 |    0    0 1080 2340 | com.example.appajicolorgrupo4/com.ex[...]olorgrupo4.MainActivity$_10219#28289
11-29 11:12:16.311 D/SurfaceFlinger(  880):      DEVICE | 0xb40000786c166510 | 0100 | RGBA_8888    |    6.0    0.0 1086.0  759.0 |    0 1443 1080 2202 | Application Error: com.example.appajicolorgrupo4#28311
11-29 11:12:16.345 W/id.app.launcher(16374): ApkAssets: Deleting an ApkAssets object '<empty> and /data/app/~~x_2jB-iclGs01nnaUsp_Bw==/com.example.appajicolorgrupo4-tNZfgUydU6dqujbzTVnKgQ==/base.apk' with 1 weak references
11-29 11:12:16.613 D/SurfaceFlinger(  880):      DEVICE | 0xb40000786c166510 | 0100 | RGBA_8888    |    6.0    0.0 1086.0  759.0 |    0 1443 1080 2202 | Application Error: com.example.appajicolorgrupo4#28311
11-29 11:12:16.650 V/WindowManager( 1162): Setting visibility of Window{e0f58c4 u0 com.example.appajicolorgrupo4/com.example.appajicolorgrupo4.MainActivity}: false, caller=com.android.server.wm.WindowContainer.sendAppVisibilityToClients:1305 com.android.server.wm.WindowToken.setClientVisible:454 com.android.server.wm.ActivityRecord.setClientVisible:8235 com.android.server.wm.ActivityRecord.postApplyAnimation:6766 com.android.server.wm.ActivityRecord.commitVisibility:6709 
11-29 11:12:16.655 D/PkgPredictorService-SecIpmManagerServiceImpl( 1162): bg information pid:10219 uid:10361 pkgName:com.example.appajicolorgrupo4
11-29 11:12:16.656 I/Layer   (  880): id=28270 removeFromCurrentState ActivityRecord{e50397a u0 com.example.appajicolorgrupo4/.MainActivity t236}#28270 (241)
11-29 11:12:16.656 I/Layer   (  880): id=28280 removeFromCurrentState 71e539c ActivityRecordInputSink com.example.appajicolorgrupo4/.MainActivity#28280 (241)
11-29 11:12:16.656 I/Layer   (  880): id=28287 removeFromCurrentState e0f58c4 com.example.appajicolorgrupo4/com.example.appajicolorgrupo4.MainActivity#28287 (241)
11-29 11:12:16.656 I/Layer   (  880): id=28289 removeFromCurrentState com.example.appajicolorgrupo4/com.example.appajicolorgrupo4.MainActivity$_10219#28289 (241)
11-29 11:12:16.656 I/Layer   (  880): id=28270 addToCurrentState ActivityRecord{e50397a u0 com.example.appajicolorgrupo4/.MainActivity t236}#28270 (241)
11-29 11:12:16.656 I/Layer   (  880): id=28280 addToCurrentState 71e539c ActivityRecordInputSink com.example.appajicolorgrupo4/.MainActivity#28280 (241)
11-29 11:12:16.656 I/Layer   (  880): id=28287 addToCurrentState e0f58c4 com.example.appajicolorgrupo4/com.example.appajicolorgrupo4.MainActivity#28287 (241)
11-29 11:12:16.656 I/Layer   (  880): id=28289 addToCurrentState com.example.appajicolorgrupo4/com.example.appajicolorgrupo4.MainActivity$_10219#28289 (241)
11-29 11:12:16.656 I/Layer   (  880): Layer [ActivityRecord{e50397a u0 com.example.appajicolorgrupo4/.MainActivity t236}#28270] hidden!! flag(1)
11-29 11:12:16.656 I/Layer   (  880): Layer [com.example.appajicolorgrupo4/com.example.appajicolorgrupo4.MainActivity$_10219#28289] hidden!! flag(1)
11-29 11:12:16.978 D/CoreBackPreview( 1162): Window{fd2db86 u0 Application Error: com.example.appajicolorgrupo4}: Setting back callback null
11-29 11:12:16.978 I/ActivityManager( 1162): Killing 10219:com.example.appajicolorgrupo4/u0a361 (adj 900): crash
11-29 11:12:16.978 D/ActivityManager( 1162): proc ProcessRecord{5a2a73b 10219:com.example.appajicolorgrupo4/u0a361} already removed. so we skip next process.
11-29 11:12:16.979 W/InputManager-JNI( 1162): Input channel object 'e0f58c4 com.example.appajicolorgrupo4/com.example.appajicolorgrupo4.MainActivity (client)' was disposed without first being removed with the input manager!
11-29 11:12:16.979 V/WindowManager( 1162): Remove Window{e0f58c4 u0 com.example.appajicolorgrupo4/com.example.appajicolorgrupo4.MainActivity}: mSurfaceController=Surface(name=com.example.appajicolorgrupo4/com.example.appajicolorgrupo4.MainActivity$_10219)/@0x6d9b618 mAnimatingExit=false mRemoveOnExit=false mHasSurface=true surfaceShowing=false animating=false app-animation=false mDisplayFrozen=false callers=com.android.server.wm.WindowToken.removeAllWindowsIfPossible:258 com.android.server.wm.ActivityRecord.removeIfPossible:5220 com.android.server.wm.ActivityRecord.onRemovedFromDisplay:5308 com.android.server.wm.DisplayContent.removeAppToken:1892 com.android.server.wm.ActivityRecord.removeFromHistory:4899 com.android.server.wm.ActivityRecord.handleAppDied:5195 
11-29 11:12:16.979 I/WindowManager( 1162): Destroying surface Surface(name=com.example.appajicolorgrupo4/com.example.appajicolorgrupo4.MainActivity$_10219)/@0x6d9b618 called by com.android.server.wm.WindowStateAnimator.destroySurface:811 com.android.server.wm.WindowStateAnimator.destroySurfaceLocked:478 com.android.server.wm.WindowState.removeImmediately:2958 com.android.server.wm.WindowState.removeIfPossible:3226 com.android.server.wm.WindowToken.removeAllWindowsIfPossible:258 com.android.server.wm.ActivityRecord.removeIfPossible:5220 com.android.server.wm.ActivityRecord.onRemovedFromDisplay:5308 com.android.server.wm.DisplayContent.removeAppToken:1892 
11-29 11:12:16.982 I/SurfaceFlinger(  880): id=28280 Removed 71e539c ActivityRecordInputSink com.example.appajicolorgrupo4/.MainActivity#28280 (234)
11-29 11:12:16.986 W/InputManager-JNI( 1162): Input channel object 'fd2db86 Application Error: com.example.appajicolorgrupo4 (client)' was disposed without first being removed with the input manager!
11-29 11:12:16.986 V/WindowManager( 1162): Remove Window{fd2db86 u0 Application Error: com.example.appajicolorgrupo4}: mSurfaceController=Surface(name=Application Error: com.example.appajicolorgrupo4)/@0x7d9baad mAnimatingExit=false mRemoveOnExit=false mHasSurface=true surfaceShowing=true animating=false app-animation=false mDisplayFrozen=false callers=com.android.server.wm.WindowManagerService.removeWindow:2151 com.android.server.wm.Session.remove:257 android.view.ViewRootImpl.dispatchDetachedFromWindow:6885 android.view.ViewRootImpl.doDie:10797 android.view.ViewRootImpl.die:10773 android.view.WindowManagerGlobal.removeViewLocked:717 
11-29 11:12:16.987 I/WindowManager( 1162): Reparenting to leash, surface=Surface(name=fd2db86 Application Error: com.example.appajicolorgrupo4)/@0xf8dde1b, leashParent=Surface(name=WindowToken{878924f type=2003 android.view.ViewRootImpl$W@4e19929})/@0xcf5fbb8
11-29 11:12:16.987 I/SurfaceFlinger(  880): id=28332 createSurf, flag=24000, Surface(name=fd2db86 Application Error: com.example.appajicolorgrupo4)/@0xf8dde1b - animation-leash of window_animation#28332
11-29 11:12:16.987 D/WindowManager( 1162): makeSurface duration=0 leash=Surface(name=Surface(name=fd2db86 Application Error: com.example.appajicolorgrupo4)/@0xf8dde1b - animation-leash of window_animation)/@0xd6361e2
11-29 11:12:16.987 I/Layer   (  880): id=28289 removeFromCurrentState com.example.appajicolorgrupo4/com.example.appajicolorgrupo4.MainActivity$_10219#28289 (236)
11-29 11:12:16.987 I/Layer   (  880): id=28287 removeFromCurrentState e0f58c4 com.example.appajicolorgrupo4/com.example.appajicolorgrupo4.MainActivity#28287 (236)
11-29 11:12:16.988 I/Layer   (  880): id=28270 removeFromCurrentState ActivityRecord{e50397a u0 com.example.appajicolorgrupo4/.MainActivity t236}#28270 (236)
11-29 11:12:16.988 I/Layer   (  880): id=28280 removeFromCurrentState 71e539c ActivityRecordInputSink com.example.appajicolorgrupo4/.MainActivity#28280 (236)
11-29 11:12:16.988 V/WindowManager( 1162): removeIfPossible 2, Window{fd2db86 u0 Application Error: com.example.appajicolorgrupo4}: mAnimatingExit=true caller=com.android.server.wm.WindowManagerService.removeWindow:2151 com.android.server.wm.Session.remove:257 android.view.ViewRootImpl.dispatchDetachedFromWindow:6885 android.view.ViewRootImpl.doDie:10797 android.view.ViewRootImpl.die:10773 
11-29 11:12:16.988 I/Layer   (  880): id=28273 Destroyed ActivityRecord{e50397a u0 com.example.appajicolorgrupo4/.MainActivity t236}#28270 (Mirror)#28273
11-29 11:12:16.988 I/Layer   (  880): id=28286 Destroyed 71e539c ActivityRecordInputSink com.example.appajicolorgrupo4/.MainActivity#28280 (Mirror)#28286
11-29 11:12:16.988 I/Layer   (  880): id=28288 Destroyed e0f58c4 com.example.appajicolorgrupo4/com.example.appajicolorgrupo4.MainActivity#28287 (Mirror)#28288
11-29 11:12:16.988 V/WindowManager( 1162): Changing focus from Window{fd2db86 u0 Application Error: com.example.appajicolorgrupo4 EXITING} to Window{e72c0f5 u0 com.sec.android.app.launcher/com.sec.android.app.launcher.activities.LauncherActivity} displayId=0 Callers=com.android.server.wm.RootWindowContainer.updateFocusedWindowLocked:581 com.android.server.wm.WindowManagerService.updateFocusedWindowLocked:6910 com.android.server.wm.WindowState.setupWindowForRemoveOnExit:3263 com.android.server.wm.WindowState.removeIfPossible:3191 
11-29 11:12:16.989 I/SurfaceFlinger(  880): id=28270 Removed ActivityRecord{e50397a u0 com.example.appajicolorgrupo4/.MainActivity t236}#28270 (229)
11-29 11:12:16.989 I/SurfaceFlinger(  880): id=28287 Removed e0f58c4 com.example.appajicolorgrupo4/com.example.appajicolorgrupo4.MainActivity#28287 (229)
11-29 11:12:16.989 I/Layer   (  880): id=28294 Destroyed com.example.appajicolorgrupo4/com.example.appajicolorgrupo4.MainActivity$_10219#28289 (Mirror)#28294
11-29 11:12:16.990 D/InputDispatcher( 1162): Focus left window (0): fd2db86 Application Error: com.example.appajicolorgrupo4
11-29 11:12:16.991 D/WindowManager( 1162): updateSystemBarAttributes: displayId=0, win=Window{e72c0f5 u0 com.sec.android.app.launcher/com.sec.android.app.launcher.activities.LauncherActivity}, navColorWin=Window{fd2db86 u0 Application Error: com.example.appajicolorgrupo4 EXITING}, focusedCanBeNavColorWin=false, behavior=2, appearance=0, statusBarAppearanceRegions=[AppearanceRegion{ bounds=[0,0][1080,2340]}], requestedVisibilities=-9, from=com.android.server.wm.DisplayPolicy.focusChangedLw:2988 com.android.server.wm.DisplayContent.updateFocusedWindowLocked:4900 com.android.server.wm.RootWindowContainer.updateFocusedWindowLocked:581 
11-29 11:12:16.997 I/Layer   (  880): id=28270 Destroyed ActivityRecord{e50397a u0 com.example.appajicolorgrupo4/.MainActivity t236}#28270
11-29 11:12:16.997 I/Layer   (  880): id=28280 Destroyed 71e539c ActivityRecordInputSink com.example.appajicolorgrupo4/.MainActivity#28280
11-29 11:12:16.997 I/Layer   (  880): id=28287 Destroyed e0f58c4 com.example.appajicolorgrupo4/com.example.appajicolorgrupo4.MainActivity#28287
11-29 11:12:17.094 V/ActivityManager( 1162): Got obituary of 10219:com.example.appajicolorgrupo4
11-29 11:12:17.095 I/SurfaceFlinger(  880): id=28289 Removed com.example.appajicolorgrupo4/com.example.appajicolorgrupo4.MainActivity$_10219#28289 (230)
11-29 11:12:17.098 I/Layer   (  880): id=28289 Destroyed com.example.appajicolorgrupo4/com.example.appajicolorgrupo4.MainActivity$_10219#28289
11-29 11:12:17.297 I/WindowManager( 1162): Reparenting to original parent: Surface(name=WindowToken{878924f type=2003 android.view.ViewRootImpl$W@4e19929})/@0xcf5fbb8, destroy=true, surface=Surface(name=fd2db86 Application Error: com.example.appajicolorgrupo4)/@0xf8dde1b
11-29 11:12:17.305 I/WindowManager( 1162): Destroying surface Surface(name=Application Error: com.example.appajicolorgrupo4)/@0x7d9baad called by com.android.server.wm.WindowStateAnimator.destroySurface:811 com.android.server.wm.WindowStateAnimator.destroySurfaceLocked:478 com.android.server.wm.WindowState.removeImmediately:2958 com.android.server.wm.WindowState.handleCompleteDeferredRemoval:5797 com.android.server.wm.WindowContainer.handleCompleteDeferredRemoval:1510 com.android.server.wm.WindowContainer.handleCompleteDeferredRemoval:1510 com.android.server.wm.WindowContainer.handleCompleteDeferredRemoval:1510 com.android.server.wm.WindowContainer.handleCompleteDeferredRemoval:1510 
11-29 11:12:17.314 I/Layer   (  880): id=28304 removeFromCurrentState fd2db86 Application Error: com.example.appajicolorgrupo4#28304 (226)
11-29 11:12:17.314 I/Layer   (  880): id=28311 removeFromCurrentState Application Error: com.example.appajicolorgrupo4#28311 (226)
11-29 11:12:17.314 I/Layer   (  880): id=28332 removeFromCurrentState Surface(name=fd2db86 Application Error: com.example.appajicolorgrupo4)/@0xf8dde1b - animation-leash of window_animation#28332 (226)
11-29 11:12:17.314 I/Layer   (  880): Layer [Application Error: com.example.appajicolorgrupo4#28311] hidden!! flag(1)
11-29 11:12:17.314 I/Layer   (  880): id=28311 removeFromCurrentState Application Error: com.example.appajicolorgrupo4#28311 (226)
11-29 11:12:17.315 I/Layer   (  880): id=28333 Destroyed Surface(name=fd2db86 Application Error: com.example.appajicolorgrupo4)/@0xf8dde1b - animation-leash of window_animation#28332 (Mirror)#28333
11-29 11:12:17.315 I/Layer   (  880): id=28308 Destroyed fd2db86 Application Error: com.example.appajicolorgrupo4#28304 (Mirror)#28308
11-29 11:12:17.316 I/SurfaceFlinger(  880): id=28311 Removed Application Error: com.example.appajicolorgrupo4#28311 (222)
11-29 11:12:17.316 I/SurfaceFlinger(  880): id=28332 Removed Surface(name=fd2db86 Application Error: com.example.appajicolorgrupo4)/@0xf8dde1b - animation-leash of window_animation#28332 (222)
11-29 11:12:17.316 I/SurfaceFlinger(  880): id=28304 Removed fd2db86 Application Error: com.example.appajicolorgrupo4#28304 (222)
11-29 11:12:17.317 I/Layer   (  880): id=28312 Destroyed Application Error: com.example.appajicolorgrupo4#28311 (Mirror)#28312
11-29 11:12:17.323 I/Layer   (  880): id=28304 Destroyed fd2db86 Application Error: com.example.appajicolorgrupo4#28304
11-29 11:12:17.324 I/Layer   (  880): id=28311 Destroyed Application Error: com.example.appajicolorgrupo4#28311
11-29 11:12:17.324 I/Layer   (  880): id=28332 Destroyed Surface(name=fd2db86 Application Error: com.example.appajicolorgrupo4)/@0xf8dde1b - animation-leash of window_animation#28332
11-29 11:12:19.347 I/Pageboost( 1162): db update :com.example.appajicolorgrupo4 ret 1
11-29 11:15:29.156 W/.gms.persistent(21073): ApkAssets: Deleting an ApkAssets object '<empty> and /data/app/~~x_2jB-iclGs01nnaUsp_Bw==/com.example.appajicolorgrupo4-tNZfgUydU6dqujbzTVnKgQ==/base.apk' with 1 weak references
11-29 11:23:19.124 I/Pageboost( 1162): start alp : com.example.appajicolorgrupo4
11-29 11:23:19.124 I/Pageboost( 1162): alp skip : com.example.appajicolorgrupo4 , 2
11-29 11:23:19.127 I/ChimeraSystemEventListener( 1162): appLaunchIntent package name is: com.example.appajicolorgrupo4
11-29 11:23:19.134 D/ShellStartingWindow(18822): preload Icon com.example.appajicolorgrupo4
11-29 11:23:19.162 I/ActivityManager( 1162): Start proc 10955:com.example.appajicolorgrupo4/u0a361 for activelaunch {com.example.appajicolorgrupo4/com.example.appajicolorgrupo4.MainActivity}
11-29 11:23:19.197 I/Pageboost( 1162): onAppLaunch : com.example.appajicolorgrupo4
11-29 11:23:19.197 I/ChimeraSystemEventListener( 1162): appLaunchIntent package name is: com.example.appajicolorgrupo4
11-29 11:23:19.198 I/Pageboost( 1162): Record App IO : com.example.appajicolorgrupo4 pid 10955
11-29 11:23:19.198 V/WindowManager( 1162): Collecting in transition 293: ActivityRecord{b9e6777 u0 com.example.appajicolorgrupo4/.MainActivity, caller=com.android.server.wm.Transition.collect:753 com.android.server.wm.TransitionController.collect:975 com.android.server.wm.ActivityStarter.startActivityUnchecked:2407 com.android.server.wm.ActivityStarter.executeRequest:1959 com.android.server.wm.ActivityStarter.execute:1075 
11-29 11:23:19.198 D/ActivityTaskManager( 1162): TaskLaunchParamsModifier:task=null activity=ActivityRecord{b9e6777 u0 com.example.appajicolorgrupo4/.MainActivity t-1} display-from-option=0 display-id=0 task-display-area-windowing-mode=1 suggested-display-area=DefaultTaskDisplayArea_d0@193294762
11-29 11:23:19.199 D/ActivityTaskManager( 1162): TaskLaunchParamsModifier:task=null activity=ActivityRecord{b9e6777 u0 com.example.appajicolorgrupo4/.MainActivity t-1} display-from-option=0 display-id=0 task-display-area-windowing-mode=1 suggested-display-area=DefaultTaskDisplayArea_d0@193294762 inherit-from-source=fullscreen non-freeform-task-display-area display-area=DefaultTaskDisplayArea_d0@193294762 default-portrait freeform-size-mismatch=Rect(81, 557 - 999, 1727)
11-29 11:23:19.200 D/ActivityTaskManager( 1162): TaskLaunchParamsModifier:task=Task{719b302 #237 type=standard A=10361:com.example.appajicolorgrupo4} activity=ActivityRecord{b9e6777 u0 com.example.appajicolorgrupo4/.MainActivity t-1} display-from-option=0 display-id=0 task-display-area-windowing-mode=1 suggested-display-area=DefaultTaskDisplayArea_d0@193294762 inherit-from-source=fullscreen non-freeform-task-display-area display-area=DefaultTaskDisplayArea_d0@193294762 default-portrait freeform-size-mismatch=Rect(81, 557 - 999, 1727)
11-29 11:23:19.201 V/WindowManager( 1162): Collecting in transition 293: Task{719b302 #237 type=standard A=10361:com.example.appajicolorgrupo4}, caller=com.android.server.wm.Transition.collect:753 com.android.server.wm.Transition.collectExistenceChange:936 com.android.server.wm.TransitionController.collectExistenceChange:1025 com.android.server.wm.ActivityStarter.setNewTask:4833 com.android.server.wm.ActivityStarter.startActivityInner:3041 
11-29 11:23:19.201 I/SurfaceFlinger(  880): id=29413 createSurf, flag=84004, ActivityRecord{b9e6777 u0 com.example.appajicolorgrupo4/.MainActivity t237}#29413
11-29 11:23:19.202 D/ActivityTaskManager( 1162): Add starting ActivityRecord{b9e6777 u0 com.example.appajicolorgrupo4/.MainActivity t237}: typeParam=139 startingData=com.android.server.wm.SplashScreenStartingData@e59b650
11-29 11:23:19.202 V/WindowManager( 1162): Added starting ActivityRecord{b9e6777 u0 com.example.appajicolorgrupo4/.MainActivity t237}: startingWindow=null startingView=com.android.server.wm.StartingSurfaceController$StartingSurface@39f3049
11-29 11:23:19.203 V/WindowManager( 1162): Collecting in transition 293: ActivityRecord{b9e6777 u0 com.example.appajicolorgrupo4/.MainActivity t237}, caller=com.android.server.wm.Transition.collect:753 com.android.server.wm.Transition.collectExistenceChange:936 com.android.server.wm.TransitionController.collectExistenceChange:1025 com.android.server.wm.ActivityStarter.handleStartResult:2632 com.android.server.wm.ActivityStarter.startActivityUnchecked:2415 
11-29 11:23:19.203 I/ActivityTaskManager( 1162): START u0 {act=android.intent.action.MAIN cat=[android.intent.category.LAUNCHER] flg=0x10200000 cmp=com.example.appajicolorgrupo4/.MainActivity bnds=[540,295][791,587]} with LAUNCH_MULTIPLE from uid 10156 (BAL_ALLOW_ALLOWLISTED_COMPONENT) result code=0
11-29 11:23:19.204 V/WindowManagerShell(18822): Transition requested: android.os.BinderProxy@474dc1a TransitionRequestInfo { type = OPEN, triggerTask = TaskInfo{userId=0 taskId=237 displayId=0 isRunning=true baseIntent=Intent { act=android.intent.action.MAIN cat=[android.intent.category.LAUNCHER] flg=0x10200000 cmp=com.example.appajicolorgrupo4/.MainActivity } baseActivity=ComponentInfo{com.example.appajicolorgrupo4/com.example.appajicolorgrupo4.MainActivity} topActivity=ComponentInfo{com.example.appajicolorgrupo4/com.example.appajicolorgrupo4.MainActivity} origActivity=null realActivity=ComponentInfo{com.example.appajicolorgrupo4/com.example.appajicolorgrupo4.MainActivity} numActivities=1 lastActiveTime=495856824 supportsMultiWindow=true resizeMode=1 isResizeable=true minWidth=-1 minHeight=-1 maxWidth=-1 maxHeight=-1 defaultMinSize=220 token=WCT{android.window.IWindowContainerToken$Stub$Proxy@6edd34b} topActivityType=1 pictureInPictureParams=null shouldDockBigOverlays=false launchIntoPipHostTaskId=-1 lastParentTaskIdBeforePip=-1 displayCutoutSafeInsets=Rect(0, 87 - 0, 0) topActivityInfo=ActivityInfo{a60128 com.example.appajicolorgrupo4.MainActivity} launchCookies=[android.os.BinderProxy@7f8de41] positionInParent=Point(0, 0) parentTaskId=-1 isFocused=false isVisible=false isVisibleRequested=false isSleeping=false topActivityInSizeCompat=false topActivityEligibleForLetterboxEducation= false topActivityLetterboxed= false isFromDoubleTap= false topActivityLetterboxVerticalPosition= -1 topActivityLetterboxHorizontalPosition= -1 topActivityLetterboxWidth=-1 topActivityLetterboxHeight=-1 locusId=null displayAreaFeatureId=1 cameraCompatControlState=hidden originallySupportedMultiWindow=true hasWallpaper=false topActivityInFixedAspectRatio=false rootAffinity=10361:com.example.appajicolorgrupo4 topActivityInDisplayCompat=false topActivityInBoundsCompat=false topActivityBounds=null singleTapFromLetterbox=false isTopTaskInStage=false topActivityUiMode=33 CoverLauncherWidgetTask=false CoverScreenTask=false isAllowedSeamlessRotation=false isTopTransparentActivity=false hasPopOver=false}, remoteTransition = RemoteTransition { remoteTransition = android.window.IRemoteTransition$Stub$Proxy@ff49fe6, appThread = android.app.IApplicationThread$Stub$Proxy@5c45927, debugName = QuickstepLaunch }, displayChange = null }
11-29 11:23:19.205 V/WindowManager( 1162): Collecting in transition 293: ActivityRecord{b9e6777 u0 com.example.appajicolorgrupo4/.MainActivity t237}, caller=com.android.server.wm.Transition.collect:753 com.android.server.wm.TransitionController.collect:975 com.android.server.wm.ActivityRecord.setVisibility:6429 com.android.server.wm.ActivityRecord.setVisibility:6381 com.android.server.wm.EnsureActivitiesVisibleHelper.makeVisibleAndRestartIfNeeded:338 
11-29 11:23:19.205 I/HoneySpace.SuggestedAppsRepositoryImpl(16374): sendSuggestedAppsLaunchTarget: ComponentInfo{com.example.appajicolorgrupo4/com.example.appajicolorgrupo4.MainActivity}
11-29 11:23:19.206 I/HoneySpace.SALoggingUtils(16374): SA Logging screenID: 201 eventId: 1001 detail: {PackageName=com.example.appajicolorgrupo4, det=3} value: -1
11-29 11:23:19.207 D/WindowManager( 1162): prepareSync <SYNC_STATE_WAITING_FOR_DRAW>, mPrepareSyncSeqId=0, win=Window{364ce6f u0 Splash Screen com.example.appajicolorgrupo4}
11-29 11:23:19.207 I/SurfaceFlinger(  880): id=29414 createSurf, flag=84004, 364ce6f Splash Screen com.example.appajicolorgrupo4#29414
11-29 11:23:19.208 V/WindowManager( 1162): addWindow: ActivityRecord{b9e6777 u0 com.example.appajicolorgrupo4/.MainActivity t237} startingWindow=Window{364ce6f u0 Splash Screen com.example.appajicolorgrupo4}
11-29 11:23:19.208 D/WindowManager( 1162): rotationForOrientation, orientationSource=ActivityRecord{b9e6777 u0 com.example.appajicolorgrupo4/.MainActivity t237}
11-29 11:23:19.208 D/WindowManager( 1162): rotationForOrientation, orientationSource=ActivityRecord{b9e6777 u0 com.example.appajicolorgrupo4/.MainActivity t237}
11-29 11:23:19.209 I/InsetsController(18822): onStateChanged: host=Splash Screen com.example.appajicolorgrupo4, from=android.view.ViewRootImpl.setView:1797, state=InsetsState: {mDisplayFrame=Rect(0, 0 - 1080, 2340), mDisplayCutout=DisplayCutout{insets=Rect(0, 87 - 0, 0) waterfall=Insets{left=0, top=0, right=0, bottom=0} boundingRect={Bounds=[Rect(0, 0 - 0, 0), Rect(512, 0 - 568, 87), Rect(0, 0 - 0, 0), Rect(0, 0 - 0, 0)]} cutoutPathParserInfo={CutoutPathParserInfo{displayWidth=1080 displayHeight=2340 physicalDisplayWidth=1080 physicalDisplayHeight=2340 density={3.0} cutoutSpec={M 0,0 H -9.333333333333333 V 29 H 9.333333333333333 V 0 H 0 Z @dp} rotation={0} scale={1.0} physicalPixelDisplaySizeRatio={1.0}}}}, mRoundedCorners=RoundedCorners{[RoundedCorner{position=TopLeft, radius=102, center=Point(102, 102)}, RoundedCorner{position=TopRight, radius=102, center=Point(978, 102)}, RoundedCorner{position=BottomRight, radius=102, center=Point(978, 2238)}, RoundedCorner{position=BottomLeft, radius=102, center=Point(102, 2238)}]}  mRoundedCornerFrame=Rect(0, 0 - 1080, 2340), mPrivacyIndicatorBounds=PrivacyIndicatorBounds {static bounds=Rect(948, 0 - 1080, 88) rotation=0}, mDisplayShape=DisplayShape{ spec=1769313948 displayWidth=1080 displayHeight=2340 physicalPixelDisplaySizeRatio=1.0 rotation=0 offsetX=0 offsetY=0 scale=1.0}, mSources= { InsetsSource: {9d390000 mType=statusBars mFrame=[0,0][1080,88] mVisible=true mFlags=[]}, InsetsSource: {9d390005 mType=mandatorySystemGestures mFrame=[0,0][1080,123] mVisible=true mFlags=[]}, InsetsSource: {9d390006 mType=tappableElement mFrame=[0,0][1080,88] mVisible=true mFlags=[]}, InsetsSource: {3 mType=ime mFrame=[0,0][0,0] mVisible=false mFlags=[]}, InsetsSource: {27 mType=displayCutout mFrame=[0,0][1080,87] mVisible=true mFlags=[]}, InsetsSource: {7bd50001 mType=navigationBars mFrame=[0,2196][1080,2340] mVisible=true mFlags=[]}, InsetsSource: {7bd50004 mType=systemGestures mFrame=[0,0][0,0] mVisible=true mFlags=[]}, InsetsSource: {7bd50005 mType=mandatorySystemGestures mFrame=[0,2196][1080,2340] mVisible=true mFlags=[]}, InsetsSource: {7bd50006 mType=tappableElement mFrame=[0,2196][1080,2340] mVisible=true mFlags=[]}, InsetsSource: {7bd50024 mType=systemGestures mFrame=[0,0][0,0] mVisible=true mFlags=[]} }
11-29 11:23:19.214 D/CoreBackPreview( 1162): Window{364ce6f u0 Splash Screen com.example.appajicolorgrupo4}: Setting back callback OnBackInvokedCallbackInfo{mCallback=android.window.IOnBackInvokedCallback$Stub$Proxy@5b79f81, mPriority=0, mIsAnimationCallback=false}
11-29 11:23:19.214 V/WindowManager( 1162): Relayout Window{364ce6f u0 Splash Screen com.example.appajicolorgrupo4}: viewVisibility=0 req=1080x2340 ty=3 d0
11-29 11:23:19.214 I/SurfaceFlinger(  880): id=29418 createSurf, flag=44004, Splash Screen com.example.appajicolorgrupo4$_18822#29418
11-29 11:23:19.215 I/HoneySpace.TopTaskUseCase(16374): topTasks 237 ComponentInfo{com.example.appajicolorgrupo4/com.example.appajicolorgrupo4.MainActivity}
11-29 11:23:19.215 D/WindowManager( 1162): makeSurface duration=1 name=Splash Screen com.example.appajicolorgrupo4$_18822
11-29 11:23:19.216 D/WindowManager( 1162): rotationForOrientation, orientationSource=ActivityRecord{b9e6777 u0 com.example.appajicolorgrupo4/.MainActivity t237}
11-29 11:23:19.217 D/WindowManager( 1162): rotationForOrientation, orientationSource=ActivityRecord{b9e6777 u0 com.example.appajicolorgrupo4/.MainActivity t237}
11-29 11:23:19.217 D/WindowManager( 1162): rotationForOrientation, orientationSource=ActivityRecord{b9e6777 u0 com.example.appajicolorgrupo4/.MainActivity t237}
11-29 11:23:19.217 D/WindowManager( 1162): rotationForOrientation, orientationSource=ActivityRecord{b9e6777 u0 com.example.appajicolorgrupo4/.MainActivity t237}
11-29 11:23:19.217 V/WindowManager( 1162): Collecting in transition 293: ActivityRecord{b9e6777 u0 com.example.appajicolorgrupo4/.MainActivity t237}, caller=com.android.server.wm.Transition.collect:753 com.android.server.wm.TransitionController.collect:975 com.android.server.wm.ActivityRecord.setVisibility:6429 com.android.server.wm.ActivityRecord.setVisibility:6381 com.android.server.wm.ActivityTaskSupervisor.realStartActivityLocked:965 
11-29 11:23:19.218 D/SGM:PkgDataHelper( 1162): notifyAppCreate(), pkgName: com.example.appajicolorgrupo4, userId: 0, sendRet: true
11-29 11:23:19.220 D/SGM:FgCheckThread( 1162):   sendRunningComponentFocus(), pkgName: com.example.appajicolorgrupo4, userId: 0
11-29 11:23:19.220 D/InputDispatcher( 1162): Focused application(0): ActivityRecord{b9e6777 u0 com.example.appajicolorgrupo4/.MainActivity t237}
11-29 11:23:19.221 D/SGM:FgCheckThread( 1162):   sendRunningComponentFocus(), pkgName: com.example.appajicolorgrupo4, userId: 0
11-29 11:23:19.221 D/ActivityTaskManager( 1162): scheduleTopResumedActivityChanged, onTop=true, r=ActivityRecord{b9e6777 u0 com.example.appajicolorgrupo4/.MainActivity t237}, caller=com.android.server.wm.ActivityTaskSupervisor.scheduleTopResumedActivityStateIfNeeded:2904 com.android.server.wm.ActivityTaskSupervisor.updateTopResumedActivityIfNeeded:2896 com.android.server.wm.TaskFragment.setResumedActivity:580 com.android.server.wm.TaskFragment.onActivityStateChanged:904 com.android.server.wm.ActivityRecord.setState:6892 com.android.server.wm.Task.minimalResumeActivityLocked:6255 
11-29 11:23:19.221 D/SGM:FgCheckThread( 1162): onLooperPrepared(), msg: MSG_APP_CREATE, pkgName: com.example.appajicolorgrupo4, userId: 0
11-29 11:23:19.221 D/SGM:FgCheckThread( 1162): onLooperPrepared(), msg: MSG_TASK_FOCUSED, pkgName: com.example.appajicolorgrupo4, userId: 0
