11-29 11:23:22.123 E/AndroidRuntime(10955): 	at androidx.compose.ui.graphics.layer.GraphicsLayer$clipDrawBlock$1.invoke(AndroidGraphicsLayer.android.kt:73)
11-29 11:23:22.123 E/AndroidRuntime(10955): 	at androidx.compose.ui.graphics.layer.GraphicsLayer$clipDrawBlock$1.invoke(AndroidGraphicsLayer.android.kt:68)
11-29 11:23:22.123 E/AndroidRuntime(10955): 	at androidx.compose.ui.graphics.layer.GraphicsLayerV29.record(GraphicsLayerV29.android.kt:251)
11-29 11:23:22.123 E/AndroidRuntime(10955): 	at androidx.compose.ui.graphics.layer.GraphicsLayer.recordInternal(AndroidGraphicsLayer.android.kt:436)
11-29 11:23:22.123 E/AndroidRuntime(10955): 	at androidx.compose.ui.graphics.layer.GraphicsLayer.record-mL-hObY(AndroidGraphicsLayer.android.kt:432)
11-29 11:23:22.123 E/AndroidRuntime(10955): 	at androidx.compose.ui.platform.GraphicsLayerOwnerLayer.updateDisplayList(GraphicsLayerOwnerLayer.android.kt:254)
11-29 11:23:22.123 E/AndroidRuntime(10955): 	at androidx.compose.ui.platform.GraphicsLayerOwnerLayer.drawLayer(GraphicsLayerOwnerLayer.android.kt:236)
11-29 11:23:22.123 E/AndroidRuntime(10955): 	at androidx.compose.ui.node.NodeCoordinator.draw(NodeCoordinator.kt:435)
11-29 11:23:22.123 E/AndroidRuntime(10955): 	at androidx.compose.ui.node.LayoutNode.draw$ui_release(LayoutNode.kt:1014)
11-29 11:23:22.123 E/AndroidRuntime(10955): 	at androidx.compose.ui.node.InnerNodeCoordinator.performDraw(InnerNodeCoordinator.kt:177)
11-29 11:23:22.123 E/AndroidRuntime(10955): 	at androidx.compose.ui.node.NodeCoordinator.drawContainedDrawModifiers(NodeCoordinator.kt:448)
11-29 11:23:22.123 E/AndroidRuntime(10955): 	at androidx.compose.ui.node.NodeCoordinator.draw(NodeCoordinator.kt:440)
11-29 11:23:22.123 E/AndroidRuntime(10955): 	at androidx.compose.ui.node.LayoutNode.draw$ui_release(LayoutNode.kt:1014)
11-29 11:23:22.123 E/AndroidRuntime(10955): 	at androidx.compose.ui.platform.AndroidComposeView.dispatchDraw(AndroidComposeView.android.kt:1897)
11-29 11:23:22.123 E/AndroidRuntime(10955): 	at android.view.View.draw(View.java:25197)
11-29 11:23:22.123 E/AndroidRuntime(10955): 	at android.view.View.updateDisplayListIfDirty(View.java:24053)
11-29 11:23:22.123 E/AndroidRuntime(10955): 	at android.view.View.draw(View.java:24924)
11-29 11:23:22.123 E/AndroidRuntime(10955): 	at android.view.ViewGroup.drawChild(ViewGroup.java:4804)
11-29 11:23:22.123 E/AndroidRuntime(10955): 	at android.view.ViewGroup.dispatchDraw(ViewGroup.java:4562)
11-29 11:23:22.123 E/AndroidRuntime(10955): 	at android.view.View.updateDisplayListIfDirty(View.java:24039)
11-29 11:23:22.123 E/AndroidRuntime(10955): 	at android.view.View.draw(View.java:24924)
11-29 11:23:22.123 E/AndroidRuntime(10955): 	at android.view.ViewGroup.drawChild(ViewGroup.java:4804)
11-29 11:23:22.123 E/AndroidRuntime(10955): 	at android.view.ViewGroup.dispatchDraw(ViewGroup.java:4562)
11-29 11:23:22.123 E/AndroidRuntime(10955): 	at android.view.View.updateDisplayListIfDirty(View.java:24039)
11-29 11:23:22.123 E/AndroidRuntime(10955): 	at android.view.View.draw(View.java:24924)
11-29 11:23:22.123 E/AndroidRuntime(10955): 	at android.view.ViewGroup.drawChild(ViewGroup.java:4804)
11-29 11:23:22.123 E/AndroidRuntime(10955): 	at android.view.ViewGroup.dispatchDraw(ViewGroup.java:4562)
11-29 11:23:22.123 E/AndroidRuntime(10955): 	at android.view.View.updateDisplayListIfDirty(View.java:24039)
11-29 11:23:22.123 E/AndroidRuntime(10955): 	at android.view.View.draw(View.java:24924)
11-29 11:23:22.123 E/AndroidRuntime(10955): 	at android.view.ViewGroup.drawChild(ViewGroup.java:4804)
11-29 11:23:22.123 E/AndroidRuntime(10955): 	at android.view.ViewGroup.dispatchDraw(ViewGroup.java:4562)
11-29 11:23:22.123 E/AndroidRuntime(10955): 	at com.android.internal.policy.DecorView.dispatchDraw(DecorView.java:1197)
11-29 11:23:22.123 E/AndroidRuntime(10955): 	at android.view.View.draw(View.java:25197)
11-29 11:23:22.123 E/AndroidRuntime(10955): 	at com.android.internal.policy.DecorView.draw(DecorView.java:1179)
11-29 11:23:22.123 E/AndroidRuntime(10955): 	at android.view.View.updateDisplayListIfDirty(View.java:24053)
11-29 11:23:22.123 E/AndroidRuntime(10955): 	at android.view.ThreadedRenderer.updateViewTreeDisplayList(ThreadedRenderer.java:768)
11-29 11:23:22.123 E/AndroidRuntime(10955): 	at android.view.ThreadedRenderer.updateRootDisplayList(ThreadedRenderer.java:774)
11-29 11:23:22.123 E/AndroidRuntime(10955): 	at android.view.ThreadedRenderer.draw(ThreadedRenderer.java:872)
11-29 11:23:22.123 E/AndroidRuntime(10955): 	at android.view.ViewRootImpl.draw(ViewRootImpl.java:6121)
11-29 11:23:22.123 E/AndroidRuntime(10955): 	at android.view.ViewRootImpl.performDraw(ViewRootImpl.java:5776)
11-29 11:23:22.123 E/AndroidRuntime(10955): 	at android.view.ViewRootImpl.performTraversals(ViewRootImpl.java:4858)
11-29 11:23:22.123 E/AndroidRuntime(10955): 	at android.view.ViewRootImpl.doTraversal(ViewRootImpl.java:3345)
11-29 11:23:22.123 E/AndroidRuntime(10955): 	at android.view.ViewRootImpl$TraversalRunnable.run(ViewRootImpl.java:11437)
11-29 11:23:22.123 E/AndroidRuntime(10955): 	at android.view.Choreographer$CallbackRecord.run(Choreographer.java:1690)
11-29 11:23:22.123 E/AndroidRuntime(10955): 	at android.view.Choreographer$CallbackRecord.run(Choreographer.java:1699)
11-29 11:23:22.123 E/AndroidRuntime(10955): 	at android.view.Choreographer.doCallbacks(Choreographer.java:1154)
11-29 11:23:22.123 E/AndroidRuntime(10955): 	at android.view.Choreographer.doFrame(Choreographer.java:1080)
11-29 11:23:22.123 E/AndroidRuntime(10955): 	at android.view.Choreographer$FrameDisplayEventReceiver.run(Choreographer.java:1647)
11-29 11:23:22.123 E/AndroidRuntime(10955): 	at android.os.Handler.handleCallback(Handler.java:958)
11-29 11:23:22.123 E/AndroidRuntime(10955): 	at android.os.Handler.dispatchMessage(Handler.java:99)
11-29 11:23:22.123 E/AndroidRuntime(10955): 	at android.os.Looper.loopOnce(Looper.java:230)
11-29 11:23:22.123 E/AndroidRuntime(10955): 	at android.os.Looper.loop(Looper.java:319)
11-29 11:23:22.123 E/AndroidRuntime(10955): 	at android.app.ActivityThread.main(ActivityThread.java:9063)
11-29 11:23:22.123 E/AndroidRuntime(10955): 	at java.lang.reflect.Method.invoke(Native Method)
11-29 11:23:22.123 E/AndroidRuntime(10955): 	at com.android.internal.os.RuntimeInit$MethodAndArgsCaller.run(RuntimeInit.java:588)
11-29 11:23:22.123 E/AndroidRuntime(10955): 	at com.android.internal.os.ZygoteInit.main(ZygoteInit.java:1103)
11-29 11:23:22.131 W/ActivityTaskManager( 1162):   Force finishing activity com.example.appajicolorgrupo4/.MainActivity
11-29 11:23:22.131 W/ActivityManager( 1162): crash : com.example.appajicolorgrupo4,10361
11-29 11:23:22.135 D/ActivityTaskManager( 1162): scheduleTopResumedActivityChanged, onTop=false, r=ActivityRecord{b9e6777 u0 com.example.appajicolorgrupo4/.MainActivity t237 f}}, caller=com.android.server.wm.ActivityTaskSupervisor.updateTopResumedActivityIfNeeded:2873 com.android.server.wm.TaskDisplayArea.positionChildTaskAt:569 com.android.server.wm.TaskDisplayArea.positionChildAt:485 com.android.server.wm.WindowContainer.positionChildAt:993 com.android.server.wm.Task.positionChildAt:3373 com.android.server.wm.Task.moveToFront:6140 
11-29 11:23:22.137 V/WindowManager( 1162): Changing focus from Window{43a924b u0 com.example.appajicolorgrupo4/com.example.appajicolorgrupo4.MainActivity} to null displayId=0 Callers=com.android.server.wm.RootWindowContainer.updateFocusedWindowLocked:581 com.android.server.wm.WindowManagerService.updateFocusedWindowLocked:6910 com.android.server.wm.ActivityTaskManagerService.setLastResumedActivityUncheckLocked:6164 com.android.server.wm.ActivityRecord.moveFocusableActivityToTop:4165 
11-29 11:23:22.140 V/WindowManager( 1162): Collecting in transition 294: Task{719b302 #237 type=standard A=10361:com.example.appajicolorgrupo4}, caller=com.android.server.wm.Transition.collect:753 com.android.server.wm.Transition.collectExistenceChange:936 com.android.server.wm.TransitionController.collectExistenceChange:1025 com.android.server.wm.TransitionController.requestCloseTransitionIfNeeded:963 com.android.server.wm.ActivityRecord.finishIfPossible:4361 
11-29 11:23:22.140 D/WindowManager( 1162): prepareSync <SYNC_STATE_WAITING_FOR_DRAW>, mPrepareSyncSeqId=0, win=Window{43a924b u0 com.example.appajicolorgrupo4/com.example.appajicolorgrupo4.MainActivity}
11-29 11:23:22.140 V/WindowManager( 1162): Collecting in transition 294: ActivityRecord{b9e6777 u0 com.example.appajicolorgrupo4/.MainActivity t237 f}}, caller=com.android.server.wm.Transition.collect:753 com.android.server.wm.TransitionController.collect:975 com.android.server.wm.ActivityRecord.setVisibility:6429 com.android.server.wm.ActivityRecord.setVisibility:6381 com.android.server.wm.ActivityRecord.finishIfPossible:4440 
11-29 11:23:22.141 D/WindowManager( 1162): VisibleRequested updated, r=ActivityRecord{b9e6777 u0 com.example.appajicolorgrupo4/.MainActivity t237 f}}
11-29 11:23:22.163 D/InputDispatcher( 1162): Focus left window (0): 43a924b com.example.appajicolorgrupo4/com.example.appajicolorgrupo4.MainActivity
11-29 11:23:22.170 I/SDHMS:BarTender:Gatherer:AppError( 3920): update AppError : uid=10361, pkg=com.example.appajicolorgrupo4, errorType=crash
11-29 11:23:22.179 I/SDHMS:BarTender:Analyzer:AppError( 3920): analyze app error : uid=10361, pkg=com.example.appajicolorgrupo4, appErrorCount=8
11-29 11:23:22.225 I/WindowManager( 1162): WIN DEATH: Window{43a924b u0 com.example.appajicolorgrupo4/com.example.appajicolorgrupo4.MainActivity}
11-29 11:23:22.226 I/ActivityManager( 1162): Process com.example.appajicolorgrupo4 (pid 10955) has died: prcp TOP (1140,2501)
11-29 11:23:22.226 W/InputManager-JNI( 1162): Input channel object '43a924b com.example.appajicolorgrupo4/com.example.appajicolorgrupo4.MainActivity (client)' was disposed without first being removed with the input manager!
11-29 11:23:22.226 I/ImeTracker( 1162): com.example.appajicolorgrupo4:8f79e326: onRequestHide at ORIGIN_SERVER_HIDE_INPUT reason HIDE_REMOVE_CLIENT
11-29 11:23:22.226 I/ImeTracker( 1162): com.example.appajicolorgrupo4:8f79e326: onCancelled at PHASE_SERVER_SHOULD_HIDE
11-29 11:23:22.226 V/WindowManager( 1162): Remove Window{43a924b u0 com.example.appajicolorgrupo4/com.example.appajicolorgrupo4.MainActivity}: mSurfaceController=Surface(name=com.example.appajicolorgrupo4/com.example.appajicolorgrupo4.MainActivity$_10955)/@0x2a4b6a2 mAnimatingExit=false mRemoveOnExit=false mHasSurface=true surfaceShowing=true animating=false app-animation=false mDisplayFrozen=false callers=com.android.server.wm.WindowState$DeathRecipient.binderDied:3698 android.os.IBinder$DeathRecipient.binderDied:325 android.os.BinderProxy.sendDeathNotice:781 <bottom of call stack> <bottom of call stack> <bottom of call stack> 
11-29 11:23:22.229 V/WindowManager( 1162): Collecting in transition 294: Task{719b302 #237 type=standard A=10361:com.example.appajicolorgrupo4}, caller=com.android.server.wm.Transition.collect:753 com.android.server.wm.TransitionController.collect:975 com.android.server.wm.TransitionController.requestCloseTransitionIfNeeded:967 com.android.server.wm.ActivityRecord.handleAppDied:5182 com.android.server.wm.WindowProcessController.handleAppDied:1480 
11-29 11:23:22.230 V/WindowManager( 1162): Collecting in transition 294: ActivityRecord{b9e6777 u0 com.example.appajicolorgrupo4/.MainActivity t237 f}}, caller=com.android.server.wm.Transition.collect:753 com.android.server.wm.TransitionController.collect:975 com.android.server.wm.ActivityRecord.onRemovedFromDisplay:5272 com.android.server.wm.DisplayContent.removeAppToken:1892 com.android.server.wm.ActivityRecord.removeFromHistory:4899 
11-29 11:23:22.246 W/WindowManager( 1162): Failed to deliver inset control state change to w=Window{43a924b u0 com.example.appajicolorgrupo4/com.example.appajicolorgrupo4.MainActivity EXITING}
11-29 11:23:22.252 V/WindowManager( 1162): Start calculating TransitionInfo based on participants: {ActivityRecord{1234523 u0 com.sec.android.app.launcher/.activities.LauncherActivity t170}, WallpaperWindowToken{3aa788a token=android.os.Binder@319e2f5}, Task{719b302 #237 type=standard A=10361:com.example.appajicolorgrupo4}, ActivityRecord{b9e6777 u0 com.example.appajicolorgrupo4/.MainActivity t237 f} isExiting}}
11-29 11:23:22.252 V/WindowManager( 1162):   Final targets: [Task{5daeee9 #169 type=home}, Task{719b302 #237 type=standard A=10361:com.example.appajicolorgrupo4}]
11-29 11:23:22.262 D/RenderEngine(  880): [SEC_GC_CMN_SF_EFFECTS] drawLayersInternal,1291, Rendering layer com.example.appajicolorgrupo4/com.example.appajicolorgrupo4.MainActivity$_10955#29436 at index 1
11-29 11:23:22.264 V/WindowManager( 1162):         {WCT{RemoteToken{4a5c52d Task{719b302 #237 type=standard A=10361:com.example.appajicolorgrupo4}}} m=CLOSE f=NONE leash=Surface(name=Task=237)/@0x374ed57 sb=Rect(0, 0 - 1080, 2340) eb=Rect(0, 0 - 1080, 2340) d=0 inset=Rect(0, 0 - 0, 0)}
11-29 11:23:22.265 V/WindowManager( 1162):         {WCT{RemoteToken{4a5c52d Task{719b302 #237 type=standard A=10361:com.example.appajicolorgrupo4}}} m=CLOSE f=NONE leash=Surface(name=Task=237)/@0x374ed57 sb=Rect(0, 0 - 1080, 2340) eb=Rect(0, 0 - 1080, 2340) d=0 inset=Rect(0, 0 - 0, 0)}
11-29 11:23:22.269 I/HoneySpace.AppListFastRecyclerViewAdapter(16374): findCloseTarget : 220, ComponentInfo{com.example.appajicolorgrupo4/com.example.appajicolorgrupo4.MainActivity}
11-29 11:23:22.271 I/AppIconSolution(16374): getThemeIconWithBG called with public API, pkg = com.example.appajicolorgrupo4, mode = 48
11-29 11:23:22.272 I/AppIconSolution(16374): return adaptive icon for com.example.appajicolorgrupo4, isNight = true
11-29 11:23:22.272 I/LauncherActivityInfo(16374): packageName: com.example.appajicolorgrupo4, useThemeIcon: false, height: 288, width: 288, density: 640
11-29 11:23:22.294 D/SurfaceFlinger(  880):      CLIENT | 0xb40000786c13ed50 | 0102 | RGBA_8888    |    0.0    0.0 1080.0 2340.0 |    0    0 1080 2340 | com.example.appajicolorgrupo4/com.ex[...]olorgrupo4.MainActivity$_10955#29436
11-29 11:23:22.295 W/WindowManager( 1162): Failed to deliver inset control state change to w=Window{43a924b u0 com.example.appajicolorgrupo4/com.example.appajicolorgrupo4.MainActivity EXITING}
11-29 11:23:22.632 V/WindowManager( 1162): Setting visibility of Window{43a924b u0 com.example.appajicolorgrupo4/com.example.appajicolorgrupo4.MainActivity EXITING}: false, caller=com.android.server.wm.WindowContainer.sendAppVisibilityToClients:1305 com.android.server.wm.WindowToken.setClientVisible:454 com.android.server.wm.ActivityRecord.setClientVisible:8235 com.android.server.wm.ActivityRecord.postApplyAnimation:6766 com.android.server.wm.ActivityRecord.commitVisibility:6709 
11-29 11:23:22.632 W/WindowManager( 1162): Client process is already killed Window{43a924b u0 com.example.appajicolorgrupo4/com.example.appajicolorgrupo4.MainActivity EXITING}
11-29 11:23:22.633 V/WindowManager( 1162): Remove Window{43a924b u0 com.example.appajicolorgrupo4/com.example.appajicolorgrupo4.MainActivity EXITING}: mSurfaceController=Surface(name=com.example.appajicolorgrupo4/com.example.appajicolorgrupo4.MainActivity$_10955)/@0x2a4b6a2 mAnimatingExit=true mRemoveOnExit=true mHasSurface=true surfaceShowing=true animating=false app-animation=false mDisplayFrozen=false callers=com.android.server.wm.WindowToken.removeAllWindowsIfPossible:258 com.android.server.wm.ActivityRecord.removeIfPossible:5220 com.android.server.wm.ActivityRecord.handleCompleteDeferredRemoval:5227 com.android.server.wm.WindowContainer.handleCompleteDeferredRemoval:1510 com.android.server.wm.TaskFragment.handleCompleteDeferredRemoval:3445 com.android.server.wm.WindowContainer.handleCompleteDeferredRemoval:1510 
11-29 11:23:22.635 V/WindowManager( 1162): Remove Window{43a924b u0 com.example.appajicolorgrupo4/com.example.appajicolorgrupo4.MainActivity EXITING}: mSurfaceController=Surface(name=com.example.appajicolorgrupo4/com.example.appajicolorgrupo4.MainActivity$_10955)/@0x2a4b6a2 mAnimatingExit=true mRemoveOnExit=true mHasSurface=true surfaceShowing=false animating=false app-animation=false mDisplayFrozen=false callers=com.android.server.wm.WindowToken.removeAllWindowsIfPossible:258 com.android.server.wm.ActivityRecord.removeIfPossible:5220 com.android.server.wm.ActivityRecord.onRemovedFromDisplay:5308 com.android.server.wm.ActivityRecord.removeImmediately:5210 com.android.server.wm.ActivityRecord.removeIfPossible:5221 com.android.server.wm.ActivityRecord.handleCompleteDeferredRemoval:5227 
11-29 11:23:22.635 I/WindowManager( 1162): Destroying surface Surface(name=com.example.appajicolorgrupo4/com.example.appajicolorgrupo4.MainActivity$_10955)/@0x2a4b6a2 called by com.android.server.wm.WindowStateAnimator.destroySurface:811 com.android.server.wm.WindowStateAnimator.destroySurfaceLocked:478 com.android.server.wm.WindowState.removeImmediately:2958 com.android.server.wm.WindowState.removeIfPossible:3226 com.android.server.wm.WindowToken.removeAllWindowsIfPossible:258 com.android.server.wm.ActivityRecord.removeIfPossible:5220 com.android.server.wm.ActivityRecord.onRemovedFromDisplay:5308 com.android.server.wm.ActivityRecord.removeImmediately:5210 
11-29 11:23:22.636 I/SurfaceFlinger(  880): id=29422 Removed 1e39011 ActivityRecordInputSink com.example.appajicolorgrupo4/.MainActivity#29422 (233)
11-29 11:23:22.636 I/Layer   (  880): id=29413 removeFromCurrentState ActivityRecord{b9e6777 u0 com.example.appajicolorgrupo4/.MainActivity t237}#29413 (233)
11-29 11:23:22.636 I/Layer   (  880): id=29422 removeFromCurrentState 1e39011 ActivityRecordInputSink com.example.appajicolorgrupo4/.MainActivity#29422 (233)
11-29 11:23:22.636 I/Layer   (  880): id=29430 removeFromCurrentState 43a924b com.example.appajicolorgrupo4/com.example.appajicolorgrupo4.MainActivity#29430 (233)
11-29 11:23:22.636 I/Layer   (  880): id=29436 removeFromCurrentState com.example.appajicolorgrupo4/com.example.appajicolorgrupo4.MainActivity$_10955#29436 (233)
11-29 11:23:22.636 I/Layer   (  880): id=29413 addToCurrentState ActivityRecord{b9e6777 u0 com.example.appajicolorgrupo4/.MainActivity t237}#29413 (233)
11-29 11:23:22.636 I/Layer   (  880): id=29422 addToCurrentState 1e39011 ActivityRecordInputSink com.example.appajicolorgrupo4/.MainActivity#29422 (233)
11-29 11:23:22.636 I/Layer   (  880): id=29430 addToCurrentState 43a924b com.example.appajicolorgrupo4/com.example.appajicolorgrupo4.MainActivity#29430 (233)
11-29 11:23:22.636 I/Layer   (  880): id=29436 addToCurrentState com.example.appajicolorgrupo4/com.example.appajicolorgrupo4.MainActivity$_10955#29436 (233)
11-29 11:23:22.636 I/Layer   (  880): Layer [ActivityRecord{b9e6777 u0 com.example.appajicolorgrupo4/.MainActivity t237}#29413] hidden!! flag(1)
11-29 11:23:22.636 I/Layer   (  880): Layer [com.example.appajicolorgrupo4/com.example.appajicolorgrupo4.MainActivity$_10955#29436] hidden!! flag(1)
11-29 11:23:22.636 I/Layer   (  880): id=29436 removeFromCurrentState com.example.appajicolorgrupo4/com.example.appajicolorgrupo4.MainActivity$_10955#29436 (233)
11-29 11:23:22.636 I/Layer   (  880): id=29430 removeFromCurrentState 43a924b com.example.appajicolorgrupo4/com.example.appajicolorgrupo4.MainActivity#29430 (233)
11-29 11:23:22.637 I/Layer   (  880): id=29431 Destroyed 43a924b com.example.appajicolorgrupo4/com.example.appajicolorgrupo4.MainActivity#29430 (Mirror)#29431
11-29 11:23:22.637 I/SurfaceFlinger(  880): id=29430 Removed 43a924b com.example.appajicolorgrupo4/com.example.appajicolorgrupo4.MainActivity#29430 (229)
11-29 11:23:22.637 I/SurfaceFlinger(  880): id=29436 Removed com.example.appajicolorgrupo4/com.example.appajicolorgrupo4.MainActivity$_10955#29436 (229)
11-29 11:23:22.638 I/Layer   (  880): id=29439 Destroyed com.example.appajicolorgrupo4/com.example.appajicolorgrupo4.MainActivity$_10955#29436 (Mirror)#29439
11-29 11:23:22.639 W/ActivityTaskManager( 1162): Activity top resumed state loss timeout for ActivityRecord{b9e6777 u0 com.example.appajicolorgrupo4/.MainActivity t-1 f}}
11-29 11:23:22.644 I/Layer   (  880): id=29413 removeFromCurrentState ActivityRecord{b9e6777 u0 com.example.appajicolorgrupo4/.MainActivity t237}#29413 (228)
11-29 11:23:22.644 I/Layer   (  880): id=29422 removeFromCurrentState 1e39011 ActivityRecordInputSink com.example.appajicolorgrupo4/.MainActivity#29422 (228)
11-29 11:23:22.645 I/Layer   (  880): id=29430 Destroyed 43a924b com.example.appajicolorgrupo4/com.example.appajicolorgrupo4.MainActivity#29430
11-29 11:23:22.645 I/Layer   (  880): id=29436 Destroyed com.example.appajicolorgrupo4/com.example.appajicolorgrupo4.MainActivity$_10955#29436
11-29 11:23:22.646 I/Layer   (  880): id=29416 Destroyed ActivityRecord{b9e6777 u0 com.example.appajicolorgrupo4/.MainActivity t237}#29413 (Mirror)#29416
11-29 11:23:22.646 I/Layer   (  880): id=29427 Destroyed 1e39011 ActivityRecordInputSink com.example.appajicolorgrupo4/.MainActivity#29422 (Mirror)#29427
11-29 11:23:22.646 I/SurfaceFlinger(  880): id=29413 Removed ActivityRecord{b9e6777 u0 com.example.appajicolorgrupo4/.MainActivity t237}#29413 (221)
11-29 11:23:22.653 I/Layer   (  880): id=29413 Destroyed ActivityRecord{b9e6777 u0 com.example.appajicolorgrupo4/.MainActivity t237}#29413
11-29 11:23:22.653 I/Layer   (  880): id=29422 Destroyed 1e39011 ActivityRecordInputSink com.example.appajicolorgrupo4/.MainActivity#29422
11-29 11:23:24.243 I/Pageboost( 1162): db update :com.example.appajicolorgrupo4 ret 1
11-29 11:23:48.120 I/Pageboost( 1162): start alp : com.example.appajicolorgrupo4
11-29 11:23:48.120 I/Pageboost( 1162): alp for : com.example.appajicolorgrupo4 , 0
11-29 11:23:48.126 I/ChimeraSystemEventListener( 1162): appLaunchIntent package name is: com.example.appajicolorgrupo4
11-29 11:23:48.138 D/ShellStartingWindow(18822): preload Icon com.example.appajicolorgrupo4
11-29 11:23:48.159 I/ActivityManager( 1162): Start proc 11283:com.example.appajicolorgrupo4/u0a361 for activelaunch {com.example.appajicolorgrupo4/com.example.appajicolorgrupo4.MainActivity}
11-29 11:23:48.179 I/ChimeraSystemEventListener( 1162): appLaunchIntent package name is: com.example.appajicolorgrupo4
11-29 11:23:48.180 I/Pageboost( 1162): onAppLaunch : com.example.appajicolorgrupo4
11-29 11:23:48.180 I/Pageboost( 1162): Record App IO : com.example.appajicolorgrupo4 pid 11283
11-29 11:23:48.181 V/WindowManager( 1162): Collecting in transition 295: ActivityRecord{195a57a u0 com.example.appajicolorgrupo4/.MainActivity, caller=com.android.server.wm.Transition.collect:753 com.android.server.wm.TransitionController.collect:975 com.android.server.wm.ActivityStarter.startActivityUnchecked:2407 com.android.server.wm.ActivityStarter.executeRequest:1959 com.android.server.wm.ActivityStarter.execute:1075 
11-29 11:23:48.181 D/ActivityTaskManager( 1162): TaskLaunchParamsModifier:task=null activity=ActivityRecord{195a57a u0 com.example.appajicolorgrupo4/.MainActivity t-1} display-from-option=0 display-id=0 task-display-area-windowing-mode=1 suggested-display-area=DefaultTaskDisplayArea_d0@193294762
11-29 11:23:48.182 D/ActivityTaskManager( 1162): TaskLaunchParamsModifier:task=null activity=ActivityRecord{195a57a u0 com.example.appajicolorgrupo4/.MainActivity t-1} display-from-option=0 display-id=0 task-display-area-windowing-mode=1 suggested-display-area=DefaultTaskDisplayArea_d0@193294762 inherit-from-source=fullscreen non-freeform-task-display-area display-area=DefaultTaskDisplayArea_d0@193294762 default-portrait freeform-size-mismatch=Rect(81, 557 - 999, 1727)
11-29 11:23:48.183 D/ActivityTaskManager( 1162): TaskLaunchParamsModifier:task=Task{b7ed12b #238 type=standard A=10361:com.example.appajicolorgrupo4} activity=ActivityRecord{195a57a u0 com.example.appajicolorgrupo4/.MainActivity t-1} display-from-option=0 display-id=0 task-display-area-windowing-mode=1 suggested-display-area=DefaultTaskDisplayArea_d0@193294762 inherit-from-source=fullscreen non-freeform-task-display-area display-area=DefaultTaskDisplayArea_d0@193294762 default-portrait freeform-size-mismatch=Rect(81, 557 - 999, 1727)
11-29 11:23:48.184 V/WindowManager( 1162): Collecting in transition 295: Task{b7ed12b #238 type=standard A=10361:com.example.appajicolorgrupo4}, caller=com.android.server.wm.Transition.collect:753 com.android.server.wm.Transition.collectExistenceChange:936 com.android.server.wm.TransitionController.collectExistenceChange:1025 com.android.server.wm.ActivityStarter.setNewTask:4833 com.android.server.wm.ActivityStarter.startActivityInner:3041 
11-29 11:23:48.184 I/SurfaceFlinger(  880): id=29465 createSurf, flag=84004, ActivityRecord{195a57a u0 com.example.appajicolorgrupo4/.MainActivity t238}#29465
11-29 11:23:48.185 D/ActivityTaskManager( 1162): Add starting ActivityRecord{195a57a u0 com.example.appajicolorgrupo4/.MainActivity t238}: typeParam=139 startingData=com.android.server.wm.SplashScreenStartingData@7e9bf21
11-29 11:23:48.185 V/WindowManager( 1162): Added starting ActivityRecord{195a57a u0 com.example.appajicolorgrupo4/.MainActivity t238}: startingWindow=null startingView=com.android.server.wm.StartingSurfaceController$StartingSurface@b489f46
11-29 11:23:48.185 V/WindowManager( 1162): Collecting in transition 295: ActivityRecord{195a57a u0 com.example.appajicolorgrupo4/.MainActivity t238}, caller=com.android.server.wm.Transition.collect:753 com.android.server.wm.Transition.collectExistenceChange:936 com.android.server.wm.TransitionController.collectExistenceChange:1025 com.android.server.wm.ActivityStarter.handleStartResult:2632 com.android.server.wm.ActivityStarter.startActivityUnchecked:2415 
11-29 11:23:48.186 I/ActivityTaskManager( 1162): START u0 {act=android.intent.action.MAIN cat=[android.intent.category.LAUNCHER] flg=0x10200000 cmp=com.example.appajicolorgrupo4/.MainActivity bnds=[540,295][791,587]} with LAUNCH_MULTIPLE from uid 10156 (BAL_ALLOW_ALLOWLISTED_COMPONENT) result code=0
11-29 11:23:48.186 V/WindowManagerShell(18822): Transition requested: android.os.BinderProxy@8cfbc15 TransitionRequestInfo { type = OPEN, triggerTask = TaskInfo{userId=0 taskId=238 displayId=0 isRunning=true baseIntent=Intent { act=android.intent.action.MAIN cat=[android.intent.category.LAUNCHER] flg=0x10200000 cmp=com.example.appajicolorgrupo4/.MainActivity } baseActivity=ComponentInfo{com.example.appajicolorgrupo4/com.example.appajicolorgrupo4.MainActivity} topActivity=ComponentInfo{com.example.appajicolorgrupo4/com.example.appajicolorgrupo4.MainActivity} origActivity=null realActivity=ComponentInfo{com.example.appajicolorgrupo4/com.example.appajicolorgrupo4.MainActivity} numActivities=1 lastActiveTime=495885806 supportsMultiWindow=true resizeMode=1 isResizeable=true minWidth=-1 minHeight=-1 maxWidth=-1 maxHeight=-1 defaultMinSize=220 token=WCT{android.window.IWindowContainerToken$Stub$Proxy@8ffab2a} topActivityType=1 pictureInPictureParams=null shouldDockBigOverlays=false launchIntoPipHostTaskId=-1 lastParentTaskIdBeforePip=-1 displayCutoutSafeInsets=Rect(0, 87 - 0, 0) topActivityInfo=ActivityInfo{77edd1b com.example.appajicolorgrupo4.MainActivity} launchCookies=[android.os.BinderProxy@6448eb8] positionInParent=Point(0, 0) parentTaskId=-1 isFocused=false isVisible=false isVisibleRequested=false isSleeping=false topActivityInSizeCompat=false topActivityEligibleForLetterboxEducation= false topActivityLetterboxed= false isFromDoubleTap= false topActivityLetterboxVerticalPosition= -1 topActivityLetterboxHorizontalPosition= -1 topActivityLetterboxWidth=-1 topActivityLetterboxHeight=-1 locusId=null displayAreaFeatureId=1 cameraCompatControlState=hidden originallySupportedMultiWindow=true hasWallpaper=false topActivityInFixedAspectRatio=false rootAffinity=10361:com.example.appajicolorgrupo4 topActivityInDisplayCompat=false topActivityInBoundsCompat=false topActivityBounds=null singleTapFromLetterbox=false isTopTaskInStage=false topActivityUiMode=33 CoverLauncherWidgetTask=false CoverScreenTask=false isAllowedSeamlessRotation=false isTopTransparentActivity=false hasPopOver=false}, remoteTransition = RemoteTransition { remoteTransition = android.window.IRemoteTransition$Stub$Proxy@8fd0491, appThread = android.app.IApplicationThread$Stub$Proxy@4454ff6, debugName = QuickstepLaunch }, displayChange = null }
11-29 11:23:48.187 I/HoneySpace.SALoggingUtils(16374): SA Logging screenID: 201 eventId: 1001 detail: {PackageName=com.example.appajicolorgrupo4, det=3} value: -1
11-29 11:23:48.187 D/WindowManager( 1162): prepareSync <SYNC_STATE_WAITING_FOR_DRAW>, mPrepareSyncSeqId=0, win=Window{ac18634 u0 Splash Screen com.example.appajicolorgrupo4}
11-29 11:23:48.188 I/SurfaceFlinger(  880): id=29466 createSurf, flag=84004, ac18634 Splash Screen com.example.appajicolorgrupo4#29466
11-29 11:23:48.188 V/WindowManager( 1162): addWindow: ActivityRecord{195a57a u0 com.example.appajicolorgrupo4/.MainActivity t238} startingWindow=Window{ac18634 u0 Splash Screen com.example.appajicolorgrupo4}
11-29 11:23:48.189 I/InsetsController(18822): onStateChanged: host=Splash Screen com.example.appajicolorgrupo4, from=android.view.ViewRootImpl.setView:1797, state=InsetsState: {mDisplayFrame=Rect(0, 0 - 1080, 2340), mDisplayCutout=DisplayCutout{insets=Rect(0, 87 - 0, 0) waterfall=Insets{left=0, top=0, right=0, bottom=0} boundingRect={Bounds=[Rect(0, 0 - 0, 0), Rect(512, 0 - 568, 87), Rect(0, 0 - 0, 0), Rect(0, 0 - 0, 0)]} cutoutPathParserInfo={CutoutPathParserInfo{displayWidth=1080 displayHeight=2340 physicalDisplayWidth=1080 physicalDisplayHeight=2340 density={3.0} cutoutSpec={M 0,0 H -9.333333333333333 V 29 H 9.333333333333333 V 0 H 0 Z @dp} rotation={0} scale={1.0} physicalPixelDisplaySizeRatio={1.0}}}}, mRoundedCorners=RoundedCorners{[RoundedCorner{position=TopLeft, radius=102, center=Point(102, 102)}, RoundedCorner{position=TopRight, radius=102, center=Point(978, 102)}, RoundedCorner{position=BottomRight, radius=102, center=Point(978, 2238)}, RoundedCorner{position=BottomLeft, radius=102, center=Point(102, 2238)}]}  mRoundedCornerFrame=Rect(0, 0 - 1080, 2340), mPrivacyIndicatorBounds=PrivacyIndicatorBounds {static bounds=Rect(948, 0 - 1080, 88) rotation=0}, mDisplayShape=DisplayShape{ spec=1769313948 displayWidth=1080 displayHeight=2340 physicalPixelDisplaySizeRatio=1.0 rotation=0 offsetX=0 offsetY=0 scale=1.0}, mSources= { InsetsSource: {9d390000 mType=statusBars mFrame=[0,0][1080,88] mVisible=true mFlags=[]}, InsetsSource: {9d390005 mType=mandatorySystemGestures mFrame=[0,0][1080,123] mVisible=true mFlags=[]}, InsetsSource: {9d390006 mType=tappableElement mFrame=[0,0][1080,88] mVisible=true mFlags=[]}, InsetsSource: {27 mType=displayCutout mFrame=[0,0][1080,87] mVisible=true mFlags=[]}, InsetsSource: {7bd50001 mType=navigationBars mFrame=[0,2196][1080,2340] mVisible=true mFlags=[]}, InsetsSource: {7bd50004 mType=systemGestures mFrame=[0,0][0,0] mVisible=true mFlags=[]}, InsetsSource: {7bd50005 mType=mandatorySystemGestures mFrame=[0,2196][1080,2340] mVisible=true mFlags=[]}, InsetsSource: {7bd50006 mType=tappableElement mFrame=[0,2196][1080,2340] mVisible=true mFlags=[]}, InsetsSource: {7bd50024 mType=systemGestures mFrame=[0,0][0,0] mVisible=true mFlags=[]} }
11-29 11:23:48.189 I/HoneySpace.SuggestedAppsRepositoryImpl(16374): sendSuggestedAppsLaunchTarget: ComponentInfo{com.example.appajicolorgrupo4/com.example.appajicolorgrupo4.MainActivity}
11-29 11:23:48.189 V/WindowManager( 1162): Collecting in transition 295: ActivityRecord{195a57a u0 com.example.appajicolorgrupo4/.MainActivity t238}, caller=com.android.server.wm.Transition.collect:753 com.android.server.wm.TransitionController.collect:975 com.android.server.wm.ActivityRecord.setVisibility:6429 com.android.server.wm.ActivityRecord.setVisibility:6381 com.android.server.wm.EnsureActivitiesVisibleHelper.makeVisibleAndRestartIfNeeded:338 
11-29 11:23:48.192 D/CoreBackPreview( 1162): Window{ac18634 u0 Splash Screen com.example.appajicolorgrupo4}: Setting back callback OnBackInvokedCallbackInfo{mCallback=android.window.IOnBackInvokedCallback$Stub$Proxy@cdf69d2, mPriority=0, mIsAnimationCallback=false}
11-29 11:23:48.192 V/WindowManager( 1162): Relayout Window{ac18634 u0 Splash Screen com.example.appajicolorgrupo4}: viewVisibility=0 req=1080x2340 ty=3 d0
11-29 11:23:48.193 I/SurfaceFlinger(  880): id=29470 createSurf, flag=44004, Splash Screen com.example.appajicolorgrupo4$_18822#29470
11-29 11:23:48.193 I/HoneySpace.TopTaskUseCase(16374): topTasks 238 ComponentInfo{com.example.appajicolorgrupo4/com.example.appajicolorgrupo4.MainActivity}
11-29 11:23:48.193 D/WindowManager( 1162): makeSurface duration=0 name=Splash Screen com.example.appajicolorgrupo4$_18822
11-29 11:23:48.194 D/WindowManager( 1162): rotationForOrientation, orientationSource=ActivityRecord{195a57a u0 com.example.appajicolorgrupo4/.MainActivity t238}
11-29 11:23:48.194 D/WindowManager( 1162): rotationForOrientation, orientationSource=ActivityRecord{195a57a u0 com.example.appajicolorgrupo4/.MainActivity t238}
11-29 11:23:48.195 I/InsetsController(18822): onStateChanged: host=Splash Screen com.example.appajicolorgrupo4, from=android.view.ViewRootImpl.relayoutWindow:10165, state=InsetsState: {mDisplayFrame=Rect(0, 0 - 1080, 2340), mDisplayCutout=DisplayCutout{insets=Rect(0, 87 - 0, 0) waterfall=Insets{left=0, top=0, right=0, bottom=0} boundingRect={Bounds=[Rect(0, 0 - 0, 0), Rect(512, 0 - 568, 87), Rect(0, 0 - 0, 0), Rect(0, 0 - 0, 0)]} cutoutPathParserInfo={CutoutPathParserInfo{displayWidth=1080 displayHeight=2340 physicalDisplayWidth=1080 physicalDisplayHeight=2340 density={3.0} cutoutSpec={M 0,0 H -9.333333333333333 V 29 H 9.333333333333333 V 0 H 0 Z @dp} rotation={0} scale={1.0} physicalPixelDisplaySizeRatio={1.0}}}}, mRoundedCorners=RoundedCorners{[RoundedCorner{position=TopLeft, radius=102, center=Point(102, 102)}, RoundedCorner{position=TopRight, radius=102, center=Point(978, 102)}, RoundedCorner{position=BottomRight, radius=102, center=Point(978, 2238)}, RoundedCorner{position=BottomLeft, radius=102, center=Point(102, 2238)}]}  mRoundedCornerFrame=Rect(0, 0 - 1080, 2340), mPrivacyIndicatorBounds=PrivacyIndicatorBounds {static bounds=Rect(948, 0 - 1080, 88) rotation=0}, mDisplayShape=DisplayShape{ spec=1769313948 displayWidth=1080 displayHeight=2340 physicalPixelDisplaySizeRatio=1.0 rotation=0 offsetX=0 offsetY=0 scale=1.0}, mSources= { InsetsSource: {9d390000 mType=statusBars mFrame=[0,0][1080,88] mVisible=true mFlags=[]}, InsetsSource: {9d390005 mType=mandatorySystemGestures mFrame=[0,0][1080,123] mVisible=true mFlags=[]}, InsetsSource: {9d390006 mType=tappableElement mFrame=[0,0][1080,88] mVisible=true mFlags=[]}, InsetsSource: {3 mType=ime mFrame=[0,0][0,0] mVisible=false mFlags=[]}, InsetsSource: {27 mType=displayCutout mFrame=[0,0][1080,87] mVisible=true mFlags=[]}, InsetsSource: {7bd50001 mType=navigationBars mFrame=[0,2196][1080,2340] mVisible=true mFlags=[]}, InsetsSource: {7bd50004 mType=systemGestures mFrame=[0,0][0,0] mVisible=true mFlags=[]}, InsetsSource: {7bd50005 mType=mandatorySystemGestures mFrame=[0,2196][1080,2340] mVisible=true mFlags=[]}, InsetsSource: {7bd50006 mType=tappableElement mFrame=[0,2196][1080,2340] mVisible=true mFlags=[]}, InsetsSource: {7bd50024 mType=systemGestures mFrame=[0,0][0,0] mVisible=true mFlags=[]} }
11-29 11:23:48.201 D/WindowManager( 1162): finishDrawingWindow: Window{ac18634 u0 Splash Screen com.example.appajicolorgrupo4} mDrawState=DRAW_PENDING seqId=0
11-29 11:23:48.201 V/WindowManager( 1162): Finishing drawing window Window{ac18634 u0 Splash Screen com.example.appajicolorgrupo4}: mDrawState=DRAW_PENDING
11-29 11:23:48.201 V/WindowManager( 1162): Draw state now committed in Window{ac18634 u0 Splash Screen com.example.appajicolorgrupo4}
11-29 11:23:48.202 V/WindowManager( 1162): performShowLocked: mDrawState=HAS_DRAWN in Window{ac18634 u0 Splash Screen com.example.appajicolorgrupo4}
11-29 11:23:48.202 V/WindowManager( 1162): Start calculating TransitionInfo based on participants: {ActivityRecord{1234523 u0 com.sec.android.app.launcher/.activities.LauncherActivity t170}, ActivityRecord{195a57a u0 com.example.appajicolorgrupo4/.MainActivity t238}, WallpaperWindowToken{3aa788a token=android.os.Binder@319e2f5}, Task{b7ed12b #238 type=standard A=10361:com.example.appajicolorgrupo4}}
11-29 11:23:48.202 V/WindowManager( 1162):   Final targets: [Task{b7ed12b #238 type=standard A=10361:com.example.appajicolorgrupo4}, Task{5daeee9 #169 type=home}]
11-29 11:23:48.203 I/SurfaceControl( 1162): show, t=StartTransaction_SyncId<295>, sc=Surface(name=ActivityRecord{195a57a u0 com.example.appajicolorgrupo4/.MainActivity t238})/@0xcd38a15, caller=com.android.server.wm.Transition.onTransactionReady:2012 com.android.server.wm.BLASTSyncEngine$SyncGroup.finishNow:321 com.android.server.wm.BLASTSyncEngine$SyncGroup.tryFinish:242 com.android.server.wm.BLASTSyncEngine$SyncGroup.-$$Nest$mtryFinish:0 com.android.server.wm.BLASTSyncEngine.onSurfacePlacement:685 com.android.server.wm.RootWindowContainer.performSurfacePlacementNoTrace:993 
11-29 11:23:48.203 V/WindowManager( 1162):         {WCT{RemoteToken{e3d34b8 Task{b7ed12b #238 type=standard A=10361:com.example.appajicolorgrupo4}}} m=OPEN f=NONE leash=Surface(name=Task=238)/@0xb62612a sb=Rect(0, 0 - 1080, 2340) eb=Rect(0, 0 - 1080, 2340) d=0 dim=true inset=Rect(0, 88 - 0, 144)},
11-29 11:23:48.204 V/WindowManager( 1162): Sent Transition #295 createdAt=11-29 11:23:48.181 via request=TransitionRequestInfo { type = OPEN, triggerTask = TaskInfo{userId=0 taskId=238 displayId=0 isRunning=true baseIntent=Intent { act=android.intent.action.MAIN cat=[android.intent.category.LAUNCHER] flg=0x10200000 cmp=com.example.appajicolorgrupo4/.MainActivity } baseActivity=ComponentInfo{com.example.appajicolorgrupo4/com.example.appajicolorgrupo4.MainActivity} topActivity=ComponentInfo{com.example.appajicolorgrupo4/com.example.appajicolorgrupo4.MainActivity} origActivity=null realActivity=ComponentInfo{com.example.appajicolorgrupo4/com.example.appajicolorgrupo4.MainActivity} numActivities=1 lastActiveTime=495885806 supportsMultiWindow=true resizeMode=1 isResizeable=true minWidth=-1 minHeight=-1 maxWidth=-1 maxHeight=-1 defaultMinSize=220 token=WCT{RemoteToken{e3d34b8 Task{b7ed12b #238 type=standard A=10361:com.example.appajicolorgrupo4}}} topActivityType=1 pictureInPictureParams=null shouldDockBigOverlays=false launchIntoPipHostTaskId=-1 lastParentTaskIdBeforePip=-1 displayCutoutSafeInsets=Rect(0, 87 - 0, 0) topActivityInfo=ActivityInfo{1ece464 com.example.appajicolorgrupo4.MainActivity} launchCookies=[android.os.BinderProxy@8cbe6cd] positionInParent=Point(0, 0) parentTaskId=-1 isFocused=false isVisible=false isVisibleRequested=false isSleeping=false topActivityInSizeCompat=false topActivityEligibleForLetterboxEducation= false topActivityLetterboxed= false isFromDoubleTap= false topActivityLetterboxVerticalPosition= -1 topActivityLetterboxHorizontalPosition= -1 topActivityLetterboxWidth=-1 topActivityLetterboxHeight=-1 locusId=null displayAreaFeatureId=1 cameraCompatControlState=hidden originallySupportedMultiWindow=true hasWallpaper=false topActivityInFixedAspectRatio=false rootAffinity=10361:com.example.appajicolorgrupo4 topActivityInDisplayCompat=false topActivityInBoundsCompat=false topActivityBounds=null singleTapFromLetterbox=false isTopTaskInStage=false topActivityUiMode=33 CoverLauncherWidgetTask=false CoverScreenTask=false isAllowedSeamlessRotation=false isTopTransparentActivity=false hasPopOver=false}, remoteTransition = RemoteTransition { remoteTransition = android.window.IRemoteTransition$Stub$Proxy@eb1eb82, appThread = android.app.IApplicationThread$Stub$Proxy@f1293, debugName = QuickstepLaunch }, displayChange = null }
11-29 11:23:48.204 V/WindowManager( 1162):         {WCT{RemoteToken{e3d34b8 Task{b7ed12b #238 type=standard A=10361:com.example.appajicolorgrupo4}}} m=OPEN f=NONE leash=Surface(name=Task=238)/@0xb62612a sb=Rect(0, 0 - 1080, 2340) eb=Rect(0, 0 - 1080, 2340) d=0 dim=true inset=Rect(0, 88 - 0, 144)},
11-29 11:23:48.205 D/InsetsSourceProvider( 1162): updateControlForTarget: control=InsetsSourceControl: {7bd50001 mType=navigationBars initiallyVisible mSurfacePosition=Point(0, 2196) mInsetsHint=Insets{left=0, top=0, right=0, bottom=144}}, target=Window{ac18634 u0 Splash Screen com.example.appajicolorgrupo4}, from=com.android.server.wm.InsetsStateController.onControlTargetChanged:363 com.android.server.wm.InsetsStateController.onBarControlTargetChanged:332 com.android.server.wm.InsetsPolicy.updateBarControlTarget:173 com.android.server.wm.InsetsPolicy.updateSystemBars:843 com.android.server.wm.DisplayPolicy.updateSystemBarsLw:3484 
11-29 11:23:48.205 D/InsetsSourceProvider( 1162): updateControlForTarget: control=InsetsSourceControl: {9d390000 mType=statusBars initiallyVisible mSurfacePosition=Point(0, 0) mInsetsHint=Insets{left=0, top=88, right=0, bottom=0}}, target=Window{ac18634 u0 Splash Screen com.example.appajicolorgrupo4}, from=com.android.server.wm.InsetsStateController.onControlTargetChanged:363 com.android.server.wm.InsetsStateController.onBarControlTargetChanged:329 com.android.server.wm.InsetsPolicy.updateBarControlTarget:173 com.android.server.wm.InsetsPolicy.updateSystemBars:843 com.android.server.wm.DisplayPolicy.updateSystemBarsLw:3484 
11-29 11:23:48.205 D/WindowManager( 1162): updateSystemBarAttributes: displayId=0, win=Window{ac18634 u0 Splash Screen com.example.appajicolorgrupo4}, navColorWin=Window{ac18634 u0 Splash Screen com.example.appajicolorgrupo4}, focusedCanBeNavColorWin=false, behavior=1, appearance=24, statusBarAppearanceRegions=[AppearanceRegion{LIGHT_STATUS_BARS bounds=[0,0][1080,2340]}], requestedVisibilities=-9, from=com.android.server.wm.DisplayPolicy.finishPostLayoutPolicyLw:2339 com.android.server.wm.DisplayContent.applySurfaceChangesTransaction:6181 com.android.server.wm.RootWindowContainer.applySurfaceChangesTransaction:1183 
11-29 11:23:48.205 I/SurfaceFlinger(  880): id=29475 createSurf, flag=84000, 4d2df9c ActivityRecordInputSink com.example.appajicolorgrupo4/.MainActivity#29475
11-29 11:23:48.205 D/SamsungLightBarControlHelper(18822): onStatusBarAppearanceChanged() -  sbModeChanged:false, statusBarMode:0, barState:MODE_TRANSPARENT, isKeyguardShowing:false, navbarColorManagedByIme:false, stackAppearanceChanged:true, (AppearanceRegion{LIGHT_STATUS_BARS bounds=[0,0][1080,2340]}, ), packageName:com.example.appajicolorgrupo4
11-29 11:23:48.205 D/NavigationBar(18822): onSystemBarAttributesChanged() -  displayId:0, appearance:24, packageName: com.example.appajicolorgrupo4 (APPEARANCE_LIGHT_STATUS_BARS APPEARANCE_LIGHT_NAVIGATION_BARS ), navbarColorManagedByIme:false
11-29 11:23:48.205 D/SamsungLightBarControlHelper(18822): updateNavigationBar (BLACK button) isLightOpaque:false, hasLightNavigationBarFlag:true, packageName:com.example.appajicolorgrupo4, DirectReplying:false, NavBarColorMangedByIme:false, ForceDarkForScrim:false, QsCustomizing:false, PanelHasWhiteBg:false
11-29 11:23:48.206 D/SamsungLightBarControlHelper(18822): updateStatusBar (BLACK icon) numStacks:1, StatusBarMode:MODE_TRANSPARENT, lightBarBounds:[Rect(0, 0 - 1080, 2340)], StatusBarState:SHADE, packageName:com.example.appajicolorgrupo4, isWhiteKeyguardStatusBar:false
11-29 11:23:48.206 I/InsetsSourceConsumer(18822): applyRequestedVisibilityToControl: visible=true, type=navigationBars, host=Splash Screen com.example.appajicolorgrupo4
11-29 11:23:48.207 I/InsetsSourceConsumer(18822): applyRequestedVisibilityToControl: visible=true, type=statusBars, host=Splash Screen com.example.appajicolorgrupo4
11-29 11:23:48.208 I/Layer   (  880): Layer [ActivityRecord{195a57a u0 com.example.appajicolorgrupo4/.MainActivity t238}#29465] hidden!! flag(0)
11-29 11:23:48.208 I/Layer   (  880): Layer [ac18634 Splash Screen com.example.appajicolorgrupo4#29466] hidden!! flag(0)
11-29 11:23:48.208 I/Layer   (  880): Layer [Splash Screen com.example.appajicolorgrupo4$_18822#29470] hidden!! flag(0)
11-29 11:23:48.210 I/AppIconSolution(16374): getThemeIconWithBG called with public API, pkg = com.example.appajicolorgrupo4, mode = 48
11-29 11:23:48.210 I/AppIconSolution(16374): return adaptive icon for com.example.appajicolorgrupo4, isNight = true
11-29 11:23:48.210 I/LauncherActivityInfo(16374): packageName: com.example.appajicolorgrupo4, useThemeIcon: false, height: 288, width: 288, density: 640
11-29 11:23:48.226 D/WindowManager( 1162): rotationForOrientation, orientationSource=ActivityRecord{195a57a u0 com.example.appajicolorgrupo4/.MainActivity t238}
11-29 11:23:48.227 D/SGM:PkgDataHelper( 1162): notifyAppCreate(), pkgName: com.example.appajicolorgrupo4, userId: 0, sendRet: true
11-29 11:23:48.227 D/SGM:FgCheckThread( 1162): onLooperPrepared(), msg: MSG_APP_CREATE, pkgName: com.example.appajicolorgrupo4, userId: 0
11-29 11:23:48.227 D/SGM:FgCheckThread( 1162):   sendRunningComponentFocus(), pkgName: com.example.appajicolorgrupo4, userId: 0
11-29 11:23:48.227 D/InputDispatcher( 1162): Focused application(0): ActivityRecord{195a57a u0 com.example.appajicolorgrupo4/.MainActivity t238}
11-29 11:23:48.227 D/SGM:FgCheckThread( 1162):   sendRunningComponentFocus(), pkgName: com.example.appajicolorgrupo4, userId: 0
11-29 11:23:48.227 D/ActivityTaskManager( 1162): scheduleTopResumedActivityChanged, onTop=true, r=ActivityRecord{195a57a u0 com.example.appajicolorgrupo4/.MainActivity t238}, caller=com.android.server.wm.ActivityTaskSupervisor.scheduleTopResumedActivityStateIfNeeded:2904 com.android.server.wm.ActivityTaskSupervisor.updateTopResumedActivityIfNeeded:2896 com.android.server.wm.TaskFragment.setResumedActivity:580 com.android.server.wm.TaskFragment.onActivityStateChanged:904 com.android.server.wm.ActivityRecord.setState:6892 com.android.server.wm.Task.minimalResumeActivityLocked:6255 
11-29 11:23:48.227 D/WindowManagerServiceExt( 1162): notifyOccludeChangeNotice: cn=ComponentInfo{com.example.appajicolorgrupo4/com.example.appajicolorgrupo4.MainActivity} occludesParent=true isInSplitScreenMode=false styleFloating=false caller=com.android.server.wm.ActivityRecord.completeResumeLocked:7556 com.android.server.wm.Task.minimalResumeActivityLocked:6256 com.android.server.wm.ActivityTaskSupervisor.realStartActivityLocked:1187 com.android.server.wm.RootWindowContainer$AttachApplicationHelper.test:4369 com.android.server.wm.RootWindowContainer$AttachApplicationHelper.test:4305 
11-29 11:23:48.228 D/SGM:FgCheckThread( 1162): onLooperPrepared(), msg: MSG_TASK_FOCUSED, pkgName: com.example.appajicolorgrupo4, userId: 0
11-29 11:23:48.229 D/SGM:FgCheckThread( 1162):   handleTaskFocused(), pkgName: com.example.appajicolorgrupo4, userID:0
11-29 11:23:48.229 D/SGM:FgCheckThread( 1162):   handleResume(). pkgName: com.example.appajicolorgrupo4, userId: 0, isTunableApp: null
11-29 11:23:48.229 D/SGM:FgCheckThread( 1162): notifyFocusInOut(). of pkg: com.example.appajicolorgrupo4, type: 4, isTunableApp: false, userId: 0
11-29 11:23:48.229 I/GameSDK@LifeCycle( 1162): noteResumeComponent(): package name  : com.example.appajicolorgrupo4
11-29 11:23:48.229 D/SGM:FgCheckThread( 1162): noteResumeComponent(), received pkgName: com.example.appajicolorgrupo4, userId: 0
11-29 11:23:48.229 D/SGM:FgCheckThread( 1162): onLooperPrepared(), msg: MSG_APP_RESUME, pkgName: com.example.appajicolorgrupo4, userid: 0
11-29 11:23:48.229 D/SGM:FgCheckThread( 1162):   handleResume(). pkgName: com.example.appajicolorgrupo4, userId: 0, isTunableApp: null
11-29 11:23:48.229 D/SGM:FgCheckThread( 1162): notifyFocusInOut(). of pkg: com.example.appajicolorgrupo4, type: 4, isTunableApp: false, userId: 0
11-29 11:23:48.237 W/ziparchive(11283): Unable to open '/data/app/~~x_2jB-iclGs01nnaUsp_Bw==/com.example.appajicolorgrupo4-tNZfgUydU6dqujbzTVnKgQ==/base.dm': No such file or directory
11-29 11:23:48.237 W/ziparchive(11283): Unable to open '/data/app/~~x_2jB-iclGs01nnaUsp_Bw==/com.example.appajicolorgrupo4-tNZfgUydU6dqujbzTVnKgQ==/base.dm': No such file or directory
11-29 11:23:48.239 D/SurfaceFlinger(  880):      CLIENT | 0xb40000786c158890 | 0100 | RGBA_8888    |    0.0  224.0 1080.0 1304.0 |  574  326  756  508 | Splash Screen com.example.appajicolorgrupo4$_18822#29470
11-29 11:23:48.383 D/MdnieScenarioControlService( 1162):  packageName : com.example.appajicolorgrupo4    className : com.example.appajicolorgrupo4.MainActivity
11-29 11:23:48.456 D/nativeloader(11283): Configuring clns-4 for other apk /data/app/~~x_2jB-iclGs01nnaUsp_Bw==/com.example.appajicolorgrupo4-tNZfgUydU6dqujbzTVnKgQ==/base.apk. target_sdk_version=36, uses_libraries=, library_path=/data/app/~~x_2jB-iclGs01nnaUsp_Bw==/com.example.appajicolorgrupo4-tNZfgUydU6dqujbzTVnKgQ==/lib/arm64:/data/app/~~x_2jB-iclGs01nnaUsp_Bw==/com.example.appajicolorgrupo4-tNZfgUydU6dqujbzTVnKgQ==/base.apk!/lib/arm64-v8a, permitted_path=/data:/mnt/expand:/data/user/0/com.example.appajicolorgrupo4
11-29 11:23:48.463 V/GraphicsEnvironment(11283): ANGLE GameManagerService for com.example.appajicolorgrupo4: false
11-29 11:23:48.463 V/GraphicsEnvironment(11283): com.example.appajicolorgrupo4 is not listed in per-application setting
11-29 11:23:48.513 D/vulkan  (11283): searching for layers in '/data/app/~~x_2jB-iclGs01nnaUsp_Bw==/com.example.appajicolorgrupo4-tNZfgUydU6dqujbzTVnKgQ==/lib/arm64'
11-29 11:23:48.513 D/vulkan  (11283): searching for layers in '/data/app/~~x_2jB-iclGs01nnaUsp_Bw==/com.example.appajicolorgrupo4-tNZfgUydU6dqujbzTVnKgQ==/base.apk!/lib/arm64-v8a'
11-29 11:23:48.561 I/SurfaceFlinger(  880): id=29486 createSurf, flag=84004, 3bf885c com.example.appajicolorgrupo4/com.example.appajicolorgrupo4.MainActivity#29486
